__extmap:I
__hash:u
__meta:ma
_hash:xb
_meta:Ya
_next:lb
_rest:Oc
_seq:Jb
active_:yb
actualEventTarget_:Xd
afn:B
afterRender:kc
ajax$protocols$AjaxImpl$_js_ajax_request$arity$3:Pc
ajax$protocols$AjaxResponse$_body$arity$1:Qc
ajax$protocols$AjaxResponse$_get_response_header$arity$2:Rc
ajax$protocols$AjaxResponse$_status$arity$1:Sc
ajax$protocols$AjaxResponse$_status_text$arity$1:Tc
ajax$protocols$AjaxResponse$_was_aborted$arity$1:Uc
ajax$protocols$Interceptor$_process_request$arity$2:Kb
ajax$protocols$Interceptor$_process_response$arity$2:Lb
args:Mb
arr:j
auto_run:Za
base_count:td
beforeFlush:lc
bitmap:ba
buf:Vc
buffer_:mb
cachedOptions_:ud
cached_hierarchy:mc
callOnce:nc
captured:Wc
caught:Xc
cb:vd
chunk:M
chunk_next:oc
ci:pc
cljs$core$APersistentVector$:Yc
cljs$core$Fn$:Yd
cljs$core$IAssociative$:Zd
cljs$core$IAssociative$_assoc$arity$3:ya
cljs$core$IAssociative$_contains_key_QMARK_$arity$2:Sa
cljs$core$IChunk$_drop_first$arity$1:Zc
cljs$core$IChunkedNext$_chunked_next$arity$1:qc
cljs$core$IChunkedSeq$:Le
cljs$core$IChunkedSeq$_chunked_first$arity$1:Nb
cljs$core$IChunkedSeq$_chunked_rest$arity$1:gb
cljs$core$ICollection$:Me
cljs$core$ICollection$_conj$arity$2:$
cljs$core$ICounted$:wd
cljs$core$ICounted$_count$arity$1:X
cljs$core$IDeref$:xd
cljs$core$IDeref$_deref$arity$1:Ea
cljs$core$IDrop$:Ne
cljs$core$IDrop$_drop$arity$2:ab
cljs$core$IEditableCollection$:$d
cljs$core$IEditableCollection$_as_transient$arity$1:zb
cljs$core$IEmptyableCollection$:ae
cljs$core$IEmptyableCollection$_empty$arity$1:da
cljs$core$IEncodeClojure$:Oe
cljs$core$IEncodeClojure$_js__GT_clj$arity$2:be
cljs$core$IEncodeJS$:ce
cljs$core$IEncodeJS$_clj__GT_js$arity$1:de
cljs$core$IEquiv$_equiv$arity$2:C
cljs$core$IFind$_find$arity$2:Ab
cljs$core$IFn$:Pe
cljs$core$IFn$_invoke$arity$0:v
cljs$core$IFn$_invoke$arity$1:g
cljs$core$IFn$_invoke$arity$10:Fa
cljs$core$IFn$_invoke$arity$11:Ga
cljs$core$IFn$_invoke$arity$12:Ha
cljs$core$IFn$_invoke$arity$13:Ia
cljs$core$IFn$_invoke$arity$14:Ja
cljs$core$IFn$_invoke$arity$15:Ka
cljs$core$IFn$_invoke$arity$16:La
cljs$core$IFn$_invoke$arity$17:Ma
cljs$core$IFn$_invoke$arity$18:Na
cljs$core$IFn$_invoke$arity$19:Oa
cljs$core$IFn$_invoke$arity$2:h
cljs$core$IFn$_invoke$arity$20:Pa
cljs$core$IFn$_invoke$arity$21:Ob
cljs$core$IFn$_invoke$arity$3:i
cljs$core$IFn$_invoke$arity$4:A
cljs$core$IFn$_invoke$arity$5:N
cljs$core$IFn$_invoke$arity$6:sa
cljs$core$IFn$_invoke$arity$7:Qa
cljs$core$IFn$_invoke$arity$8:Ca
cljs$core$IFn$_invoke$arity$9:Ra
cljs$core$IFn$_invoke$arity$variadic:l
cljs$core$IHash$:ee
cljs$core$IHash$_hash$arity$1:P
cljs$core$IIndexed$:yd
cljs$core$IIndexed$_nth$arity$2:T
cljs$core$IIndexed$_nth$arity$3:za
cljs$core$IIterable$:Qe
cljs$core$IIterable$_iterator$arity$1:ta
cljs$core$IKVReduce$:fe
cljs$core$IKVReduce$_kv_reduce$arity$3:bb
cljs$core$IList$:Re
cljs$core$ILookup$:ge
cljs$core$ILookup$_lookup$arity$2:pa
cljs$core$ILookup$_lookup$arity$3:S
cljs$core$IMap$:he
cljs$core$IMap$_dissoc$arity$2:nb
cljs$core$IMapEntry$:Se
cljs$core$IMapEntry$_key$arity$1:ie
cljs$core$IMapEntry$_val$arity$1:je
cljs$core$IMeta$:ke
cljs$core$IMeta$_meta$arity$1:W
cljs$core$INamed$:zd
cljs$core$INamed$_name$arity$1:Pb
cljs$core$INamed$_namespace$arity$1:Qb
cljs$core$INext$:Rb
cljs$core$INext$_next$arity$1:ia
cljs$core$IPrintWithWriter$:ea
cljs$core$IPrintWithWriter$_pr_writer$arity$3:R
cljs$core$IRecord$:Te
cljs$core$IReduce$:le
cljs$core$IReduce$_reduce$arity$2:na
cljs$core$IReduce$_reduce$arity$3:oa
cljs$core$IReset$_reset_BANG_$arity$2:Aa
cljs$core$IReversible$:Ue
cljs$core$IReversible$_rseq$arity$1:Sb
cljs$core$ISeq$:Bb
cljs$core$ISeq$_first$arity$1:ja
cljs$core$ISeq$_rest$arity$1:ka
cljs$core$ISeqable$:me
cljs$core$ISeqable$_seq$arity$1:V
cljs$core$ISequential$:$c
cljs$core$ISet$:ne
cljs$core$ISet$_disjoin$arity$2:Ad
cljs$core$IStack$_peek$arity$1:ob
cljs$core$IStack$_pop$arity$1:pb
cljs$core$ISwap$_swap_BANG_$arity$2:rc
cljs$core$ISwap$_swap_BANG_$arity$3:sc
cljs$core$ISwap$_swap_BANG_$arity$4:tc
cljs$core$ISwap$_swap_BANG_$arity$5:uc
cljs$core$ITransientAssociative$_assoc_BANG_$arity$3:Cb
cljs$core$ITransientCollection$_conj_BANG_$arity$2:Db
cljs$core$ITransientCollection$_persistent_BANG_$arity$1:Tb
cljs$core$IVector$:Ve
cljs$core$IVector$_assoc_n$arity$3:qb
cljs$core$IWatchable$_add_watch$arity$3:Ub
cljs$core$IWatchable$_notify_watches$arity$3:vc
cljs$core$IWatchable$_remove_watch$arity$2:Vb
cljs$core$IWithMeta$_with_meta$arity$2:Y
cljs$core$IWriter$_write$arity$2:Bd
cljs$lang$applyTo:F
cljs$lang$ctorPrWriter:oe
cljs$lang$ctorStr:wc
cljs$lang$maxFixedArity:G
cljs$lang$protocol_mask$partition$:ad
cljs$lang$protocol_mask$partition0$:m
cljs$lang$protocol_mask$partition1$:H
cljs$lang$type:Cd
cljsDOMValue:xc
cljsInputDirty:Dd
cljsInputLive:bd
cljsLegacyRender:pe
cljsMountOrder:cd
cljsRenderedValue:qe
cljsState:re
clojure$data$Diff$diff_similar$arity$2:se
clojure$data$EqualityPartition$equality_partition$arity$1:te
cnt:o
collision_hash:cb
com$cognitect$transit$equals:Wb
com$cognitect$transit$hashCode:dd
componentQueue:yc
content_type:$a
custom:ue
default_dispatch_val:ve
dirty_QMARK_:hb
dispatch_fn:D
disposed_:ed
edit:aa
editable_QMARK_:Eb
ensure_editable:rb
equiv:ca
errorDispatched_:fd
eventTargetListeners_:sb
event_:Xb
ext_map_iter:Ed
fields:we
fn:Yb
fn_to_element:Fd
fqn:xa
front:Ba
fseq:Fb
fsm_state:zc
getListener:gd
getNextTickImpl_:xe
handler:Ac
hasNext:ga
has_nil_QMARK_:ua
hash_map:eb
hierarchy:Bc
high_:Z
i:s
ieProgId_:Gd
inAbort_:Zb
inOpen_:hd
inSend_:Cc
inode_assoc:Ta
inode_assoc_BANG_:Ua
inode_find:$b
inode_lookup:ib
inode_seq:ac
inode_without:bc
inputEl:jd
iter:Gb
kv_reduce:cc
lastErrorCode_:Hb
lastError_:tb
lastMethod_:Hd
lastUri_:Dc
len:ub
low_:fa
meta6555:ye
meta8517:ze
method_cache:Ec
method_table:Fc
more:Va
mseq:U
nextTickImpl:Id
next_entry:dc
next_iter:Wa
nil_val:va
nocache_QMARK_:Jd
nodes:Xa
ns:Ib
off:qa
onProgressHandler_:Kd
onReadyStateChangeEntryPoint_:Ae
onReadyStateChange_:Ld
on_dispose:Md
on_dispose_arr:Nd
on_set:Be
opts:Ce
parentEventTarget_:Od
parse_fn:Gc
post_event_callback_fns:De
prefer_table:Ee
progressEventsEnabled_:Pd
propagationStopped_:ec
ratom:ha
reaction:fc
reagReactionCache:kd
reagent$impl$protocols$Compiler$as_element$arity$2:Qd
reagent$impl$protocols$Compiler$get_id$arity$1:Fe
reagent$impl$protocols$Compiler$make_element$arity$5:Rd
reagent$impl$protocols$Compiler$parse_tag$arity$3:Sd
reagent$ratom$IDisposable$add_on_dispose_BANG_$arity$2:Td
reagent$ratom$IDisposable$dispose_BANG_$arity$1:ld
reagent$ratom$IReactiveAtom$:Hc
reagentInput:Ge
reagentRefFn:Ud
reagentRender:jb
rear:Da
record:He
removed:hc
responseType_:Ic
rest:fb
riter:ic
root_iter:Vd
s:O
sb:Ie
scheduled_QMARK_:Jc
seen:md
str:kb
superClass_:nd
timeoutId_:Kc
timeoutInterval_:jc
timeout_:Wd
transient_map:vb
trustToken_:od
typeCount_:Lc
useSetImmediate_:Je
useXhr2Timeout_:pd
v:la
val:J
validator:qd
vec:wa
watches:ra
watchesArr:rd
watching:wb
withCredentials_:sd
wrapCallback_:Ke
xhrOptions_:Mc
xhr_:K
xmlHttpFactory_:Nc
