JSCompiler_StaticMethods_assoc_BANG_:ph
JSCompiler_StaticMethods_cleanUpTimeoutTimer_:Tx
JSCompiler_StaticMethods_cleanUpXhr_:Wx
JSCompiler_StaticMethods_cljs$core$IMultiFn$_add_method$arity$3:Gi
JSCompiler_StaticMethods_cljs$core$IMultiFn$_get_method$arity$2:Fi
JSCompiler_StaticMethods_cljs$core$ITransientVector$_assoc_n_BANG_$arity$3:pg
JSCompiler_StaticMethods_createInstance:Nx
JSCompiler_StaticMethods_dispatchErrors_:Vx
JSCompiler_StaticMethods_div:xa
JSCompiler_StaticMethods_equals:za
JSCompiler_StaticMethods_error_:Sx
JSCompiler_StaticMethods_fireListeners:Fx
JSCompiler_StaticMethods_forceChunk:Ih
JSCompiler_StaticMethods_getOptions:Jx
JSCompiler_StaticMethods_getProgId_:Kx
JSCompiler_StaticMethods_getReadyState:Yx
JSCompiler_StaticMethods_isZero:ya
JSCompiler_StaticMethods_markAsRemoved:iv
JSCompiler_StaticMethods_negate:sa
JSCompiler_StaticMethods_onReadyStateChangeHelper_:Xx
JSCompiler_StaticMethods_re_frame$router$IEventQueue$_call_post_event_callbacks$arity$2:hw
JSCompiler_StaticMethods_re_frame$router$IEventQueue$_fsm_trigger$arity$3:dw
JSCompiler_StaticMethods_re_frame$router$IEventQueue$_pause$arity$2:gw
JSCompiler_StaticMethods_re_frame$router$IEventQueue$_process_1st_event_in_queue$arity$1:ew
JSCompiler_StaticMethods_re_frame$router$IEventQueue$_run_next_tick$arity$1:fw
JSCompiler_StaticMethods_re_frame$router$IEventQueue$_run_queue$arity$1:cw
JSCompiler_StaticMethods_removeByKey:lv
JSCompiler_StaticMethods_sval:ve
JSCompiler_StaticMethods_toNumber:va
JSCompiler_prototypeAlias:g
JSCompiler_temp$jscomp$327:JD
JSCompiler_temp$jscomp$328:DD
L 0:a
L 1:b
L 10:r
L 11:t
L 12:u
L 13:x
L 14:A
L 15:G
L 16:H
L 17:P
L 18:U
L 19:ba
L 2:c
L 20:wa
L 21:La
L 22:Rb
L 23:Nj
L 24:Oj
L 25:Tm
L 26:Qm
L 27:Nh
L 28:sf
L 29:Hd
L 3:d
L 30:Rm
L 31:Fg
L 32:Pj
L 33:Gg
L 34:Sm
L 35:Qy
L 36:PA
L 37:QA
L 38:RA
L 39:SA
L 4:e
L 40:TA
L 41:UA
L 42:VA
L 43:HA
L 5:f
L 6:h
L 7:k
L 8:p
L 9:q
ajax$formats$accept_header:Dx
ajax$formats$detect_content_type:Ax
ajax$formats$detect_response_format:vx
ajax$formats$detect_response_format_read:Cx
ajax$formats$get_accept_entries:zx
ajax$formats$get_default_format:Bx
ajax$formats$get_format:yx
ajax$interceptors$ApplyRequestFormat:px
ajax$interceptors$DirectSubmission:sx
ajax$interceptors$ProcessUrlParameters:rx
ajax$interceptors$ResponseFormat:nx
ajax$interceptors$content_type_to_request_header:mx
ajax$interceptors$fail:lx
ajax$interceptors$get_response_format:ux
ajax$interceptors$map__GT_ResponseFormat:ox
ajax$interceptors$request_interceptors:tx
ajax$interceptors$uri_with_params:qx
ajax$json$json_request_format:xx
ajax$json$json_response_format:wx
ajax$protocols$_body:Nw
ajax$protocols$_get_response_header:Ow
ajax$protocols$_js_ajax_request:Kw
ajax$protocols$_process_request:Qw
ajax$protocols$_process_response:Rw
ajax$protocols$_status:Lw
ajax$protocols$_status_text:Mw
ajax$protocols$_was_aborted:Pw
ajax$simple$default_interceptors:cy
ajax$simple$make_js_handler:by
ajax$simple$normalize_method:$x
ajax$simple$normalize_request:dy
ajax$simple$process_request:ey
ajax$simple$process_response:ay
ajax$simple$raw_ajax_request:fy
ajax$url$key_encode:Vw
ajax$url$key_value_pair_to_str:Xw
ajax$url$param_to_key_value_pairs:$w
ajax$url$to_vec_key_transform:Zw
ajax$url$value_encode:Ww
ajax$url$vec_key_transform_fn:Yw
ajax$util$get_content_type:Tw
ajax$util$successful_response_codes_set:Uw
ajax$util$throw_error:Sw
ajax$xml_http_request$xmlhttprequest:jy
cached_hierarchy__5602__auto__$jscomp$inline_1873:BD
cached_hierarchy__5602__auto__$jscomp$inline_2000:MD
cljs$core$ArrayChunk:xe
cljs$core$ArrayNode:Zg
cljs$core$ArrayNodeIterator:ch
cljs$core$ArrayNodeSeq:jh
cljs$core$Atom:jf
cljs$core$BitmapIndexedNode:Vg
cljs$core$BitmapIndexedNode$EMPTY:Yg
cljs$core$Box:Pg
cljs$core$ChunkBuffer:we
cljs$core$ChunkedCons:ze
cljs$core$ChunkedSeq:ig
cljs$core$Cons:oe
cljs$core$ES6EntriesIterator:yg
cljs$core$ES6Iterator:Vc
cljs$core$ES6IteratorSeq:Xc
cljs$core$ES6SetEntriesIterator:zg
cljs$core$EmptyList:me
cljs$core$ExceptionInfo:Ii
cljs$core$Fn:gb
cljs$core$HashCollisionNode:gh
cljs$core$HashMapIter:lh
cljs$core$HashSetIter:xh
cljs$core$IAssociative:zb
cljs$core$ICollection:mb
cljs$core$IComparable:Ti
cljs$core$ICounted:ib
cljs$core$IDeref:Nb
cljs$core$IEmptyableCollection:kb
cljs$core$IEncodeClojure:ni
cljs$core$IEncodeJS:ii
cljs$core$IFn:hb
cljs$core$IIndexed:ob
cljs$core$IIndexed$_nth$dyn_7805:qb
cljs$core$IIterable:xc
cljs$core$IKVReduce:Vb
cljs$core$IList:bc
cljs$core$ILookup:wb
cljs$core$ILookup$_lookup$dyn_7814:yb
cljs$core$IMap:Db
cljs$core$IMeta:Ob
cljs$core$INIT:We
cljs$core$INext:ub
cljs$core$IPrintWithWriter:gc
cljs$core$IRecord:cc
cljs$core$IReduce:Sb
cljs$core$IReduce$_reduce$dyn_7863:Ub
cljs$core$IReversible:dc
cljs$core$ISeq:rb
cljs$core$ISeqable:Zb
cljs$core$ISequential:ac
cljs$core$ISet:Hb
cljs$core$ISwap$_swap_BANG_$dyn_7950:wc
cljs$core$ITER_SYMBOL:bb
cljs$core$IVector:Lb
cljs$core$IndexedSeq:F
cljs$core$IndexedSeqIterator:od
cljs$core$IntegerRange:Gh
cljs$core$IntegerRangeChunk:Eh
cljs$core$KeySeq:rh
cljs$core$Keyword:D
cljs$core$LazySeq:ue
cljs$core$List:yd
cljs$core$List$EMPTY:Uc
cljs$core$MapEntry:Xf
cljs$core$MetaFn:Ed
cljs$core$MultiFn:Di
cljs$core$NeverEquiv:ug
cljs$core$NodeIterator:Ug
cljs$core$NodeSeq:hh
cljs$core$PROTOCOL_SENTINEL:m
cljs$core$PersistentArrayMap:n
cljs$core$PersistentArrayMap$EMPTY:V
cljs$core$PersistentArrayMap$HASHMAP_THRESHOLD:Ig
cljs$core$PersistentArrayMap$createAsIfByAssoc:Bd
cljs$core$PersistentArrayMap$createAsIfByAssocComplexPath:Ng
cljs$core$PersistentArrayMapIterator:Cg
cljs$core$PersistentArrayMapSeq:Bg
cljs$core$PersistentHashMap:mh
cljs$core$PersistentHashMap$EMPTY:Jg
cljs$core$PersistentHashMap$fromArrays:oh
cljs$core$PersistentHashSet:yh
cljs$core$PersistentHashSet$EMPTY:Ah
cljs$core$PersistentQueue:sg
cljs$core$PersistentQueue$EMPTY:tg
cljs$core$PersistentQueueIter:qg
cljs$core$PersistentQueueSeq:rg
cljs$core$PersistentVector:W
cljs$core$PersistentVector$EMPTY:xd
cljs$core$PersistentVector$EMPTY_NODE:X
cljs$core$PersistentVector$fromArray:cg
cljs$core$RSeq:pd
cljs$core$Range:Hh
cljs$core$RangeIterator:Fh
cljs$core$RangedIterator:Tf
cljs$core$RecordIter:xg
cljs$core$Reduced:cd
cljs$core$Repeat:tf
cljs$core$START:Xe
cljs$core$SeqIter:Ye
cljs$core$StringBufferWriter:Ac
cljs$core$Subvec:kg
cljs$core$Symbol:Nc
cljs$core$TransientArrayMap:Hg
cljs$core$TransientHashMap:nh
cljs$core$TransientHashSet:zh
cljs$core$TransientVector:Yf
cljs$core$UUID:Hi
cljs$core$ValSeq:sh
cljs$core$VectorNode:If
cljs$core$_EQ_:K
cljs$core$_PLUS_:fe
cljs$core$_STAR_print_level_STAR_:Qa
cljs$core$__destructure_map:Te
cljs$core$_add_watch:ic
cljs$core$_as_transient:lc
cljs$core$_assoc:Bb
cljs$core$_assoc_BANG_:oc
cljs$core$_assoc_n:Mb
cljs$core$_chunked_first:qc
cljs$core$_chunked_rest:rc
cljs$core$_clj__GT_js:ji
cljs$core$_compare:Ui
cljs$core$_conj:nb
cljs$core$_conj_BANG_:mc
cljs$core$_contains_key_QMARK_:Ab
cljs$core$_count:jb
cljs$core$_deref:B
cljs$core$_disjoin:Ib
cljs$core$_dissoc:Eb
cljs$core$_drop:zc
cljs$core$_drop_first:pc
cljs$core$_empty:lb
cljs$core$_equiv:Xb
cljs$core$_find:Cb
cljs$core$_first:sb
cljs$core$_global_hierarchy:ri
cljs$core$_hash:Yb
cljs$core$_indexOf$cljs$0core$0IFn$0_invoke$0arity$03:M
cljs$core$_iterator:yc
cljs$core$_js__GT_clj:oi
cljs$core$_key:Fb
cljs$core$_kv_reduce:Wb
cljs$core$_lastIndexOf$cljs$0core$0IFn$0_invoke$0arity$03:O
cljs$core$_lookup:xb
cljs$core$_meta:Pb
cljs$core$_name:sc
cljs$core$_namespace:tc
cljs$core$_next:vb
cljs$core$_nth:pb
cljs$core$_peek:Jb
cljs$core$_persistent_BANG_:nc
cljs$core$_pop:Kb
cljs$core$_pr_writer:hc
cljs$core$_reduce:Tb
cljs$core$_remove_watch:kc
cljs$core$_reset_BANG_:uc
cljs$core$_rest:tb
cljs$core$_rseq:ec
cljs$core$_seq:$b
cljs$core$_swap_BANG_:vc
cljs$core$_val:Gb
cljs$core$_with_meta:Qb
cljs$core$_write:fc
cljs$core$aclone:cb
cljs$core$apply:Fd
cljs$core$apply$cljs$0core$0IFn$0_invoke$0arity$02:Oe
cljs$core$apply$cljs$0core$0IFn$0_invoke$0arity$03:Pe
cljs$core$apply$cljs$0core$0IFn$0_invoke$0arity$04:Qe
cljs$core$apply$cljs$0core$0IFn$0_invoke$0arity$05:Re
cljs$core$apply$cljs$0core$0IFn$0_invoke$0arity$0variadic:Se
cljs$core$apply_to:Ie
cljs$core$apply_to_simple$cljs$0core$0IFn$0_invoke$0arity$03:Ke
cljs$core$apply_to_simple$cljs$0core$0IFn$0_invoke$0arity$04:Le
cljs$core$apply_to_simple$cljs$0core$0IFn$0_invoke$0arity$05:Me
cljs$core$apply_to_simple$cljs$0core$0IFn$0_invoke$0arity$06:Ne
cljs$core$array_QMARK_:Ya
cljs$core$array__GT_transient_hash_map:Og
cljs$core$array_copy:Td
cljs$core$array_for:Qf
cljs$core$array_index_of:Ag
cljs$core$array_map:qh
cljs$core$array_reduce$cljs$0core$0IFn$0_invoke$0arity$02:hd
cljs$core$array_reduce$cljs$0core$0IFn$0_invoke$0arity$03:id
cljs$core$array_reduce$cljs$0core$0IFn$0_invoke$0arity$04:jd
cljs$core$assoc:T
cljs$core$assoc_BANG_$cljs$0core$0IFn$0_invoke$0arity$03:He
cljs$core$assoc_in:Ff
cljs$core$atom$cljs$0core$0IFn$0_invoke$0arity$01:kf
cljs$core$bit_count:ke
cljs$core$boolean$0:Wd
cljs$core$bounded_count:Ee
cljs$core$build_subvec:lg
cljs$core$butlast:Ch
cljs$core$char$0:he
cljs$core$char_escapes:Uh
cljs$core$chunk:Ce
cljs$core$chunk_append:Be
cljs$core$chunk_buffer:ye
cljs$core$chunk_cons:Ae
cljs$core$chunked_seq:bg
cljs$core$chunked_seq$cljs$0core$0IFn$0_invoke$0arity$04:ag
cljs$core$chunked_seq$cljs$0core$0IFn$0_invoke$0arity$05:jg
cljs$core$chunked_seq_QMARK_:Sd
cljs$core$ci_reduce$cljs$0core$0IFn$0_invoke$0arity$02:fd
cljs$core$ci_reduce$cljs$0core$0IFn$0_invoke$0arity$03:gd
cljs$core$clj__GT_js:li
cljs$core$clone_and_set$cljs$0core$0IFn$0_invoke$0arity$03:Qg
cljs$core$coll_QMARK_:Md
cljs$core$compare:Wi
cljs$core$compare_indexed$cljs$0core$0IFn$0_invoke$0arity$02:Xi
cljs$core$compare_keywords:$i
cljs$core$compare_symbols:Vi
cljs$core$complement:bf
cljs$core$concat:Ge
cljs$core$conj:wd
cljs$core$cons:Q
cljs$core$contains_QMARK_:Zd
cljs$core$count:N
cljs$core$counted_QMARK_:kd
cljs$core$create_array_node_seq:eh
cljs$core$create_array_node_seq$cljs$0core$0IFn$0_invoke$0arity$01:dh
cljs$core$create_array_node_seq$cljs$0core$0IFn$0_invoke$0arity$03:kh
cljs$core$create_inode_seq:Xg
cljs$core$create_inode_seq$cljs$0core$0IFn$0_invoke$0arity$01:Wg
cljs$core$create_inode_seq$cljs$0core$0IFn$0_invoke$0arity$03:ih
cljs$core$create_node:ah
cljs$core$create_node$cljs$0core$0IFn$0_invoke$0arity$06:bh
cljs$core$create_node$cljs$0core$0IFn$0_invoke$0arity$07:$g
cljs$core$deref:ed
cljs$core$disj:Kd
cljs$core$dissoc:Cd
cljs$core$do_assoc:Rf
cljs$core$doall$cljs$0core$0IFn$0_invoke$0arity$01:Oh
cljs$core$dominates:Ai
cljs$core$drop$cljs$0core$0IFn$0_invoke$0arity$02:pf
cljs$core$drop_last$cljs$0core$0IFn$0_invoke$0arity$02:qf
cljs$core$edit_and_set$cljs$0core$0IFn$0_invoke$0arity$04:Sg
cljs$core$empty:zd
cljs$core$empty_QMARK_:Ld
cljs$core$empty_ordered_hash:Zc
cljs$core$empty_unordered_hash:ad
cljs$core$equiv_map:wg
cljs$core$equiv_sequential:qd
cljs$core$es6_iterator:Wc
cljs$core$es6_iterator_seq:Sc
cljs$core$even_QMARK_:af
cljs$core$every_QMARK_:Ze
cljs$core$ex_info$cljs$0core$0IFn$0_invoke$0arity$02:Ji
cljs$core$filter$cljs$0core$0IFn$0_invoke$0arity$02:xf
cljs$core$find_and_cache_best_method:Bi
cljs$core$first:I
cljs$core$flatten:Af
cljs$core$fn_QMARK_:Dd
cljs$core$fn__GT_comparator:Si
cljs$core$fnil$cljs$0core$0IFn$0_invoke$0arity$02:df
cljs$core$frequencies:Lh
cljs$core$gensym$cljs$0core$0IFn$0_invoke$0arity$01:hi
cljs$core$gensym_counter:gi
cljs$core$get:Oc
cljs$core$get$cljs$0core$0IFn$0_invoke$0arity$02:C
cljs$core$get$cljs$0core$0IFn$0_invoke$0arity$03:Pc
cljs$core$get_global_hierarchy:si
cljs$core$get_in$cljs$0core$0IFn$0_invoke$0arity$02:Df
cljs$core$get_in$cljs$0core$0IFn$0_invoke$0arity$03:Ef
cljs$core$hash:Kc
cljs$core$hash_collision_node_find_index:fh
cljs$core$hash_combine:Lc
cljs$core$hash_ordered_coll:Yc
cljs$core$hash_string:Jc
cljs$core$hash_unordered_coll:$c
cljs$core$identity:de
cljs$core$ifn_QMARK_:Xd
cljs$core$imul:Cc
cljs$core$inc:bd
cljs$core$indexed_QMARK_:ld
cljs$core$inode_kv_reduce:Tg
cljs$core$instance_QMARK_:Mc
cljs$core$int$0:ie
cljs$core$integer_QMARK_:Yd
cljs$core$interleave:vf
cljs$core$into:ef
cljs$core$into_array$cljs$0core$0IFn$0_invoke$0arity$02:db
cljs$core$isa_QMARK_$cljs$0core$0IFn$0_invoke$0arity$03:wi
cljs$core$iter_reduce$cljs$0core$0IFn$0_invoke$0arity$02:$d
cljs$core$iter_reduce$cljs$0core$0IFn$0_invoke$0arity$03:ae
cljs$core$iterable_QMARK_:Rc
cljs$core$js__GT_clj$cljs$0core$0IFn$0_invoke$0arity$0variadic:pi
cljs$core$juxt$cljs$0core$0IFn$0_invoke$0arity$02:Mh
cljs$core$keep$cljs$0core$0IFn$0_invoke$0arity$02:hf
cljs$core$key:fg
cljs$core$key__GT_js$cljs$0core$0IFn$0_invoke$0arity$02:ki
cljs$core$key_test:Kg
cljs$core$keys:Dg
cljs$core$keyword:se
cljs$core$keyword_identical_QMARK_:pe
cljs$core$last:vd
cljs$core$lift_ns:di
cljs$core$linear_traversal_nth$cljs$0core$0IFn$0_invoke$0arity$03:Ad
cljs$core$list:ne
cljs$core$list_QMARK_:le
cljs$core$lookup_sentinel:Ud
cljs$core$m3_fmix:Fc
cljs$core$m3_hash_unencoded_chars:Gc
cljs$core$m3_mix_H1:Ec
cljs$core$m3_mix_K1:Dc
cljs$core$map:nf
cljs$core$map_QMARK_:Pd
cljs$core$map_entry_QMARK_:eg
cljs$core$map_indexed$cljs$0core$0IFn$0_invoke$0arity$02:gf
cljs$core$mapcat$cljs$0core$0IFn$0_invoke$0arity$0variadic:wf
cljs$core$mapv$cljs$0core$0IFn$0_invoke$0arity$02:Bf
cljs$core$max:ge
cljs$core$max_key:Dh
cljs$core$merge:th
cljs$core$meta:Id
cljs$core$missing_protocol:y
cljs$core$name:te
cljs$core$namespace:qe
cljs$core$native_satisfies_QMARK_:w
cljs$core$never_equiv:vg
cljs$core$new_path:Mf
cljs$core$next:J
cljs$core$next_STAR_:Je
cljs$core$nil_QMARK_:Xa
cljs$core$not:Za
cljs$core$not_empty:Ue
cljs$core$nth:nd
cljs$core$nth$cljs$0core$0IFn$0_invoke$0arity$02:md
cljs$core$nth$cljs$0core$0IFn$0_invoke$0arity$03:S
cljs$core$pam_grow_seed_array:Mg
cljs$core$pam_new_size:Lg
cljs$core$parents$cljs$0core$0IFn$0_invoke$0arity$01:xi
cljs$core$partial:cf
cljs$core$partition$cljs$0core$0IFn$0_invoke$0arity$03:Cf
cljs$core$peek:Jd
cljs$core$pop_tail:Sf
cljs$core$pr_opts:Ra
cljs$core$pr_sequential_writer:Rh
cljs$core$pr_str_STAR_:Bc
cljs$core$pr_str_with_opts:bi
cljs$core$pr_writer:Yh
cljs$core$pr_writer_impl:Xh
cljs$core$prefers_STAR_:zi
cljs$core$prim_seq$cljs$0core$0IFn$0_invoke$0arity$02:R
cljs$core$print_map:Zh
cljs$core$print_meta_QMARK_:Wh
cljs$core$print_prefix_map:ei
cljs$core$push_tail:Nf
cljs$core$pv_clone_node:Kf
cljs$core$pv_fresh_node:Jf
cljs$core$pv_reduce$cljs$0core$0IFn$0_invoke$0arity$04:Vf
cljs$core$pv_reduce$cljs$0core$0IFn$0_invoke$0arity$05:Wf
cljs$core$qualified_keyword_QMARK_:re
cljs$core$quot:je
cljs$core$quote_string:Vh
cljs$core$range$cljs$0core$0IFn$0_invoke$0arity$03:Jh
cljs$core$ranged_iterator:Uf
cljs$core$re_find:Qh
cljs$core$re_matches:Ph
cljs$core$record_QMARK_:Qd
cljs$core$reduce:fb
cljs$core$reduce$cljs$0core$0IFn$0_invoke$0arity$02:be
cljs$core$reduce$cljs$0core$0IFn$0_invoke$0arity$03:eb
cljs$core$reduce_kv:ce
cljs$core$reduced_QMARK_:dd
cljs$core$remove$cljs$0core$0IFn$0_invoke$0arity$02:yf
cljs$core$remove_pair:Rg
cljs$core$repeat$cljs$0core$0IFn$0_invoke$0arity$02:uf
cljs$core$reset_BANG_:lf
cljs$core$reset_cache:yi
cljs$core$rest:Tc
cljs$core$second:ud
cljs$core$select_keys:uh
cljs$core$seq:E
cljs$core$seq_QMARK_:Vd
cljs$core$seq_reduce:sd
cljs$core$seq_reduce$cljs$0core$0IFn$0_invoke$0arity$02:rd
cljs$core$seq_reduce$cljs$0core$0IFn$0_invoke$0arity$03:td
cljs$core$sequential_QMARK_:Od
cljs$core$set:Bh
cljs$core$set_QMARK_:Nd
cljs$core$some:$e
cljs$core$sort$cljs$0core$0IFn$0_invoke$0arity$02:Zi
cljs$core$sort_by$cljs$0core$0IFn$0_invoke$0arity$02:ej
cljs$core$sort_by$cljs$0core$0IFn$0_invoke$0arity$03:jj
cljs$core$spread:Fe
cljs$core$str:z
cljs$core$string_hash_cache:Hc
cljs$core$string_hash_cache_count:Ic
cljs$core$strip_ns:ci
cljs$core$subvec:mg
cljs$core$swap_BANG_:mf
cljs$core$symbol:Qc
cljs$core$t_cljs$0core6554:Ve
cljs$core$tail_off:Lf
cljs$core$take$cljs$0core$0IFn$0_invoke$0arity$02:of
cljs$core$take_last:rf
cljs$core$take_nth$cljs$0core$0IFn$0_invoke$0arity$02:Kh
cljs$core$throw_no_method_error:Ci
cljs$core$to_array:De
cljs$core$transduce$cljs$0core$0IFn$0_invoke$0arity$04:ee
cljs$core$tree_seq:zf
cljs$core$truth_:v
cljs$core$tv_editable_root:Zf
cljs$core$tv_editable_tail:$f
cljs$core$tv_ensure_editable:ng
cljs$core$tv_push_tail:og
cljs$core$type:$a
cljs$core$type__GT_str:ab
cljs$core$unchecked_array_for:Pf
cljs$core$update:Hf
cljs$core$update_in:Gf
cljs$core$val:gg
cljs$core$vals:Eg
cljs$core$vec:dg
cljs$core$vector:hg
cljs$core$vector_QMARK_:Rd
cljs$core$vector_index_out_of_bounds:Of
cljs$core$with_meta:Gd
cljs$core$write_all$cljs$0core$0IFn$0_invoke$0arity$0variadic:Th
cljs$cst$0$flush_on_newline:Sa
cljs$cst$1$readably:Ta
cljs$cst$1000$delete:zr
cljs$cst$1001$upload_files_SLASH_file_deleted:bp
cljs$cst$1002$upload_files_SLASH_delete_failed:Kq
cljs$cst$1003$upload_files_SLASH_text_file_created:En
cljs$cst$1004$upload_files_SLASH_text_file_failed:Ur
cljs$cst$1005$show_text_creator_QMARK_:Pq
cljs$cst$1006$loading_dates_QMARK_:Cp
cljs$cst$1007$transcripts_SLASH_dates_loaded:zs
cljs$cst$1008$transcripts_SLASH_dates_load_failed:Tp
cljs$cst$1009$available_dates:oq
cljs$cst$1010$loading_transcript_QMARK_:gl
cljs$cst$1011$transcripts_SLASH_transcript_loaded:$r
cljs$cst$1012$transcripts_SLASH_transcript_load_failed:Dq
cljs$cst$1013$transcript_data:hl
cljs$cst$1014$daily_summary_SLASH_selected_date:rA
cljs$cst$1015$daily_summary_SLASH_selected_year:oB
cljs$cst$1016$daily_summary_SLASH_selected_month:fq
cljs$cst$1017$daily_summary_SLASH_data:xk
cljs$cst$1018$daily_summary_SLASH_loading_QMARK_:Pn
cljs$cst$1019$daily_summary_SLASH_summary:tp
cljs$cst$1020$daily_summary_SLASH_current_day_summary:Cj
cljs$cst$1021$transcripts_SLASH_loading_dates_QMARK_:kk
cljs$cst$1022$transcripts_SLASH_loading_transcript_QMARK_:Em
cljs$cst$1023$div_DOT_conversational_repl:Nr
cljs$cst$105$more_marker:Sh
cljs$cst$106$alt_impl:$h
cljs$cst$107$fallback_impl:ai
cljs$cst$108$val:fi
cljs$cst$109$status:ho
cljs$cst$126$keyword_fn:mi
cljs$cst$127$keywordize_keys:qi
cljs$cst$128$parents:ti
cljs$cst$129$descendants:ui
cljs$cst$130$ancestors:vi
cljs$cst$138$uuid:bo
cljs$cst$139$type:Ks
cljs$cst$141$message:po
cljs$cst$142$data:nj
cljs$cst$177$warn:Tl
cljs$cst$178$error:mk
cljs$cst$179$name:Nl
cljs$cst$182$class:Y
cljs$cst$183$style:ko
cljs$cst$184$key:Cn
cljs$cst$186$on_dispose:Lr
cljs$cst$187$f:Vq
cljs$cst$189$auto_run:ij
cljs$cst$190$path:kp
cljs$cst$193$on_set:yq
cljs$cst$194$no_cache:aj
cljs$cst$2$meta:Ua
cljs$cst$202$shouldComponentUpdate:Bo
cljs$cst$203$componentWillUnmount:tl
cljs$cst$204$reagentRender:uj
cljs$cst$205$render:Tj
cljs$cst$206$displayName:wm
cljs$cst$207$cljsLegacyRender:Mp
cljs$cst$208$childContextTypes:Do
cljs$cst$209$contextTypes:jm
cljs$cst$210$contextType:Uk
cljs$cst$211$getDerivedStateFromProps:ro
cljs$cst$212$getDerivedStateFromError:Xr
cljs$cst$213$getInitialState:$q
cljs$cst$214$constructor:Yi
cljs$cst$215$reagent_render:dm
cljs$cst$216$on_write:Jq
cljs$cst$217$display_name:Zm
cljs$cst$218$component_did_update:Xl
cljs$cst$219$component_will_unmount:Ho
cljs$cst$222$id:pq
cljs$cst$223$className:wl
cljs$cst$229$function_components:Ck
cljs$cst$230$parse_tag:to
cljs$cst$231$callback:ds
cljs$cst$232$log:Or
cljs$cst$233$debug:lq
cljs$cst$234$group:Hp
cljs$cst$235$groupEnd:dj
cljs$cst$236$loaded_QMARK_:Iq
cljs$cst$237$global_interceptors:Gn
cljs$cst$238$sub:In
cljs$cst$239$event:Hk
cljs$cst$240$cofx:Gr
cljs$cst$241$fx:Mn
cljs$cst$247$after:up
cljs$cst$248$before:ns
cljs$cst$249$unnamed:Fn
cljs$cst$250$effects:ts
cljs$cst$251$coeffects:Rk
cljs$cst$252$queue:vk
cljs$cst$253$stack:tj
cljs$cst$254$original_event:Yo
cljs$cst$255$db:Z
cljs$cst$256$interceptors:Fl
cljs$cst$259$duration:Ap
cljs$cst$268$_LT__:As
cljs$cst$270$value:Kk
cljs$cst$271$flush_dom:cs
cljs$cst$272$yield:Om
cljs$cst$273$finish_run:Oq
cljs$cst$274$pause:lo
cljs$cst$275$add_event:vs
cljs$cst$276$run_queue:Ar
cljs$cst$278$idle:bj
cljs$cst$279$scheduled:hq
cljs$cst$280$running:fr
cljs$cst$281$exception:xs
cljs$cst$282$paused:Po
cljs$cst$283$resume:Nm
cljs$cst$284$fsm_state:tn
cljs$cst$285$trigger:Bm
cljs$cst$289$queue:tq
cljs$cst$291$do_fx:Gj
cljs$cst$293$ms:Jp
cljs$cst$294$dispatch:io
cljs$cst$295$dispatch_later:Jk
cljs$cst$296$dispatch_n:bk
cljs$cst$297$deregister_event_handler:Xn
cljs$cst$298$atom:Sk
cljs$cst$299$sequential:yk
cljs$cst$3$dup:Va
cljs$cst$300$map:$o
cljs$cst$301$set:rq
cljs$cst$302$re_frame_DOT_std_interceptors_SLASH_not_found:Tk
cljs$cst$303$unwrap:Ro
cljs$cst$304$trim_v:Nn
cljs$cst$305$db_handler:gm
cljs$cst$307$fx_handler:Gk
cljs$cst$312$inject_global_interceptors:Wk
cljs$cst$313$visible:IA
cljs$cst$314$content:$k
cljs$cst$315$position:iD
cljs$cst$316$div_DOT_fixed_DOT_inset_0_DOT_z_50_DOT_flex_DOT_items_center_DOT_justify_center:Lj
cljs$cst$317$on_click:ks
cljs$cst$318$div_DOT_absolute_DOT_inset_0_DOT_bg_black_DOT_bg_opacity_50:Vj
cljs$cst$319$div_DOT_relative_DOT_bg_white_DOT_rounded_lg_DOT_shadow_xl_DOT_max_w_2xl_DOT_max_h_96_DOT_p_6_DOT_overflow_auto:Nu
cljs$cst$320$div_DOT_flex_DOT_justify_between_DOT_items_start_DOT_mb_4:fD
cljs$cst$321$h3_DOT_text_lg_DOT_font_semibold_DOT_text_gray_900:tC
cljs$cst$322$button_DOT_text_gray_400_DOT_hover_COLON_text_gray_600_DOT_text_2xl_DOT_leading_none:Yk
cljs$cst$323$div_DOT_space_y_3:rl
cljs$cst$324$div:Ds
cljs$cst$325$div_DOT_text_sm_DOT_text_gray_500_DOT_mb_2:OC
cljs$cst$326$timestamp:Jo
cljs$cst$327$similarity:ps
cljs$cst$328$div_DOT_text_gray_800_DOT_whitespace_pre_wrap:ss
cljs$cst$329$filename:XA
cljs$cst$330$uploadDate:Hw
cljs$cst$331$div_DOT_mt_4_DOT_flex_DOT_justify_end:qD
cljs$cst$332$button_DOT_px_4_DOT_py_2_DOT_bg_gray_100_DOT_hover_COLON_bg_gray_200_DOT_text_gray_800_DOT_rounded_DOT_transition_colors:aB
cljs$cst$333$hierarchy:dB
cljs$cst$334$response_type:oo
cljs$cst$335$default:kj
cljs$cst$336$text:iy
cljs$cst$337$div_DOT_text_response_DOT_space_y_3:mj
cljs$cst$338$p_DOT_text_gray_700_DOT_leading_relaxed:Jn
cljs$cst$339$list:El
cljs$cst$340$ul_DOT_list_response_DOT_space_y_2_DOT_pl_5_DOT_list_disc:Am
cljs$cst$341$li_DOT_text_gray_700_DOT_leading_relaxed:ls
cljs$cst$342$interactions:jl
cljs$cst$343$items:hp
cljs$cst$344$spreadsheet:ep
cljs$cst$345$div_DOT_spreadsheet_response:co
cljs$cst$346$h3:Qq
cljs$cst$347$title:Pi
cljs$cst$348$table:LA
cljs$cst$349$thead:NB
cljs$cst$350$tr:pB
cljs$cst$351$th:mB
cljs$cst$352$headers:Fo
cljs$cst$353$tbody:Lm
cljs$cst$354$td:kB
cljs$cst$355$diagram:eD
cljs$cst$356$div_DOT_diagram_response:im
cljs$cst$357$div_DOT_diagram_placeholder:Fk
cljs$cst$358$pre:PC
cljs$cst$359$nodes:QB
cljs$cst$360$email:iB
cljs$cst$361$div_DOT_email_response:Fq
cljs$cst$362$div_DOT_email_header:Wo
cljs$cst$363$strong:Oo
cljs$cst$364$to:sB
cljs$cst$365$subject:Vl
cljs$cst$366$div_DOT_email_body:al
cljs$cst$367$contentEditable:kn
cljs$cst$368$on_blur:Wl
cljs$cst$369$on_edit:dD
cljs$cst$370$body:dn
cljs$cst$371$response_set:xo
cljs$cst$372$alternatives:Dp
cljs$cst$373$turn_id:vo
cljs$cst$374$current_alternative_index:cp
cljs$cst$375$set_current_alternative:gy
cljs$cst$376$div_DOT_response_set_DOT_border_DOT_border_gray_200_DOT_rounded_lg_DOT_p_4_DOT_space_y_4:VB
cljs$cst$377$div_DOT_bg_gray_50_DOT_rounded_md_DOT_p_3:EB
cljs$cst$378$h3_DOT_text_sm_DOT_font_semibold_DOT_text_gray_700_DOT_mb_1:Vn
cljs$cst$379$p_DOT_text_sm_DOT_text_gray_600:OA
cljs$cst$380$summary:Xq
cljs$cst$381$div_DOT_alternative_content_DOT_pl_4_DOT_border_l_4_DOT_border_blue_400:kC
cljs$cst$382$sources:TC
cljs$cst$383$div_DOT_navigation_controls_DOT_flex_DOT_items_center_DOT_justify_between_DOT_pt_3_DOT_border_t_DOT_border_gray_200:az
cljs$cst$384$div_DOT_nav_buttons_DOT_flex_DOT_gap_2:yp
cljs$cst$385$button_DOT_nav_btn_DOT_px_3_DOT_py_1_DOT_bg_gray_100_DOT_hover_COLON_bg_gray_200_DOT_rounded_DOT_disabled_COLON_opacity_50_DOT_disabled_COLON_cursor_not_allowed_DOT_transition_colors:an
cljs$cst$386$disabled:eo
cljs$cst$387$div_DOT_flex_DOT_gap_1:XC
cljs$cst$388$button_DOT_w_2_DOT_h_2_DOT_rounded_full_DOT_transition_colors:pk
cljs$cst$389$div_DOT_unknown_response_DOT_text_gray_500_DOT_text_sm:UB
cljs$cst$390$p_DOT_mb_2:Xm
cljs$cst$391$pre_DOT_bg_gray_100_DOT_p_2_DOT_rounded_DOT_text_xs:DB
cljs$cst$392$div_DOT_relative:go
cljs$cst$393$div_DOT_text_response:GB
cljs$cst$395$meeting_url:jC
cljs$cst$4$print_length:Wa
cljs$cst$405$story_arc:Vk
cljs$cst$410$representative_content:Ei
cljs$cst$411$turn_count:Mi
cljs$cst$412$energy:Oi
cljs$cst$413$key_themes:Ri
cljs$cst$414$phases:cj
cljs$cst$415$significance:fj
cljs$cst$416$segment_id:gj
cljs$cst$431$span_DOT_text_sm_DOT_text_gray_500:Aq
cljs$cst$438$span:WC
cljs$cst$457$div_DOT_mb_8:pm
cljs$cst$466$story_arc_SLASH_set_selected_segment:Fp
cljs$cst$467$selected_segment:Ms
cljs$cst$468$story_arc_SLASH_toggle_moment_details:Uo
cljs$cst$469$expanded_moments:Tr
cljs$cst$47$validator:as
cljs$cst$470$story_arc_SLASH_selected_segment:zA
cljs$cst$471$story_arc_SLASH_expanded_moments:Hs
cljs$cst$472$status_text:Ao
cljs$cst$479$java:ao
cljs$cst$480$vec_strategy:$p
cljs$cst$481$write:Ym
cljs$cst$482$content_type:gD
cljs$cst$498$response:nl
cljs$cst$501$description:jq
cljs$cst$502$failure:ok
cljs$cst$503$parse:WB
cljs$cst$504$original_text:JC
cljs$cst$505$parse_error:Sn
cljs$cst$506$read:jn
cljs$cst$507$failed:Uj
cljs$cst$508$aborted:uk
cljs$cst$509$timeout:No
cljs$cst$513$uri:ur
cljs$cst$514$method:vj
cljs$cst$515$format:eB
cljs$cst$516$params:pr
cljs$cst$517$url_params:Fj
cljs$cst$518$response_format:$A
cljs$cst$520$prefix:bq
cljs$cst$521$keywords_QMARK_:op
cljs$cst$522$raw:Fm
cljs$cst$526$handler:Dr
cljs$cst$527$api:oj
cljs$cst$530$with_credentials:sk
cljs$cst$531$progress_handler:dp
cljs$cst$534$not_initialized:wr
cljs$cst$535$connection_established:Zr
cljs$cst$536$request_received:qB
cljs$cst$537$processing_request:Ps
cljs$cst$538$response_ready:wA
cljs$cst$539$meeting_name:Rr
cljs$cst$540$bot_creation_SLASH_loading_QMARK_:em
cljs$cst$541$bot_creation_SLASH_message:Qn
cljs$cst$542$user_email:pp
cljs$cst$543$div_DOT_bot_creation_tab_DOT_p_6_DOT_max_w_2xl_DOT_mx_auto:Vp
cljs$cst$544$h2_DOT_text_2xl_DOT_font_bold_DOT_mb_6:On
cljs$cst$545$div_DOT_message_display_DOT_p_4_DOT_mb_4_DOT_rounded:MA
cljs$cst$546$form_DOT_space_y_4:Cs
cljs$cst$547$on_submit:wB
cljs$cst$548$bot_creation_SLASH_create_bot:sp
cljs$cst$549$div_DOT_form_group:um
cljs$cst$550$label_DOT_block_DOT_text_sm_DOT_font_medium_DOT_text_gray_700_DOT_mb_1:yA
cljs$cst$551$for:us
cljs$cst$552$input_DOT_w_full_DOT_px_3_DOT_py_2_DOT_border_DOT_border_gray_300_DOT_rounded_md_DOT_focus_COLON_outline_none_DOT_focus_COLON_ring_2_DOT_focus_COLON_ring_blue_500:Ij
cljs$cst$553$on_change:Zk
cljs$cst$554$placeholder:aC
cljs$cst$555$required:Eq
cljs$cst$556$div_DOT_info_box_DOT_p_3_DOT_bg_blue_50_DOT_rounded_md:ws
cljs$cst$557$p_DOT_text_sm_DOT_text_gray_700:Pm
cljs$cst$558$span_DOT_font_medium:Pp
cljs$cst$559$button_DOT_w_full_DOT_px_4_DOT_py_2_DOT_bg_blue_600_DOT_text_white_DOT_rounded_md_DOT_hover_COLON_bg_blue_700_DOT_focus_COLON_outline_none_DOT_focus_COLON_ring_2_DOT_focus_COLON_ring_blue_500_DOT_disabled_COLON_opacity_50_DOT_disabled_COLON_cursor_not_allowed:xl
cljs$cst$560$bot_creation_SLASH_bots:bl
cljs$cst$561$div_DOT_bot_list_DOT_mt_8:Kn
cljs$cst$562$h3_DOT_text_lg_DOT_font_semibold_DOT_mb_4:NC
cljs$cst$563$div_DOT_space_y_2:pl
cljs$cst$564$div_DOT_bot_item_DOT_p_4_DOT_border_DOT_border_gray_200_DOT_rounded_md:WA
cljs$cst$565$div_DOT_font_medium:RB
cljs$cst$566$meeting_name:pC
cljs$cst$567$div_DOT_text_sm_DOT_text_gray_600:kr
cljs$cst$568$meeting_url:yo
cljs$cst$569$div_DOT_text_xs_DOT_text_gray_500:qk
cljs$cst$570$created_at:ez
cljs$cst$571$bot_creation_SLASH_running_bots:kq
cljs$cst$572$bot_creation_SLASH_fetching_bots_QMARK_:Ml
cljs$cst$573$bot_creation_SLASH_shutting_down:oA
cljs$cst$574$div_DOT_running_bots_DOT_mt_8:Lq
cljs$cst$575$div_DOT_flex_DOT_items_center_DOT_justify_between_DOT_mb_4:Yr
cljs$cst$576$h3_DOT_text_lg_DOT_font_semibold:qq
cljs$cst$577$button_DOT_px_3_DOT_py_1_DOT_text_sm_DOT_bg_gray_100_DOT_hover_COLON_bg_gray_200_DOT_rounded_DOT_disabled_COLON_opacity_50:nm
cljs$cst$578$bot_creation_SLASH_fetch_bots:pj
cljs$cst$579$div_DOT_p_4_DOT_text_center_DOT_text_gray_500:Al
cljs$cst$580$div_DOT_bot_item_DOT_p_4_DOT_border_DOT_border_gray_200_DOT_rounded_md_DOT_bg_white_DOT_shadow_sm:Yj
cljs$cst$581$div_DOT_flex_DOT_items_start_DOT_justify_between:Ew
cljs$cst$582$div_DOT_flex_1:Ak
cljs$cst$583$div_DOT_font_medium_DOT_text_gray_900:Gl
cljs$cst$584$div_DOT_text_sm_DOT_text_gray_600_DOT_mt_1:DA
cljs$cst$585$div_DOT_text_xs_DOT_text_gray_500_DOT_mt_2:xm
cljs$cst$586$div_DOT_text_xs_DOT_mt_1:eq
cljs$cst$587$span_DOT_inline_flex_DOT_px_2_DOT_py_1_DOT_text_xs_DOT_font_semibold_DOT_rounded_full:fp
cljs$cst$588$button_DOT_px_3_DOT_py_1_DOT_text_sm_DOT_bg_red_500_DOT_hover_COLON_bg_red_600_DOT_text_white_DOT_rounded_DOT_disabled_COLON_opacity_50_DOT_disabled_COLON_cursor_not_allowed:Hm
cljs$cst$589$bot_creation_SLASH_shutdown_bot:eC
cljs$cst$590$stuck_meetings_SLASH_meetings:zl
cljs$cst$591$stuck_meetings_SLASH_fetching_QMARK_:cm
cljs$cst$592$stuck_meetings_SLASH_completing:Mo
cljs$cst$593$div_DOT_stuck_meetings_DOT_mt_8:qs
cljs$cst$594$h3_DOT_text_lg_DOT_font_semibold_DOT_text_orange_700:Fw
cljs$cst$595$stuck_meetings_SLASH_fetch:Dk
cljs$cst$596$div_DOT_meeting_item_DOT_p_4_DOT_border_DOT_border_orange_200_DOT_rounded_md_DOT_bg_orange_50_DOT_shadow_sm:jp
cljs$cst$597$meeting_id:HB
cljs$cst$598$div_DOT_text_xs_DOT_text_gray_500_DOT_mt_1:zm
cljs$cst$599$bot_id:Yp
cljs$cst$600$turn_count:vp
cljs$cst$601$div_DOT_text_xs_DOT_mt_2:dq
cljs$cst$602$span_DOT_inline_flex_DOT_px_2_DOT_py_1_DOT_text_xs_DOT_font_semibold_DOT_rounded_full_DOT_bg_orange_100_DOT_text_orange_800:gC
cljs$cst$603$button_DOT_px_3_DOT_py_1_DOT_text_sm_DOT_bg_orange_500_DOT_hover_COLON_bg_orange_600_DOT_text_white_DOT_rounded_DOT_disabled_COLON_opacity_50_DOT_disabled_COLON_cursor_not_allowed:KC
cljs$cst$604$stuck_meetings_SLASH_force_complete:vm
cljs$cst$605$div_DOT_bot_creation_container:Pr
cljs$cst$606$cogito_DOT_meetings_SLASH_delete_meeting:Ik
cljs$cst$607$cogito_DOT_meetings_SLASH_load_meetings:$n
cljs$cst$608$cogito_DOT_meetings_SLASH_meetings_loaded:Gq
cljs$cst$609$cogito_DOT_meetings_SLASH_meetings_load_failed:gs
cljs$cst$610$meetings:on
cljs$cst$611$meetings_error:sr
cljs$cst$612$cogito_DOT_meetings_SLASH_set_selected_meeting:Fr
cljs$cst$613$selected_meeting:Eo
cljs$cst$614$cogito_DOT_meetings_SLASH_meetings:wk
cljs$cst$615$cogito_DOT_meetings_SLASH_meetings_error:Nk
cljs$cst$616$cogito_DOT_meetings_SLASH_selected_meeting:wp
cljs$cst$617$block_id:EA
cljs$cst$618$turns:ip
cljs$cst$619$current_prompt:GA
cljs$cst$620$loading_QMARK_:dl
cljs$cst$621$h2:Rq
cljs$cst$622$block_name:Ln
cljs$cst$623$p:BA
cljs$cst$624$prompt:cz
cljs$cst$625$textarea:Jv
cljs$cst$626$rows:Vm
cljs$cst$627$set_current_prompt:AB
cljs$cst$628$button:$C
cljs$cst$629$submit_meeting_prompt:gn
cljs$cst$630$participant_count:YB
cljs$cst$631$transcript_summary:Cl
cljs$cst$632$join_meeting:lr
cljs$cst$633$workbench_SLASH_set_active_tab:en
cljs$cst$634$conversation:iq
cljs$cst$635$embedded_count:Tn
cljs$cst$636$cogito_DOT_semantic_map_simple_SLASH_set_current_meeting:aq
cljs$cst$637$component_did_mount:jB
cljs$cst$638$h1:Mq
cljs$cst$639$create_new_meeting:qC
cljs$cst$640$map_SLASH_current_meeting:xn
cljs$cst$641$cogito_DOT_semantic_map_simple_SLASH_load_embeddings:hD
cljs$cst$642$cogito_DOT_semantic_map_simple_SLASH_embeddings_loaded:hm
cljs$cst$643$cogito_DOT_semantic_map_simple_SLASH_embeddings_load_failed:aD
cljs$cst$644$map_SLASH_loading_QMARK_:mn
cljs$cst$645$map_SLASH_embeddings:tr
cljs$cst$646$embeddings:ZB
cljs$cst$647$map_SLASH_stats:Qs
cljs$cst$648$stats:tB
cljs$cst$649$map_SLASH_error:Mk
cljs$cst$650$cogito_DOT_semantic_map_simple_SLASH_set_selected_turn:So
cljs$cst$651$map_SLASH_selected_turn:nn
cljs$cst$652$cogito_DOT_semantic_map_simple_SLASH_current_meeting:ul
cljs$cst$653$cogito_DOT_semantic_map_simple_SLASH_embeddings:pn
cljs$cst$654$cogito_DOT_semantic_map_simple_SLASH_loading_QMARK_:Qr
cljs$cst$655$cogito_DOT_semantic_map_simple_SLASH_error:Wm
cljs$cst$656$cogito_DOT_semantic_map_simple_SLASH_selected_turn:Nq
cljs$cst$657$display:JB
cljs$cst$658$height:Go
cljs$cst$659$background:Pk
cljs$cst$660$border_radius:fl
cljs$cst$661$width:Hq
cljs$cst$662$padding:rC
cljs$cst$663$svg:Ip
cljs$cst$664$border:ln
cljs$cst$665$circle:bs
cljs$cst$666$cx:cr
cljs$cst$667$x:vA
cljs$cst$668$cy:ar
cljs$cst$669$y:uA
cljs$cst$670$r:xA
cljs$cst$671$fill:Bs
cljs$cst$672$participant_name:nr
cljs$cst$673$cursor:Cy
cljs$cst$674$turn_id:OB
cljs$cst$675$border_left:Jj
cljs$cst$676$h4:Tq
cljs$cst$677$label:qn
cljs$cst$678$year:zj
cljs$cst$679$month:ml
cljs$cst$680$daily_summary_SLASH_monthly_summaries:cB
cljs$cst$681$daily_summary_SLASH_monthly_summaries_generating_QMARK_:Rl
cljs$cst$682$div_DOT_daily_summary_tab_DOT_h_full_DOT_flex_DOT_flex_col:CB
cljs$cst$683$div_DOT_header_DOT_border_b_DOT_pb_4_DOT_mb_4:Zq
cljs$cst$684$div_DOT_flex_DOT_justify_between_DOT_items_center:Aj
cljs$cst$685$h2_DOT_text_xl_DOT_font_semibold_DOT_text_gray_900:sm
cljs$cst$686$div_DOT_flex_DOT_items_center_DOT_space_x_4:zB
cljs$cst$687$select_DOT_text_sm_DOT_bg_white_DOT_border_DOT_border_gray_300_DOT_rounded_DOT_px_3_DOT_py_2_DOT_focus_COLON_outline_none_DOT_focus_COLON_ring_2_DOT_focus_COLON_ring_blue_500:fs
cljs$cst$688$option:jr
cljs$cst$689$button_DOT_px_4_DOT_py_2_DOT_text_sm_DOT_bg_blue_500_DOT_text_white_DOT_rounded_DOT_hover_COLON_bg_blue_600_DOT_disabled_COLON_opacity_50:Xu
cljs$cst$690$daily_summary_SLASH_generate_monthly_summaries:Qk
cljs$cst$691$p_DOT_text_xs_DOT_text_blue_500_DOT_font_mono:Kp
cljs$cst$692$div_DOT_flex_1_DOT_overflow_y_auto_DOT_p_4:Ep
cljs$cst$693$div_DOT_flex_DOT_justify_center_DOT_items_center_DOT_py_12:Zo
cljs$cst$694$div_DOT_animate_spin_DOT_rounded_full_DOT_h_8_DOT_w_8_DOT_border_b_2_DOT_border_blue_600_DOT_mr_3:Up
cljs$cst$695$span_DOT_text_gray_600:uB
cljs$cst$696$div_DOT_space_y_6:il
cljs$cst$697$div_DOT_border_DOT_border_gray_200_DOT_rounded_lg_DOT_p_6_DOT_bg_white_DOT_shadow_sm:Bp
cljs$cst$698$div_DOT_mb_4:tm
cljs$cst$699$h4_DOT_text_xl_DOT_font_semibold_DOT_text_gray_800:bn
cljs$cst$700$div_DOT_text_gray_700_DOT_leading_relaxed_DOT_space_y_3:xp
cljs$cst$701$div_DOT_text_center_DOT_py_12:Ql
cljs$cst$702$p_DOT_text_gray_500_DOT_mb_4:Lp
cljs$cst$703$p_DOT_text_sm_DOT_text_gray_400:kD
cljs$cst$704$monthly_summary_SLASH_yearly_summaries:Op
cljs$cst$705$monthly_summary_SLASH_yearly_summaries_generating_QMARK_:Cr
cljs$cst$706$div_DOT_monthly_summary_tab_DOT_h_full_DOT_flex_DOT_flex_col:kl
cljs$cst$707$button_DOT_px_4_DOT_py_2_DOT_text_sm_DOT_bg_green_500_DOT_text_white_DOT_rounded_DOT_hover_COLON_bg_green_600_DOT_disabled_COLON_opacity_50_DOT_flex_DOT_items_center_DOT_space_x_2:yl
cljs$cst$708$monthly_summary_SLASH_generate_yearly_summaries:zp
cljs$cst$709$div_DOT_animate_spin_DOT_rounded_full_DOT_h_4_DOT_w_4_DOT_border_b_2_DOT_border_white:Jl
cljs$cst$710$p_DOT_text_xs_DOT_text_green_500_DOT_font_mono:am
cljs$cst$711$div_DOT_animate_spin_DOT_rounded_full_DOT_h_8_DOT_w_8_DOT_border_b_2_DOT_border_green_600_DOT_mr_3:gr
cljs$cst$712$upload_files_SLASH_uploading_QMARK_:Xk
cljs$cst$713$input_DOT_hidden:Ol
cljs$cst$714$accept:rk
cljs$cst$715$multiple:dk
cljs$cst$716$upload_files_SLASH_handle_files:SC
cljs$cst$717$label_DOT_cursor_pointer_DOT_block:km
cljs$cst$718$div_DOT_text_gray_500:pA
cljs$cst$719$div_DOT_flex_DOT_items_center_DOT_justify_center:qp
cljs$cst$720$div_DOT_animate_spin_DOT_rounded_full_DOT_h_5_DOT_w_5_DOT_border_b_2_DOT_border_blue_600_DOT_mr_2:nA
cljs$cst$721$p_DOT_text_sm:Jr
cljs$cst$722$p_DOT_text_xs_DOT_text_gray_400:Es
cljs$cst$723$upload_files_SLASH_show_text_creator:Dm
cljs$cst$724$upload_files_SLASH_files:Bl
cljs$cst$725$upload_files_SLASH_selected_file:Co
cljs$cst$726$div_DOT_flex_1_DOT_overflow_y_auto:Kl
cljs$cst$727$upload_files_SLASH_select_file:yB
cljs$cst$728$upload_files_SLASH_delete_file:Np
cljs$cst$729$h2_DOT_text_xl_DOT_font_semibold_DOT_mb_2:lB
cljs$cst$730$p_DOT_text_sm_DOT_text_gray_600_DOT_mb_4:PB
cljs$cst$731$div_DOT_p_4:hC
cljs$cst$732$div_DOT_mb_4_DOT_pb_4_DOT_border_b_DOT_border_gray_200:Yn
cljs$cst$733$p_DOT_text_sm_DOT_text_gray_500:rp
cljs$cst$734$label_DOT_block_DOT_text_sm_DOT_font_medium_DOT_text_gray_700_DOT_mb_2:CA
cljs$cst$735$input:mp
cljs$cst$736$div_DOT_flex_DOT_justify_end_DOT_space_x_3:cq
cljs$cst$737$upload_files_SLASH_hide_text_creator:jD
cljs$cst$738$upload_files_SLASH_create_text_file:UC
cljs$cst$739$upload_files_SLASH_show_text_creator_QMARK_:Hl
cljs$cst$740$div_DOT_h_full_DOT_overflow_y_auto:om
cljs$cst$741$uploaded_at:Ej
cljs$cst$742$size:qj
cljs$cst$743$div_DOT_text_center:Il
cljs$cst$744$p_DOT_text_lg_DOT_mb_2:bm
cljs$cst$745$transcripts_SLASH_available_dates:sA
cljs$cst$746$transcripts_SLASH_selected_date:mD
cljs$cst$747$transcripts_SLASH_transcript_data:SB
cljs$cst$748$transcripts_SLASH_load_available_dates:ap
cljs$cst$749$div_DOT_h_full_DOT_flex:Wp
cljs$cst$750$div_DOT_w_1_3_DOT_border_r_DOT_p_4:Im
cljs$cst$751$transcripts_SLASH_select_date:BB
cljs$cst$752$date:Qj
cljs$cst$753$div_DOT_flex_1_DOT_p_4:FA
cljs$cst$754$div_DOT_font_bold:dC
cljs$cst$755$invitations_SLASH_send:Mu
cljs$cst$756$invitations_SLASH_sending:np
cljs$cst$757$invitations_SLASH_error:tA
cljs$cst$758$http_xhrio:wj
cljs$cst$759$post:Dl
cljs$cst$760$on_success:lA
cljs$cst$761$invitations_SLASH_send_success:Ko
cljs$cst$762$on_failure:Sr
cljs$cst$763$invitations_SLASH_send_failure:lp
cljs$cst$764$invitations_SLASH_success_message:$l
cljs$cst$765$invitations_SLASH_sent:Js
cljs$cst$766$invitations_SLASH_pending_count:rj
cljs$cst$767$invitations_SLASH_load_pending:Sq
cljs$cst$768$invitations_SLASH_loading:mq
cljs$cst$769$get:Rn
cljs$cst$770$invitations_SLASH_load_success:Sl
cljs$cst$771$invitations_SLASH_load_failure:Bq
cljs$cst$772$invitations_SLASH_pending:Lo
cljs$cst$773$invitations:Yq
cljs$cst$774$invitations_SLASH_clear_messages:An
cljs$cst$775$div_DOT_flex_DOT_gap_2:YC
cljs$cst$776$input_DOT_flex_1_DOT_px_3_DOT_py_2_DOT_border_DOT_rounded:ck
cljs$cst$777$on_key_press:zo
cljs$cst$778$button_DOT_px_4_DOT_py_2_DOT_bg_blue_500_DOT_text_white_DOT_rounded_DOT_hover_COLON_bg_blue_600_DOT_disabled_COLON_opacity_50:Yl
cljs$cst$779$div_DOT_mt_2_DOT_text_red_600_DOT_text_sm:Lk
cljs$cst$78$tag:Ul
cljs$cst$780$div_DOT_mt_2_DOT_text_green_600_DOT_text_sm:Hn
cljs$cst$781$div_DOT_p_3_DOT_border_DOT_rounded:xq
cljs$cst$782$invited_by:bB
cljs$cst$783$invited_at:hB
cljs$cst$784$div_DOT_p_6:iC
cljs$cst$785$div_DOT_max_w_2xl:Vo
cljs$cst$786$button_DOT_tab_button_DOT_px_4_DOT_py_2_DOT_border_b_2:cC
cljs$cst$787$workbench_SLASH_active_tab:zk
cljs$cst$788$div_DOT_flex:Qp
cljs$cst$789$bot_creation:so
cljs$cst$790$upload_files:sn
cljs$cst$791$daily_summary:xr
cljs$cst$792$monthly_summary:Ll
cljs$cst$793$transcripts:Iw
cljs$cst$794$div_DOT_flex_DOT_items_center_DOT_space_x_2:xB
cljs$cst$795$div_DOT_animate_spin_DOT_rounded_full_DOT_h_3_DOT_w_3_DOT_border_b_2_DOT_border_blue_600:Xp
cljs$cst$796$select_DOT_text_sm_DOT_bg_white_DOT_border_DOT_border_gray_300_DOT_rounded_DOT_px_2_DOT_py_1_DOT_focus_COLON_outline_none_DOT_focus_COLON_ring_2_DOT_focus_COLON_ring_blue_500:qr
cljs$cst$797$client:Gs
cljs$cst$798$client_name:Gm
cljs$cst$799$switch_client:hy
cljs$cst$800$client_id:mo
cljs$cst$801$span_DOT_text_sm_DOT_text_gray_600:Zj
cljs$cst$802$user:wq
cljs$cst$803$available_clients:sl
cljs$cst$804$switching_client_QMARK_:Jm
cljs$cst$805$logging_out_QMARK_:Mj
cljs$cst$806$button_DOT_px_3_DOT_py_1_DOT_text_sm_DOT_bg_red_500_DOT_text_white_DOT_rounded_DOT_hover_COLON_bg_red_600_DOT_disabled_COLON_opacity_50:Cq
cljs$cst$807$logout:KB
cljs$cst$808$div_DOT_prompt_input:fm
cljs$cst$809$on_key_down:Gp
cljs$cst$810$submit_prompt:Wr
cljs$cst$811$div_DOT_turn:hn
cljs$cst$812$div_DOT_turn_prompt:un
cljs$cst$813$div_DOT_turn_response:Mr
cljs$cst$814$fetch_available_clients:cn
cljs$cst$815$div_DOT_tab_nav_DOT_flex_DOT_border_b_DOT_border_gray_200_DOT_mb_4_DOT_justify_between:rn
cljs$cst$816$active_meeting:Fs
cljs$cst$817$div_DOT_conversation_tab:uo
cljs$cst$818$div_DOT_bg_blue_50_DOT_border_b_DOT_border_blue_200_DOT_px_4_DOT_py_3_DOT_mb_4:ol
cljs$cst$819$h2_DOT_text_lg_DOT_font_semibold_DOT_text_blue_900:bD
cljs$cst$820$p_DOT_text_sm_DOT_text_blue_700:dz
cljs$cst$821$button_DOT_px_3_DOT_py_1_DOT_text_sm_DOT_bg_blue_600_DOT_text_white_DOT_rounded_DOT_hover_COLON_bg_blue_700:mm
cljs$cst$822$leave_meeting:VC
cljs$cst$823$div_DOT_conversation_history:lm
cljs$cst$824$upload_files_SLASH_load_files:$m
cljs$cst$825$table_DOT_upload_files_tab_DOT_h_full_DOT_w_full:or
cljs$cst$826$vertical_align:nk
cljs$cst$827$div_DOT_workbench_panel:Bj
cljs$cst$828$div_DOT_login_form:Ek
cljs$cst$829$div_DOT_error_message:Er
cljs$cst$830$form:es
cljs$cst$831$credentials:Vr
cljs$cst$832$password:ms
cljs$cst$833$login_success:Ns
cljs$cst$834$selecting_client_QMARK_:Sp
cljs$cst$835$client_selection_error:hk
cljs$cst$836$div_DOT_client_selection_form:ir
cljs$cst$837$p_DOT_text_gray_600_DOT_mb_4:zq
cljs$cst$838$div_DOT_error_message_DOT_bg_red_100_DOT_text_red_700_DOT_p_3_DOT_rounded_DOT_mb_4:Un
cljs$cst$839$select_client:Os
cljs$cst$840$div_DOT_space_y_3_DOT_mb_6:MB
cljs$cst$841$label_DOT_flex_DOT_items_center_DOT_p_3_DOT_border_DOT_rounded_DOT_cursor_pointer_DOT_hover_COLON_bg_gray_50:Hr
cljs$cst$842$input_DOT_mr_3:fo
cljs$cst$843$checked:QC
cljs$cst$844$role:ak
cljs$cst$845$button_DOT_w_full_DOT_px_4_DOT_py_2_DOT_bg_blue_600_DOT_text_white_DOT_rounded_DOT_hover_COLON_bg_blue_700_DOT_disabled_COLON_opacity_50_DOT_disabled_COLON_cursor_not_allowed:Gw
cljs$cst$846$authenticated_QMARK_:cD
cljs$cst$847$alternative_indices:Ir
cljs$cst$848$last_method:nq
cljs$cst$849$last_error:fB
cljs$cst$850$last_error_code:Kj
cljs$cst$851$debug_message:uq
cljs$cst$852$http_no_on_success:vq
cljs$cst$853$http_no_on_failure:ql
cljs$cst$854$on_request:gq
cljs$cst$872$nil:lj
cljs$cst$873$string:Zp
cljs$cst$874$strable:ek
cljs$cst$875$vector:qo
cljs$cst$876$reader_exception:xj
cljs$cst$877$ex_kind:fk
cljs$cst$878$file:Is
cljs$cst$879$line:sj
cljs$cst$880$col:ik
cljs$cst$881$reader_error:Xo
cljs$cst$882$illegal_argument:vn
cljs$cst$883$eof:ll
cljs$cst$885$character:nC
cljs$cst$886$column:Kr
cljs$cst$889$symbol:gp
cljs$cst$890$_SLASH_:qA
cljs$cst$891$keyword:Ls
cljs$cst$892$NaN:Pl
cljs$cst$893$_Inf:hs
cljs$cst$894$Inf:Wj
cljs$cst$917$namespaced_map:LC
cljs$cst$920$readers:yr
cljs$cst$921$inst:Dn
cljs$cst$922$js:yj
cljs$cst$923$initialize_db:LB
cljs$cst$924$responding_to_alternative:qm
cljs$cst$925$alternative_index:JA
cljs$cst$926$alternative_id:wo
cljs$cst$927$alternative_summary:Uq
cljs$cst$928$fetch_response:bC
cljs$cst$929$context:Wn
cljs$cst$930$handle_llm_response:Ok
cljs$cst$931$handle_error:gk
cljs$cst$932$check_auth_status:oC
cljs$cst$933$fetch_auth_status:Mm
cljs$cst$934$auth_status_received:Hj
cljs$cst$935$authenticated:Zn
cljs$cst$936$pending_client_selection_QMARK_:fC
cljs$cst$937$pendingClientSelection:Um
cljs$cst$938$clients:Dj
cljs$cst$939$client_selected:wn
cljs$cst$940$client_selection_failed:jk
cljs$cst$941$logout_success:Br
cljs$cst$942$available_clients_received:vr
cljs$cst$943$available_clients_failed:To
cljs$cst$944$current_client_id:XB
cljs$cst$945$current_client_id:$B
cljs$cst$946$available_clients_error:js
cljs$cst$947$client_switched:Cm
cljs$cst$948$client_switch_failed:Ou
cljs$cst$949$client_switch_error:br
cljs$cst$950$get_current_alternative:ym
cljs$cst$951$bot_creation_SLASH_create_success:fn
cljs$cst$952$bot_creation_SLASH_create_failure:Io
cljs$cst$953$success:Wq
cljs$cst$954$bot_creation_SLASH_fetch_bots_success:hj
cljs$cst$955$bot_creation_SLASH_fetch_bots_failure:TB
cljs$cst$956$bot_creation_SLASH_shutdown_success:Rj
cljs$cst$957$bot_creation_SLASH_shutdown_failure:mC
cljs$cst$958$creating_meeting_QMARK_:Km
cljs$cst$959$meeting_created:hr
cljs$cst$960$meeting_creation_failed:oD
cljs$cst$961$meeting_creation_error:ys
cljs$cst$962$stuck_meetings_SLASH_fetch_success:Zl
cljs$cst$963$stuck_meetings_SLASH_fetch_failure:Lu
cljs$cst$964$stuck_meetings_SLASH_complete_success:yn
cljs$cst$965$stuck_meetings_SLASH_complete_failure:zn
cljs$cst$966$daily_summary_SLASH_set_selected_date:Qo
cljs$cst$967$selected_date:ZC
cljs$cst$968$daily_summary_SLASH_set_selected_year:Rp
cljs$cst$969$daily_summary_SLASH_load_day:rB
cljs$cst$970$daily_summary_SLASH_set_selected_month:nB
cljs$cst$971$daily_summary_SLASH_set_loading:rs
cljs$cst$972$daily_summary_SLASH_set_data:cl
cljs$cst$973$daily_summary_SLASH_load_success:vB
cljs$cst$974$daily_summary_SLASH_load_failure:lk
cljs$cst$975$daily_summary_SLASH_previous_day:RC
cljs$cst$976$daily_summary_SLASH_next_day:mr
cljs$cst$977$daily_summary_SLASH_generate_summary:KA
cljs$cst$978$generating_QMARK_:IB
cljs$cst$979$daily_summary_SLASH_summary_success:Bn
cljs$cst$98$cljs_DOT_core_SLASH_not_found:wh
cljs$cst$980$daily_summary_SLASH_summary_failure:Bk
cljs$cst$981$monthly_summaries:sC
cljs$cst$982$daily_summary_SLASH_monthly_summaries_success:rr
cljs$cst$983$daily_summary_SLASH_monthly_summaries_failure:FB
cljs$cst$984$summaries:mA
cljs$cst$985$yearly_summaries:bz
cljs$cst$986$monthly_summary_SLASH_yearly_summaries_success:er
cljs$cst$987$monthly_summary_SLASH_yearly_summaries_failure:Xj
cljs$cst$988$uploading_QMARK_:jo
cljs$cst$989$upload_files_to_server:Sj
cljs$cst$990$files:vl
cljs$cst$991$upload_files_SLASH_file_uploaded:is
cljs$cst$992$upload_files_SLASH_upload_failed:gB
cljs$cst$993$upload_files_SLASH_files_loaded:rm
cljs$cst$994$upload_files_SLASH_files_load_failed:sq
cljs$cst$995$selected_file:kA
cljs$cst$996$upload_files_SLASH_file_content_loaded:el
cljs$cst$997$upload_files_SLASH_file_content_failed:tk
cljs$cst$998$content_error:no
cljs$cst$999$deleting:dr
cljs$reader$_STAR_default_data_reader_fn_STAR_:hA
cljs$reader$_STAR_tag_table_STAR_:iA
cljs$reader$check:fA
cljs$reader$days_in_month:cA
cljs$reader$parse_and_validate_timestamp:gA
cljs$reader$parse_int:eA
cljs$reader$read_string$cljs$0core$0IFn$0_invoke$0arity$01:jA
cljs$reader$timestamp_regex:dA
cljs$tools$reader$edn$dispatch_macros:Fz
cljs$tools$reader$edn$escape_char:Tz
cljs$tools$reader$edn$macro_terminating_QMARK_:Az
cljs$tools$reader$edn$macros:Bz
cljs$tools$reader$edn$not_constituent_QMARK_:Cz
cljs$tools$reader$edn$read:Oz
cljs$tools$reader$edn$read$cljs$0core$0IFn$0_invoke$0arity$02:bA
cljs$tools$reader$edn$read$cljs$0core$0IFn$0_invoke$0arity$04:Nz
cljs$tools$reader$edn$read_char_STAR_:Kz
cljs$tools$reader$edn$read_delimited:Mz
cljs$tools$reader$edn$read_discard:Zz
cljs$tools$reader$edn$read_dispatch:Ez
cljs$tools$reader$edn$read_keyword:Wz
cljs$tools$reader$edn$read_list:Pz
cljs$tools$reader$edn$read_map:Rz
cljs$tools$reader$edn$read_meta:Xz
cljs$tools$reader$edn$read_namespaced_map:$z
cljs$tools$reader$edn$read_number:Sz
cljs$tools$reader$edn$read_set:Yz
cljs$tools$reader$edn$read_string_STAR_:Uz
cljs$tools$reader$edn$read_symbol:Vz
cljs$tools$reader$edn$read_symbolic_value:aA
cljs$tools$reader$edn$read_tagged:Gz
cljs$tools$reader$edn$read_token$cljs$0core$0IFn$0_invoke$0arity$04:Dz
cljs$tools$reader$edn$read_unicode_char$cljs$0core$0IFn$0_invoke$0arity$04:Iz
cljs$tools$reader$edn$read_unicode_char$cljs$0core$0IFn$0_invoke$0arity$05:Jz
cljs$tools$reader$edn$read_unmatched_delimiter:Hz
cljs$tools$reader$edn$read_vector:Qz
cljs$tools$reader$edn$starting_line_col_info:Lz
cljs$tools$reader$impl$commons$float_pattern:uz
cljs$tools$reader$impl$commons$int_pattern:sz
cljs$tools$reader$impl$commons$match_number:wz
cljs$tools$reader$impl$commons$matches_QMARK_:vz
cljs$tools$reader$impl$commons$parse_symbol:xz
cljs$tools$reader$impl$commons$ratio_pattern:tz
cljs$tools$reader$impl$commons$read_comment:yz
cljs$tools$reader$impl$commons$read_past:rz
cljs$tools$reader$impl$commons$throwing_reader:zz
cljs$tools$reader$impl$errors$duplicate_keys_error:pz
cljs$tools$reader$impl$errors$eof_error$cljs$0core$0IFn$0_invoke$0arity$0variadic:iz
cljs$tools$reader$impl$errors$illegal_arg_error$cljs$0core$0IFn$0_invoke$0arity$0variadic:hz
cljs$tools$reader$impl$errors$reader_error$cljs$0core$0IFn$0_invoke$0arity$0variadic:gz
cljs$tools$reader$impl$errors$throw_bad_char:lz
cljs$tools$reader$impl$errors$throw_bad_octal_number:oz
cljs$tools$reader$impl$errors$throw_dup_keys:qz
cljs$tools$reader$impl$errors$throw_eof_reading$cljs$0core$0IFn$0_invoke$0arity$0variadic:mz
cljs$tools$reader$impl$errors$throw_ex$cljs$0core$0IFn$0_invoke$0arity$0variadic:fz
cljs$tools$reader$impl$errors$throw_invalid:kz
cljs$tools$reader$impl$errors$throw_invalid_unicode_digit:nz
cljs$tools$reader$impl$errors$throw_odd_map:jz
cljs$tools$reader$impl$inspect$inspect_STAR_:$y
cljs$tools$reader$impl$inspect$inspect_STAR__col:Zy
cljs$tools$reader$impl$utils$char_code:Oy
cljs$tools$reader$impl$utils$namespace_keys:Ny
cljs$tools$reader$impl$utils$numeric_QMARK_:My
cljs$tools$reader$impl$utils$whitespace_QMARK_:Ly
cljs$tools$reader$impl$utils$ws_rx:Ky
cljs$tools$reader$reader_types$PushbackReader:Xy
cljs$tools$reader$reader_types$StringReader:Wy
cljs$tools$reader$reader_types$get_column_number:Uy
cljs$tools$reader$reader_types$get_file_name:Vy
cljs$tools$reader$reader_types$get_line_number:Ty
cljs$tools$reader$reader_types$indexing_reader_QMARK_:Yy
cljs$tools$reader$reader_types$peek_char:Ry
cljs$tools$reader$reader_types$read_char:Py
cljs$tools$reader$reader_types$unread:Sy
clojure$data$atom_diff:nw
clojure$data$diff:qw
clojure$data$diff_associative:rw
clojure$data$diff_associative_key:pw
clojure$data$diff_sequential:sw
clojure$data$diff_set:tw
clojure$data$diff_similar:vw
clojure$data$equality_partition:uw
clojure$data$vectorize:ow
clojure$set$bubble_max_key:yt
clojure$set$difference:At
clojure$set$intersection:zt
clojure$string$join$cljs$0core$0IFn$0_invoke$0arity$02:Zs
clojure$string$replace:Ys
clojure$string$replace_all:Ws
clojure$string$replace_with:Xs
clojure$string$split$cljs$0core$0IFn$0_invoke$0arity$02:$s
clojure$string$trim:AA
cogito$bot_creation$bot_creation_form:ky
cogito$bot_creation$bot_creation_tab:oy
cogito$bot_creation$bot_list:ly
cogito$bot_creation$running_bots_list:my
cogito$bot_creation$stuck_meetings_list:ny
cogito$client_selection$client_selection_form:Fy
cogito$client_selector$client_dropdown:DC
cogito$client_selector$client_selector:GC
cogito$client_selector$client_switching_spinner:CC
cogito$client_selector$multi_client_section:EC
cogito$client_selector$single_client_section:FC
cogito$daily_summary$daily_summary_tab:xy
cogito$daily_summary$get_month_year_options:NA
cogito$db$default_db:Gy
cogito$file_list$file_list:wC
cogito$invitations$form$invitation_form:os
cogito$invitations$invitations_panel:nD
cogito$invitations$list$pending_invitations:lD
cogito$login$login_form:Ey
cogito$logout_button$logout_button:HC
cogito$meetings$format_date:qy
cogito$meetings$meeting_conversation_panel:py
cogito$meetings$meetings_list:sy
cogito$meetings$meetings_page:ty
cogito$meetings$simple_meeting_item:ry
cogito$monthly_summary$get_year_options:YA
cogito$monthly_summary$monthly_summary_tab:ZA
cogito$response_renderer$popup_state:zD
cogito$response_renderer$reference_popup:AD
cogito$response_renderer$render_component:Dw
cogito$response_renderer$render_response:Jw
cogito$semantic_map_simple$get_participant_color:uy
cogito$semantic_map_simple$semantic_map_tab:wy
cogito$semantic_map_simple$simple_map_view:vy
cogito$tab_buttons$tab_button:AC
cogito$tab_buttons$tab_buttons_section:BC
cogito$text_file_creator$text_file_creator:vC
cogito$transcripts_tab$transcripts_tab:zC
cogito$upload_file_area$upload_file_area:uC
cogito$upload_files_left_pane$upload_files_left_pane:xC
cogito$upload_files_right_pane$text_creator_form:MC
cogito$upload_files_right_pane$upload_files_right_pane:yC
cogito$workbench$conversation_tab:By
cogito$workbench$panel:Dy
cogito$workbench$prompt_input:yy
cogito$workbench$tab_nav:Ay
cogito$workbench$turn_display:zy
cogito$workbench$upload_files_tab:IC
com$cognitect$transit$eq$equals:ex
com$cognitect$transit$eq$hashArrayLike:kx
com$cognitect$transit$eq$hashCode:jx
com$cognitect$transit$eq$hashCodeCounter:dx
com$cognitect$transit$eq$hashCombine:fx
com$cognitect$transit$eq$hashMapLike:ix
com$cognitect$transit$eq$stringCodeCache:gx
com$cognitect$transit$eq$stringCodeCacheSize:hx
com$cognitect$transit$util$isArray:bx
com$cognitect$transit$util$objectKeys:ax
com$cognitect$transit$util$randHex:cx
comp$jscomp$inline_2161:GD
container$jscomp$inline_2162:HD
day8$re_frame$http_fx$ajax_xhrio_handler:Hy
day8$re_frame$http_fx$dispatch_on_request:Jy
day8$re_frame$http_fx$request__GT_xhrio_options:Iy
event_v$jscomp$inline_2159:FD
fn_to_element$jscomp$inline_1127:sD
goog:aa
goog$Disposable:$u
goog$Disposable$MonitoringMode$OFF:av
goog$Timer$callOnce:Gx
goog$UID_PROPERTY_:fa
goog$async$nextTick:Zu
goog$bind:ka
goog$bindJs_:ja
goog$bindNative_:ia
goog$dom$createElement:Yu
goog$events$BrowserEvent:dv
goog$events$BrowserEvent$IE_POINTER_TYPE_MAP:ev
goog$events$BrowserFeature$PASSIVE_EVENTS:cv
goog$events$Event:bv
goog$events$EventTarget:Ex
goog$events$LISTENER_MAP_PROP_:mv
goog$events$LISTENER_WRAPPER_PROP_:zv
goog$events$Listenable$IMPLEMENTED_BY_PROP:fv
goog$events$ListenableKey$counter_:gv
goog$events$Listener:hv
goog$events$ListenerMap:jv
goog$events$ListenerMap$findListenerIndex_:kv
goog$events$getListenerMap_:tv
goog$events$getOnString_:vv
goog$events$getProxy:uv
goog$events$handleBrowserEvent_:wv
goog$events$listen:pv
goog$events$listenOnce:qv
goog$events$listen_:sv
goog$events$listenerCountEstimate_:ov
goog$events$onStringMap_:nv
goog$events$unlisten:xv
goog$events$unlistenByKey:yv
goog$events$wrapListener:rv
goog$getUid:ea
goog$global:ca
goog$inherits:la
goog$isObject:da
goog$net$DefaultXmlHttpFactory:Mx
goog$net$ErrorCode$getDebugMessage:Hx
goog$net$XhrIo:Ox
goog$net$XhrIo$HTTP_SCHEME_PATTERN:Qx
goog$net$XhrIo$METHODS_WITH_FORM_DATA:Rx
goog$net$XhrIo$ResponseType$DEFAULT:Px
goog$net$XhrIo$buildProgressEvent_:Zx
goog$net$XhrIo$shouldUseXhr2Timeout_:Ux
goog$net$XmlHttp$factory_:Lx
goog$net$XmlHttpFactory:Ix
goog$reflect$sinkValue:ma
goog$string$StringBuffer:Pa
goog$string$internal$isEmptyOrWhitespace:Ca
goog$string$internal$trim:Da
goog$string$makeSafe:Ni
goog$string$splitLimit:Na
goog$typeOf:l
goog$uidCounter_:ha
goog$uri$utils$splitRe_:Oa
goog$userAgent$GECKO:Vu
goog$userAgent$IE:Uu
goog$userAgent$WEBKIT:Wu
hierarchy__5603__auto__$jscomp$inline_1874:CD
hierarchy__5603__auto__$jscomp$inline_2001:ND
id$jscomp$inline_1126:rD
listener$jscomp$inline_1155:vD
method_cache__5601__auto__$jscomp$inline_1872:yD
method_cache__5601__auto__$jscomp$inline_1999:LD
method_table__5599__auto__$jscomp$inline_1870:wD
method_table__5599__auto__$jscomp$inline_1997:ID
module$contents$goog$array_defaultCompare:Li
module$contents$goog$array_indexOf:Ma
module$contents$goog$array_sort:Ki
module$contents$goog$array_stableSort:Qi
module$contents$goog$labs$userAgent$platform_isIphone:Tu
module$contents$goog$labs$userAgent$util_getNativeUserAgentString:Ja
module$contents$goog$labs$userAgent$util_matchUserAgent:Ka
module$contents$goog$math$Long_Long:oa
module$contents$goog$math$Long_Long$fromBits:na
module$contents$goog$math$Long_Long$fromNumber:pa
module$contents$goog$math$Long_Long$fromString:ua
module$contents$goog$math$Long_MAX_VALUE_:qa
module$contents$goog$math$Long_MIN_VALUE_:ra
module$contents$goog$math$Long_NEG_ONE_:Ba
module$contents$goog$math$Long_ONE_:Aa
module$contents$goog$math$Long_ZERO_:ta
module$contents$goog$object_PROTOTYPE_FIELDS:Ha
module$contents$goog$object_extend:Ia
module$contents$goog$object_get:Ga
module$contents$goog$object_getKeys:Fa
module$contents$goog$object_map:Ea
module$node_modules$react$index:Vs
module$node_modules$react_dom$index:Qu
navigator$jscomp$inline_1131:uD
opts$jscomp$inline_1125:pD
parse_fn$jscomp$inline_1128:tD
prefer_table__5600__auto__$jscomp$inline_1871:xD
prefer_table__5600__auto__$jscomp$inline_1998:KD
re_frame$cofx$inject_db:mw
re_frame$core$reg_event_db:zw
re_frame$core$reg_event_fx$cljs$0core$0IFn$0_invoke$0arity$02:Aw
re_frame$core$reg_sub$cljs$0core$0IFn$0_invoke$0arity$0variadic:Bw
re_frame$core$subscribe$cljs$0core$0IFn$0_invoke$0arity$01:Cw
re_frame$db$app_db:Ev
re_frame$events$_STAR_handling_STAR_:Tv
re_frame$events$handle:Uv
re_frame$fx$dispatch_later:lw
re_frame$fx$do_fx:kw
re_frame$interceptor$__GT_interceptor:Ov
re_frame$interceptor$assoc_coeffect:Qv
re_frame$interceptor$enqueue:Sv
re_frame$interceptor$get_coeffect$cljs$0core$0IFn$0_invoke$0arity$02:Pv
re_frame$interceptor$invoke_interceptors:Rv
re_frame$interop$add_on_dispose_BANG_:Bv
re_frame$interop$deref_QMARK_:Av
re_frame$interop$empty_queue:ff
re_frame$interop$reagent_id:Dv
re_frame$interop$set_timeout_BANG_:Cv
re_frame$loggers$console:Gv
re_frame$loggers$loggers:Fv
re_frame$registrar$clear_handlers:Nv
re_frame$registrar$get_handler$cljs$0core$0IFn$0_invoke$0arity$02:Lv
re_frame$registrar$kind__GT_id__GT_handler:Kv
re_frame$registrar$register_handler:Mv
re_frame$router$dispatch:jw
re_frame$router$event_queue:iw
re_frame$router$later_fns:bw
re_frame$settings$store:Iv
re_frame$std_interceptors$db_handler__GT_interceptor:ww
re_frame$std_interceptors$fx_handler__GT_interceptor:xw
re_frame$std_interceptors$inject_global_interceptors:yw
re_frame$subs$cache_and_return:Wv
re_frame$subs$cache_lookup$cljs$0core$0IFn$0_invoke$0arity$02:Xv
re_frame$subs$deref_input_signals:$v
re_frame$subs$map_vals:Zv
re_frame$subs$query__GT_reaction:Vv
re_frame$subs$reg_sub:aw
re_frame$subs$subscribe:Yv
re_frame$utils$first_in_vector:Hv
reagent$core$after_render:Pu
reagent$core$atom$cljs$0core$0IFn$0_invoke$0arity$01:lC
reagent$dom$render_comp:Su
reagent$dom$roots:Ru
reagent$impl$batching$RenderQueue:rt
reagent$impl$batching$compare_mount_order:nt
reagent$impl$batching$enqueue:qt
reagent$impl$batching$fake_raf:lt
reagent$impl$batching$mount_count:kt
reagent$impl$batching$next_tick:mt
reagent$impl$batching$queue_render:tt
reagent$impl$batching$ratom_flush:ot
reagent$impl$batching$render_queue:st
reagent$impl$batching$run_funs:pt
reagent$impl$component$_STAR_current_component_STAR_:Wt
reagent$impl$component$built_in_static_method_names:vh
reagent$impl$component$cache_react_class:hu
reagent$impl$component$camelify_map_keys:cu
reagent$impl$component$cljsify:fu
reagent$impl$component$create_class:gu
reagent$impl$component$custom_wrapper:$t
reagent$impl$component$dash_to_method_name:bu
reagent$impl$component$functional_render:ju
reagent$impl$component$functional_render_fn:lu
reagent$impl$component$functional_render_memo_fn:ku
reagent$impl$component$functional_wrap_render:iu
reagent$impl$component$map_to_js:eu
reagent$impl$component$obligatory:au
reagent$impl$component$props_argv:Xt
reagent$impl$component$rat_opts:Vt
reagent$impl$component$reagent_class_QMARK_:Yt
reagent$impl$component$wrap_funs:du
reagent$impl$component$wrap_render:Zt
reagent$impl$input$input_component_set_value:ou
reagent$impl$input$input_handle_change:pu
reagent$impl$input$input_node_set_value:nu
reagent$impl$input$input_render_setup:qu
reagent$impl$input$input_spec:ru
reagent$impl$input$these_inputs_have_selection_api:mu
reagent$impl$protocols$as_element:wt
reagent$impl$protocols$get_id:ut
reagent$impl$protocols$make_element:xt
reagent$impl$protocols$parse_tag:vt
reagent$impl$template$HiccupTag:Bu
reagent$impl$template$cache_get:uu
reagent$impl$template$convert_custom_prop_value:zu
reagent$impl$template$convert_prop_value:wu
reagent$impl$template$custom_kv_conv:yu
reagent$impl$template$custom_prop_name_cache:xu
reagent$impl$template$default_compiler:Ku
reagent$impl$template$expand_seq:Hu
reagent$impl$template$function_element:Du
reagent$impl$template$kv_conv:vu
reagent$impl$template$make_element:Au
reagent$impl$template$maybe_function_element:Eu
reagent$impl$template$native_element:Gu
reagent$impl$template$prop_name_cache:tu
reagent$impl$template$re_tag:su
reagent$impl$template$reag_element:Cu
reagent$impl$template$t_reagent$0impl$0template8448:Ju
reagent$impl$template$tag_name_cache:Fu
reagent$impl$template$vec_to_elem:Iu
reagent$impl$util$_STAR_always_update_STAR_:ht
reagent$impl$util$capitalize:ct
reagent$impl$util$class_names:gt
reagent$impl$util$dash_to_prop_name:dt
reagent$impl$util$dont_camel_case:bt
reagent$impl$util$fun_name:et
reagent$impl$util$get_react_key:it
reagent$impl$util$is_client:at
reagent$impl$util$named_QMARK_:ft
reagent$impl$util$react_key_from_vec:jt
reagent$ratom$RAtom:Jt
reagent$ratom$RCursor:Ot
reagent$ratom$Reaction:Rt
reagent$ratom$Track:Nt
reagent$ratom$_STAR_ratom_context_STAR_:Bt
reagent$ratom$add_on_dispose_BANG_:Qt
reagent$ratom$add_w:Et
reagent$ratom$atom:Kt
reagent$ratom$cached_reaction:Lt
reagent$ratom$deref_capture:Ct
reagent$ratom$dispose_BANG_:Pt
reagent$ratom$flush_BANG_:St
reagent$ratom$handle_reaction_change:jc
reagent$ratom$make_reaction:Mt
reagent$ratom$notify_deref_watcher_BANG_:Dt
reagent$ratom$notify_w:Gt
reagent$ratom$pr_atom:Ht
reagent$ratom$rea_queue:It
reagent$ratom$remove_w:Ft
reagent$ratom$run_in_reaction:Ut
reagent$ratom$temp_reaction:Tt
req$jscomp$inline_1365:ED
shadow$js$files:Rs
shadow$js$jsRequire:Us
shadow$js$nativeProvides:Ss
shadow$js$requireStack:Ts
