__extmap:I
__hash:u
__meta:la
_hash:Bb
_meta:Za
_next:nb
_rest:Uc
_seq:Ob
active_:Cb
actualEventTarget_:ge
afn:F
afterRender:qc
ajax$protocols$AjaxImpl$_js_ajax_request$arity$3:Vc
ajax$protocols$AjaxResponse$_body$arity$1:Wc
ajax$protocols$AjaxResponse$_get_response_header$arity$2:Xc
ajax$protocols$AjaxResponse$_status$arity$1:Yc
ajax$protocols$AjaxResponse$_status_text$arity$1:Zc
ajax$protocols$AjaxResponse$_was_aborted$arity$1:$c
ajax$protocols$Interceptor$_process_request$arity$2:Pb
ajax$protocols$Interceptor$_process_response$arity$2:Qb
args:Rb
arr:j
auto_run:$a
base_count:zd
beforeFlush:rc
bitmap:ba
buf:ob
buf_len:ad
buf_pos:Sa
buffer_:hb
cachedOptions_:Ad
cached_hierarchy:sc
callOnce:tc
captured:bd
caught:cd
cb:Bd
chunk:za
chunk_next:uc
ci:vc
cljs$core$APersistentVector$:dd
cljs$core$Fn$:he
cljs$core$IAssociative$:ie
cljs$core$IAssociative$_assoc$arity$3:xa
cljs$core$IAssociative$_contains_key_QMARK_$arity$2:Ta
cljs$core$IChunk$_drop_first$arity$1:ed
cljs$core$IChunkedNext$_chunked_next$arity$1:wc
cljs$core$IChunkedSeq$:Ye
cljs$core$IChunkedSeq$_chunked_first$arity$1:Sb
cljs$core$IChunkedSeq$_chunked_rest$arity$1:ib
cljs$core$ICollection$:Ze
cljs$core$ICollection$_conj$arity$2:Z
cljs$core$IComparable$:lf
cljs$core$IComparable$_compare$arity$2:kf
cljs$core$ICounted$:Cd
cljs$core$ICounted$_count$arity$1:W
cljs$core$IDeref$:Dd
cljs$core$IDeref$_deref$arity$1:Ea
cljs$core$IDrop$:$e
cljs$core$IDrop$_drop$arity$2:bb
cljs$core$IEditableCollection$:je
cljs$core$IEditableCollection$_as_transient$arity$1:Db
cljs$core$IEmptyableCollection$:ke
cljs$core$IEmptyableCollection$_empty$arity$1:ca
cljs$core$IEncodeClojure$:af
cljs$core$IEncodeClojure$_js__GT_clj$arity$2:le
cljs$core$IEncodeJS$:me
cljs$core$IEncodeJS$_clj__GT_js$arity$1:ne
cljs$core$IEquiv$_equiv$arity$2:B
cljs$core$IFind$_find$arity$2:Eb
cljs$core$IFn$:bf
cljs$core$IFn$_invoke$arity$0:v
cljs$core$IFn$_invoke$arity$1:g
cljs$core$IFn$_invoke$arity$10:Fa
cljs$core$IFn$_invoke$arity$11:Ga
cljs$core$IFn$_invoke$arity$12:Ha
cljs$core$IFn$_invoke$arity$13:Ia
cljs$core$IFn$_invoke$arity$14:Ja
cljs$core$IFn$_invoke$arity$15:Ka
cljs$core$IFn$_invoke$arity$16:La
cljs$core$IFn$_invoke$arity$17:Ma
cljs$core$IFn$_invoke$arity$18:Na
cljs$core$IFn$_invoke$arity$19:Oa
cljs$core$IFn$_invoke$arity$2:h
cljs$core$IFn$_invoke$arity$20:Pa
cljs$core$IFn$_invoke$arity$21:Tb
cljs$core$IFn$_invoke$arity$3:i
cljs$core$IFn$_invoke$arity$4:A
cljs$core$IFn$_invoke$arity$5:M
cljs$core$IFn$_invoke$arity$6:sa
cljs$core$IFn$_invoke$arity$7:Qa
cljs$core$IFn$_invoke$arity$8:Ca
cljs$core$IFn$_invoke$arity$9:Ra
cljs$core$IFn$_invoke$arity$variadic:l
cljs$core$IHash$:oe
cljs$core$IHash$_hash$arity$1:O
cljs$core$IIndexed$:Ed
cljs$core$IIndexed$_nth$arity$2:R
cljs$core$IIndexed$_nth$arity$3:ya
cljs$core$IIterable$:cf
cljs$core$IIterable$_iterator$arity$1:ta
cljs$core$IKVReduce$:pe
cljs$core$IKVReduce$_kv_reduce$arity$3:cb
cljs$core$IList$:df
cljs$core$ILookup$:qe
cljs$core$ILookup$_lookup$arity$2:oa
cljs$core$ILookup$_lookup$arity$3:S
cljs$core$IMap$:re
cljs$core$IMap$_dissoc$arity$2:pb
cljs$core$IMapEntry$:ef
cljs$core$IMapEntry$_key$arity$1:se
cljs$core$IMapEntry$_val$arity$1:te
cljs$core$IMeta$:Fd
cljs$core$IMeta$_meta$arity$1:V
cljs$core$INamed$:Gd
cljs$core$INamed$_name$arity$1:Ub
cljs$core$INamed$_namespace$arity$1:Vb
cljs$core$INext$:Wb
cljs$core$INext$_next$arity$1:fa
cljs$core$IPrintWithWriter$:da
cljs$core$IPrintWithWriter$_pr_writer$arity$3:P
cljs$core$IRecord$:ff
cljs$core$IReduce$:ue
cljs$core$IReduce$_reduce$arity$2:ma
cljs$core$IReduce$_reduce$arity$3:na
cljs$core$IReset$_reset_BANG_$arity$2:Aa
cljs$core$IReversible$:gf
cljs$core$IReversible$_rseq$arity$1:Xb
cljs$core$ISeq$:Fb
cljs$core$ISeq$_first$arity$1:ia
cljs$core$ISeq$_rest$arity$1:ja
cljs$core$ISeqable$:ve
cljs$core$ISeqable$_seq$arity$1:U
cljs$core$ISequential$:fd
cljs$core$ISet$:we
cljs$core$ISet$_disjoin$arity$2:Hd
cljs$core$IStack$_peek$arity$1:qb
cljs$core$IStack$_pop$arity$1:rb
cljs$core$ISwap$_swap_BANG_$arity$2:xc
cljs$core$ISwap$_swap_BANG_$arity$3:yc
cljs$core$ISwap$_swap_BANG_$arity$4:zc
cljs$core$ISwap$_swap_BANG_$arity$5:Ac
cljs$core$ITransientAssociative$_assoc_BANG_$arity$3:Gb
cljs$core$ITransientCollection$_conj_BANG_$arity$2:Hb
cljs$core$ITransientCollection$_persistent_BANG_$arity$1:Yb
cljs$core$IUUID$:xe
cljs$core$IVector$:hf
cljs$core$IVector$_assoc_n$arity$3:sb
cljs$core$IWatchable$_add_watch$arity$3:Zb
cljs$core$IWatchable$_notify_watches$arity$3:Bc
cljs$core$IWatchable$_remove_watch$arity$2:$b
cljs$core$IWithMeta$_with_meta$arity$2:X
cljs$core$IWriter$_write$arity$2:Id
cljs$lang$applyTo:C
cljs$lang$ctorPrWriter:ye
cljs$lang$ctorStr:Cc
cljs$lang$maxFixedArity:D
cljs$lang$protocol_mask$partition$:gd
cljs$lang$protocol_mask$partition0$:m
cljs$lang$protocol_mask$partition1$:H
cljs$lang$type:Jd
cljs$tools$reader$reader_types$IPushbackReader$unread$arity$2:Kd
cljs$tools$reader$reader_types$IndexingReader$:jf
cljs$tools$reader$reader_types$IndexingReader$get_column_number$arity$1:ze
cljs$tools$reader$reader_types$IndexingReader$get_file_name$arity$1:Ae
cljs$tools$reader$reader_types$IndexingReader$get_line_number$arity$1:Be
cljs$tools$reader$reader_types$Reader$peek_char$arity$1:ac
cljs$tools$reader$reader_types$Reader$read_char$arity$1:tb
cljsDOMValue:Dc
cljsInputDirty:Ld
cljsInputLive:hd
cljsLegacyRender:Ce
cljsMountOrder:jd
cljsRenderedValue:De
cljsState:Ee
clojure$data$Diff$diff_similar$arity$2:Fe
clojure$data$EqualityPartition$equality_partition$arity$1:Ge
cnt:o
collision_hash:eb
com$cognitect$transit$equals:bc
com$cognitect$transit$hashCode:kd
componentQueue:Ec
content_type:ab
custom:He
default_dispatch_val:Ie
dirty_QMARK_:jb
dispatch_fn:G
disposed_:ld
edit:$
editable_QMARK_:Ib
ensure_editable:ub
equiv:aa
errorDispatched_:md
eventTargetListeners_:vb
event_:cc
ext_map_iter:Md
fields:Je
fn:dc
fn_to_element:Nd
fqn:pa
front:Ba
fseq:Jb
fsm_state:Fc
getListener:nd
getNextTickImpl_:Ke
handler:Gc
hasNext:ga
has_nil_QMARK_:ua
hash_map:fb
hierarchy:Hc
high_:Y
i:s
ieProgId_:Od
inAbort_:ec
inOpen_:od
inSend_:Ic
inode_assoc:Ua
inode_assoc_BANG_:Va
inode_find:fc
inode_lookup:kb
inode_seq:hc
inode_without:ic
inputEl:pd
iter:Kb
kv_reduce:jc
lastErrorCode_:Lb
lastError_:wb
lastMethod_:Pd
lastUri_:Jc
len:xb
low_:ea
meta6555:Le
meta8449:Me
method_cache:Kc
method_table:Lc
more:Wa
mseq:T
nextTickImpl:Qd
next_entry:kc
next_iter:Xa
nil_val:va
nocache_QMARK_:Rd
nodes:Ya
ns:Mb
off:qa
onProgressHandler_:Sd
onReadyStateChangeEntryPoint_:Ne
onReadyStateChange_:Td
on_dispose:Ud
on_dispose_arr:Vd
on_set:Oe
opts:Pe
parentEventTarget_:Wd
parse_fn:Mc
post_event_callback_fns:Qe
prefer_table:Re
progressEventsEnabled_:Xd
propagationStopped_:lc
ratom:ha
rdr:Yd
reaction:mc
reagReactionCache:qd
reagent$impl$protocols$Compiler$as_element$arity$2:Zd
reagent$impl$protocols$Compiler$get_id$arity$1:Se
reagent$impl$protocols$Compiler$make_element$arity$5:$d
reagent$impl$protocols$Compiler$parse_tag$arity$3:ae
reagent$ratom$IDisposable$add_on_dispose_BANG_$arity$2:be
reagent$ratom$IDisposable$dispose_BANG_$arity$1:rd
reagent$ratom$IReactiveAtom$:Nc
reagentInput:Te
reagentRefFn:ce
reagentRender:lb
rear:Da
record:Ue
removed:nc
responseType_:Oc
rest:gb
riter:oc
root_iter:de
s:N
s_len:ee
s_pos:Nb
sb:Ve
scheduled_QMARK_:Pc
seen:sd
str:mb
superClass_:td
timeoutId_:Qc
timeoutInterval_:pc
timeout_:fe
transient_map:yb
trustToken_:ud
typeCount_:Rc
useSetImmediate_:We
useXhr2Timeout_:vd
uuid:zb
v:ka
val:J
validator:wd
vec:wa
watches:ra
watchesArr:xd
watching:Ab
withCredentials_:yd
wrapCallback_:Xe
xhrOptions_:Sc
xhr_:K
xmlHttpFactory_:Tc
