JSCompiler_StaticMethods_assoc_BANG_:ph
JSCompiler_StaticMethods_cleanUpTimeoutTimer_:Tx
JSCompiler_StaticMethods_cleanUpXhr_:Wx
JSCompiler_StaticMethods_cljs$core$IMultiFn$_add_method$arity$3:Gi
JSCompiler_StaticMethods_cljs$core$IMultiFn$_get_method$arity$2:Fi
JSCompiler_StaticMethods_cljs$core$ITransientVector$_assoc_n_BANG_$arity$3:pg
JSCompiler_StaticMethods_createInstance:Nx
JSCompiler_StaticMethods_dispatchErrors_:Vx
JSCompiler_StaticMethods_div:xa
JSCompiler_StaticMethods_equals:za
JSCompiler_StaticMethods_error_:Sx
JSCompiler_StaticMethods_fireListeners:Fx
JSCompiler_StaticMethods_forceChunk:Ih
JSCompiler_StaticMethods_getOptions:Jx
JSCompiler_StaticMethods_getProgId_:Kx
JSCompiler_StaticMethods_getReadyState:Yx
JSCompiler_StaticMethods_isZero:ya
JSCompiler_StaticMethods_markAsRemoved:iv
JSCompiler_StaticMethods_negate:sa
JSCompiler_StaticMethods_onReadyStateChangeHelper_:Xx
JSCompiler_StaticMethods_re_frame$router$IEventQueue$_call_post_event_callbacks$arity$2:hw
JSCompiler_StaticMethods_re_frame$router$IEventQueue$_fsm_trigger$arity$3:dw
JSCompiler_StaticMethods_re_frame$router$IEventQueue$_pause$arity$2:gw
JSCompiler_StaticMethods_re_frame$router$IEventQueue$_process_1st_event_in_queue$arity$1:ew
JSCompiler_StaticMethods_re_frame$router$IEventQueue$_run_next_tick$arity$1:fw
JSCompiler_StaticMethods_re_frame$router$IEventQueue$_run_queue$arity$1:cw
JSCompiler_StaticMethods_removeByKey:lv
JSCompiler_StaticMethods_sval:ve
JSCompiler_StaticMethods_toNumber:va
JSCompiler_prototypeAlias:g
JSCompiler_temp$jscomp$325:zA
JSCompiler_temp$jscomp$326:jD
L 0:a
L 1:b
L 10:r
L 11:t
L 12:u
L 13:x
L 14:A
L 15:G
L 16:H
L 17:P
L 18:U
L 19:ba
L 2:c
L 20:wa
L 21:La
L 22:Rb
L 23:Nj
L 24:Oj
L 25:Tm
L 26:Qm
L 27:Nh
L 28:sf
L 29:Hd
L 3:d
L 30:Rm
L 31:Fg
L 32:Pj
L 33:Gg
L 34:Sm
L 35:Qy
L 36:PA
L 37:QA
L 38:RA
L 39:SA
L 4:e
L 40:TA
L 41:UA
L 42:VA
L 43:HA
L 5:f
L 6:h
L 7:k
L 8:p
L 9:q
ajax$formats$accept_header:Dx
ajax$formats$detect_content_type:Ax
ajax$formats$detect_response_format:vx
ajax$formats$detect_response_format_read:Cx
ajax$formats$get_accept_entries:zx
ajax$formats$get_default_format:Bx
ajax$formats$get_format:yx
ajax$interceptors$ApplyRequestFormat:px
ajax$interceptors$DirectSubmission:sx
ajax$interceptors$ProcessUrlParameters:rx
ajax$interceptors$ResponseFormat:nx
ajax$interceptors$content_type_to_request_header:mx
ajax$interceptors$fail:lx
ajax$interceptors$get_response_format:ux
ajax$interceptors$map__GT_ResponseFormat:ox
ajax$interceptors$request_interceptors:tx
ajax$interceptors$uri_with_params:qx
ajax$json$json_request_format:xx
ajax$json$json_response_format:wx
ajax$protocols$_body:Nw
ajax$protocols$_get_response_header:Ow
ajax$protocols$_js_ajax_request:Kw
ajax$protocols$_process_request:Qw
ajax$protocols$_process_response:Rw
ajax$protocols$_status:Lw
ajax$protocols$_status_text:Mw
ajax$protocols$_was_aborted:Pw
ajax$simple$default_interceptors:cy
ajax$simple$make_js_handler:by
ajax$simple$normalize_method:$x
ajax$simple$normalize_request:dy
ajax$simple$process_request:ey
ajax$simple$process_response:ay
ajax$simple$raw_ajax_request:fy
ajax$url$key_encode:Vw
ajax$url$key_value_pair_to_str:Xw
ajax$url$param_to_key_value_pairs:$w
ajax$url$to_vec_key_transform:Zw
ajax$url$value_encode:Ww
ajax$url$vec_key_transform_fn:Yw
ajax$util$get_content_type:Tw
ajax$util$successful_response_codes_set:Uw
ajax$util$throw_error:Sw
ajax$xml_http_request$xmlhttprequest:jy
cached_hierarchy__5602__auto__$jscomp$inline_1869:hD
cached_hierarchy__5602__auto__$jscomp$inline_1996:rD
cljs$core$ArrayChunk:xe
cljs$core$ArrayNode:Zg
cljs$core$ArrayNodeIterator:ch
cljs$core$ArrayNodeSeq:jh
cljs$core$Atom:jf
cljs$core$BitmapIndexedNode:Vg
cljs$core$BitmapIndexedNode$EMPTY:Yg
cljs$core$Box:Pg
cljs$core$ChunkBuffer:we
cljs$core$ChunkedCons:ze
cljs$core$ChunkedSeq:ig
cljs$core$Cons:oe
cljs$core$ES6EntriesIterator:yg
cljs$core$ES6Iterator:Vc
cljs$core$ES6IteratorSeq:Xc
cljs$core$ES6SetEntriesIterator:zg
cljs$core$EmptyList:me
cljs$core$ExceptionInfo:Ii
cljs$core$Fn:gb
cljs$core$HashCollisionNode:gh
cljs$core$HashMapIter:lh
cljs$core$HashSetIter:xh
cljs$core$IAssociative:zb
cljs$core$ICollection:mb
cljs$core$IComparable:Ti
cljs$core$ICounted:ib
cljs$core$IDeref:Nb
cljs$core$IEmptyableCollection:kb
cljs$core$IEncodeClojure:ni
cljs$core$IEncodeJS:ii
cljs$core$IFn:hb
cljs$core$IIndexed:ob
cljs$core$IIndexed$_nth$dyn_7805:qb
cljs$core$IIterable:xc
cljs$core$IKVReduce:Vb
cljs$core$IList:bc
cljs$core$ILookup:wb
cljs$core$ILookup$_lookup$dyn_7814:yb
cljs$core$IMap:Db
cljs$core$IMeta:Ob
cljs$core$INIT:We
cljs$core$INext:ub
cljs$core$IPrintWithWriter:gc
cljs$core$IRecord:cc
cljs$core$IReduce:Sb
cljs$core$IReduce$_reduce$dyn_7863:Ub
cljs$core$IReversible:dc
cljs$core$ISeq:rb
cljs$core$ISeqable:Zb
cljs$core$ISequential:ac
cljs$core$ISet:Hb
cljs$core$ISwap$_swap_BANG_$dyn_7950:wc
cljs$core$ITER_SYMBOL:bb
cljs$core$IVector:Lb
cljs$core$IndexedSeq:F
cljs$core$IndexedSeqIterator:od
cljs$core$IntegerRange:Gh
cljs$core$IntegerRangeChunk:Eh
cljs$core$KeySeq:rh
cljs$core$Keyword:D
cljs$core$LazySeq:ue
cljs$core$List:yd
cljs$core$List$EMPTY:Uc
cljs$core$MapEntry:Xf
cljs$core$MetaFn:Ed
cljs$core$MultiFn:Di
cljs$core$NeverEquiv:ug
cljs$core$NodeIterator:Ug
cljs$core$NodeSeq:hh
cljs$core$PROTOCOL_SENTINEL:m
cljs$core$PersistentArrayMap:n
cljs$core$PersistentArrayMap$EMPTY:V
cljs$core$PersistentArrayMap$HASHMAP_THRESHOLD:Ig
cljs$core$PersistentArrayMap$createAsIfByAssoc:Bd
cljs$core$PersistentArrayMap$createAsIfByAssocComplexPath:Ng
cljs$core$PersistentArrayMapIterator:Cg
cljs$core$PersistentArrayMapSeq:Bg
cljs$core$PersistentHashMap:mh
cljs$core$PersistentHashMap$EMPTY:Jg
cljs$core$PersistentHashMap$fromArrays:oh
cljs$core$PersistentHashSet:yh
cljs$core$PersistentHashSet$EMPTY:Ah
cljs$core$PersistentQueue:sg
cljs$core$PersistentQueue$EMPTY:tg
cljs$core$PersistentQueueIter:qg
cljs$core$PersistentQueueSeq:rg
cljs$core$PersistentVector:W
cljs$core$PersistentVector$EMPTY:xd
cljs$core$PersistentVector$EMPTY_NODE:X
cljs$core$PersistentVector$fromArray:cg
cljs$core$RSeq:pd
cljs$core$Range:Hh
cljs$core$RangeIterator:Fh
cljs$core$RangedIterator:Tf
cljs$core$RecordIter:xg
cljs$core$Reduced:cd
cljs$core$Repeat:tf
cljs$core$START:Xe
cljs$core$SeqIter:Ye
cljs$core$StringBufferWriter:Ac
cljs$core$Subvec:kg
cljs$core$Symbol:Nc
cljs$core$TransientArrayMap:Hg
cljs$core$TransientHashMap:nh
cljs$core$TransientHashSet:zh
cljs$core$TransientVector:Yf
cljs$core$UUID:Hi
cljs$core$ValSeq:sh
cljs$core$VectorNode:If
cljs$core$_EQ_:K
cljs$core$_PLUS_:fe
cljs$core$_STAR_print_level_STAR_:Qa
cljs$core$__destructure_map:Te
cljs$core$_add_watch:ic
cljs$core$_as_transient:lc
cljs$core$_assoc:Bb
cljs$core$_assoc_BANG_:oc
cljs$core$_assoc_n:Mb
cljs$core$_chunked_first:qc
cljs$core$_chunked_rest:rc
cljs$core$_clj__GT_js:ji
cljs$core$_compare:Ui
cljs$core$_conj:nb
cljs$core$_conj_BANG_:mc
cljs$core$_contains_key_QMARK_:Ab
cljs$core$_count:jb
cljs$core$_deref:B
cljs$core$_disjoin:Ib
cljs$core$_dissoc:Eb
cljs$core$_drop:zc
cljs$core$_drop_first:pc
cljs$core$_empty:lb
cljs$core$_equiv:Xb
cljs$core$_find:Cb
cljs$core$_first:sb
cljs$core$_global_hierarchy:ri
cljs$core$_hash:Yb
cljs$core$_indexOf$cljs$0core$0IFn$0_invoke$0arity$03:M
cljs$core$_iterator:yc
cljs$core$_js__GT_clj:oi
cljs$core$_key:Fb
cljs$core$_kv_reduce:Wb
cljs$core$_lastIndexOf$cljs$0core$0IFn$0_invoke$0arity$03:O
cljs$core$_lookup:xb
cljs$core$_meta:Pb
cljs$core$_name:sc
cljs$core$_namespace:tc
cljs$core$_next:vb
cljs$core$_nth:pb
cljs$core$_peek:Jb
cljs$core$_persistent_BANG_:nc
cljs$core$_pop:Kb
cljs$core$_pr_writer:hc
cljs$core$_reduce:Tb
cljs$core$_remove_watch:kc
cljs$core$_reset_BANG_:uc
cljs$core$_rest:tb
cljs$core$_rseq:ec
cljs$core$_seq:$b
cljs$core$_swap_BANG_:vc
cljs$core$_val:Gb
cljs$core$_with_meta:Qb
cljs$core$_write:fc
cljs$core$aclone:cb
cljs$core$apply:Fd
cljs$core$apply$cljs$0core$0IFn$0_invoke$0arity$02:Oe
cljs$core$apply$cljs$0core$0IFn$0_invoke$0arity$03:Pe
cljs$core$apply$cljs$0core$0IFn$0_invoke$0arity$04:Qe
cljs$core$apply$cljs$0core$0IFn$0_invoke$0arity$05:Re
cljs$core$apply$cljs$0core$0IFn$0_invoke$0arity$0variadic:Se
cljs$core$apply_to:Ie
cljs$core$apply_to_simple$cljs$0core$0IFn$0_invoke$0arity$03:Ke
cljs$core$apply_to_simple$cljs$0core$0IFn$0_invoke$0arity$04:Le
cljs$core$apply_to_simple$cljs$0core$0IFn$0_invoke$0arity$05:Me
cljs$core$apply_to_simple$cljs$0core$0IFn$0_invoke$0arity$06:Ne
cljs$core$array_QMARK_:Ya
cljs$core$array__GT_transient_hash_map:Og
cljs$core$array_copy:Td
cljs$core$array_for:Qf
cljs$core$array_index_of:Ag
cljs$core$array_map:qh
cljs$core$array_reduce$cljs$0core$0IFn$0_invoke$0arity$02:hd
cljs$core$array_reduce$cljs$0core$0IFn$0_invoke$0arity$03:id
cljs$core$array_reduce$cljs$0core$0IFn$0_invoke$0arity$04:jd
cljs$core$assoc:T
cljs$core$assoc_BANG_$cljs$0core$0IFn$0_invoke$0arity$03:He
cljs$core$assoc_in:Ff
cljs$core$atom$cljs$0core$0IFn$0_invoke$0arity$01:kf
cljs$core$bit_count:ke
cljs$core$boolean$0:Wd
cljs$core$bounded_count:Ee
cljs$core$build_subvec:lg
cljs$core$butlast:Ch
cljs$core$char$0:he
cljs$core$char_escapes:Uh
cljs$core$chunk:Ce
cljs$core$chunk_append:Be
cljs$core$chunk_buffer:ye
cljs$core$chunk_cons:Ae
cljs$core$chunked_seq:bg
cljs$core$chunked_seq$cljs$0core$0IFn$0_invoke$0arity$04:ag
cljs$core$chunked_seq$cljs$0core$0IFn$0_invoke$0arity$05:jg
cljs$core$chunked_seq_QMARK_:Sd
cljs$core$ci_reduce$cljs$0core$0IFn$0_invoke$0arity$02:fd
cljs$core$ci_reduce$cljs$0core$0IFn$0_invoke$0arity$03:gd
cljs$core$clj__GT_js:li
cljs$core$clone_and_set$cljs$0core$0IFn$0_invoke$0arity$03:Qg
cljs$core$coll_QMARK_:Md
cljs$core$compare:Wi
cljs$core$compare_indexed$cljs$0core$0IFn$0_invoke$0arity$02:Xi
cljs$core$compare_keywords:$i
cljs$core$compare_symbols:Vi
cljs$core$complement:bf
cljs$core$concat:Ge
cljs$core$conj:wd
cljs$core$cons:Q
cljs$core$contains_QMARK_:Zd
cljs$core$count:N
cljs$core$counted_QMARK_:kd
cljs$core$create_array_node_seq:eh
cljs$core$create_array_node_seq$cljs$0core$0IFn$0_invoke$0arity$01:dh
cljs$core$create_array_node_seq$cljs$0core$0IFn$0_invoke$0arity$03:kh
cljs$core$create_inode_seq:Xg
cljs$core$create_inode_seq$cljs$0core$0IFn$0_invoke$0arity$01:Wg
cljs$core$create_inode_seq$cljs$0core$0IFn$0_invoke$0arity$03:ih
cljs$core$create_node:ah
cljs$core$create_node$cljs$0core$0IFn$0_invoke$0arity$06:bh
cljs$core$create_node$cljs$0core$0IFn$0_invoke$0arity$07:$g
cljs$core$deref:ed
cljs$core$disj:Kd
cljs$core$dissoc:Cd
cljs$core$do_assoc:Rf
cljs$core$doall$cljs$0core$0IFn$0_invoke$0arity$01:Oh
cljs$core$dominates:Ai
cljs$core$drop$cljs$0core$0IFn$0_invoke$0arity$02:pf
cljs$core$drop_last$cljs$0core$0IFn$0_invoke$0arity$02:qf
cljs$core$edit_and_set$cljs$0core$0IFn$0_invoke$0arity$04:Sg
cljs$core$empty:zd
cljs$core$empty_QMARK_:Ld
cljs$core$empty_ordered_hash:Zc
cljs$core$empty_unordered_hash:ad
cljs$core$equiv_map:wg
cljs$core$equiv_sequential:qd
cljs$core$es6_iterator:Wc
cljs$core$es6_iterator_seq:Sc
cljs$core$even_QMARK_:af
cljs$core$every_QMARK_:Ze
cljs$core$ex_info$cljs$0core$0IFn$0_invoke$0arity$02:Ji
cljs$core$filter$cljs$0core$0IFn$0_invoke$0arity$02:xf
cljs$core$find_and_cache_best_method:Bi
cljs$core$first:I
cljs$core$flatten:Af
cljs$core$fn_QMARK_:Dd
cljs$core$fn__GT_comparator:Si
cljs$core$fnil$cljs$0core$0IFn$0_invoke$0arity$02:df
cljs$core$frequencies:Lh
cljs$core$gensym$cljs$0core$0IFn$0_invoke$0arity$01:hi
cljs$core$gensym_counter:gi
cljs$core$get:Oc
cljs$core$get$cljs$0core$0IFn$0_invoke$0arity$02:C
cljs$core$get$cljs$0core$0IFn$0_invoke$0arity$03:Pc
cljs$core$get_global_hierarchy:si
cljs$core$get_in$cljs$0core$0IFn$0_invoke$0arity$02:Df
cljs$core$get_in$cljs$0core$0IFn$0_invoke$0arity$03:Ef
cljs$core$hash:Kc
cljs$core$hash_collision_node_find_index:fh
cljs$core$hash_combine:Lc
cljs$core$hash_ordered_coll:Yc
cljs$core$hash_string:Jc
cljs$core$hash_unordered_coll:$c
cljs$core$identity:de
cljs$core$ifn_QMARK_:Xd
cljs$core$imul:Cc
cljs$core$inc:bd
cljs$core$indexed_QMARK_:ld
cljs$core$inode_kv_reduce:Tg
cljs$core$instance_QMARK_:Mc
cljs$core$int$0:ie
cljs$core$integer_QMARK_:Yd
cljs$core$interleave:vf
cljs$core$into:ef
cljs$core$into_array$cljs$0core$0IFn$0_invoke$0arity$02:db
cljs$core$isa_QMARK_$cljs$0core$0IFn$0_invoke$0arity$03:wi
cljs$core$iter_reduce$cljs$0core$0IFn$0_invoke$0arity$02:$d
cljs$core$iter_reduce$cljs$0core$0IFn$0_invoke$0arity$03:ae
cljs$core$iterable_QMARK_:Rc
cljs$core$js__GT_clj$cljs$0core$0IFn$0_invoke$0arity$0variadic:pi
cljs$core$juxt$cljs$0core$0IFn$0_invoke$0arity$02:Mh
cljs$core$keep$cljs$0core$0IFn$0_invoke$0arity$02:hf
cljs$core$key:fg
cljs$core$key__GT_js$cljs$0core$0IFn$0_invoke$0arity$02:ki
cljs$core$key_test:Kg
cljs$core$keys:Dg
cljs$core$keyword:se
cljs$core$keyword_identical_QMARK_:pe
cljs$core$last:vd
cljs$core$lift_ns:di
cljs$core$linear_traversal_nth$cljs$0core$0IFn$0_invoke$0arity$03:Ad
cljs$core$list:ne
cljs$core$list_QMARK_:le
cljs$core$lookup_sentinel:Ud
cljs$core$m3_fmix:Fc
cljs$core$m3_hash_unencoded_chars:Gc
cljs$core$m3_mix_H1:Ec
cljs$core$m3_mix_K1:Dc
cljs$core$map:nf
cljs$core$map_QMARK_:Pd
cljs$core$map_entry_QMARK_:eg
cljs$core$map_indexed$cljs$0core$0IFn$0_invoke$0arity$02:gf
cljs$core$mapcat$cljs$0core$0IFn$0_invoke$0arity$0variadic:wf
cljs$core$mapv$cljs$0core$0IFn$0_invoke$0arity$02:Bf
cljs$core$max:ge
cljs$core$max_key:Dh
cljs$core$merge:th
cljs$core$meta:Id
cljs$core$missing_protocol:y
cljs$core$name:te
cljs$core$namespace:qe
cljs$core$native_satisfies_QMARK_:w
cljs$core$never_equiv:vg
cljs$core$new_path:Mf
cljs$core$next:J
cljs$core$next_STAR_:Je
cljs$core$nil_QMARK_:Xa
cljs$core$not:Za
cljs$core$not_empty:Ue
cljs$core$nth:nd
cljs$core$nth$cljs$0core$0IFn$0_invoke$0arity$02:md
cljs$core$nth$cljs$0core$0IFn$0_invoke$0arity$03:S
cljs$core$pam_grow_seed_array:Mg
cljs$core$pam_new_size:Lg
cljs$core$parents$cljs$0core$0IFn$0_invoke$0arity$01:xi
cljs$core$partial:cf
cljs$core$partition$cljs$0core$0IFn$0_invoke$0arity$03:Cf
cljs$core$peek:Jd
cljs$core$pop_tail:Sf
cljs$core$pr_opts:Ra
cljs$core$pr_sequential_writer:Rh
cljs$core$pr_str_STAR_:Bc
cljs$core$pr_str_with_opts:bi
cljs$core$pr_writer:Yh
cljs$core$pr_writer_impl:Xh
cljs$core$prefers_STAR_:zi
cljs$core$prim_seq$cljs$0core$0IFn$0_invoke$0arity$02:R
cljs$core$print_map:Zh
cljs$core$print_meta_QMARK_:Wh
cljs$core$print_prefix_map:ei
cljs$core$push_tail:Nf
cljs$core$pv_clone_node:Kf
cljs$core$pv_fresh_node:Jf
cljs$core$pv_reduce$cljs$0core$0IFn$0_invoke$0arity$04:Vf
cljs$core$pv_reduce$cljs$0core$0IFn$0_invoke$0arity$05:Wf
cljs$core$qualified_keyword_QMARK_:re
cljs$core$quot:je
cljs$core$quote_string:Vh
cljs$core$range$cljs$0core$0IFn$0_invoke$0arity$03:Jh
cljs$core$ranged_iterator:Uf
cljs$core$re_find:Qh
cljs$core$re_matches:Ph
cljs$core$record_QMARK_:Qd
cljs$core$reduce:fb
cljs$core$reduce$cljs$0core$0IFn$0_invoke$0arity$02:be
cljs$core$reduce$cljs$0core$0IFn$0_invoke$0arity$03:eb
cljs$core$reduce_kv:ce
cljs$core$reduced_QMARK_:dd
cljs$core$remove$cljs$0core$0IFn$0_invoke$0arity$02:yf
cljs$core$remove_pair:Rg
cljs$core$repeat$cljs$0core$0IFn$0_invoke$0arity$02:uf
cljs$core$reset_BANG_:lf
cljs$core$reset_cache:yi
cljs$core$rest:Tc
cljs$core$second:ud
cljs$core$select_keys:uh
cljs$core$seq:E
cljs$core$seq_QMARK_:Vd
cljs$core$seq_reduce:sd
cljs$core$seq_reduce$cljs$0core$0IFn$0_invoke$0arity$02:rd
cljs$core$seq_reduce$cljs$0core$0IFn$0_invoke$0arity$03:td
cljs$core$sequential_QMARK_:Od
cljs$core$set:Bh
cljs$core$set_QMARK_:Nd
cljs$core$some:$e
cljs$core$sort$cljs$0core$0IFn$0_invoke$0arity$02:Zi
cljs$core$sort_by$cljs$0core$0IFn$0_invoke$0arity$02:ej
cljs$core$sort_by$cljs$0core$0IFn$0_invoke$0arity$03:jj
cljs$core$spread:Fe
cljs$core$str:z
cljs$core$string_hash_cache:Hc
cljs$core$string_hash_cache_count:Ic
cljs$core$strip_ns:ci
cljs$core$subvec:mg
cljs$core$swap_BANG_:mf
cljs$core$symbol:Qc
cljs$core$t_cljs$0core6554:Ve
cljs$core$tail_off:Lf
cljs$core$take$cljs$0core$0IFn$0_invoke$0arity$02:of
cljs$core$take_last:rf
cljs$core$take_nth$cljs$0core$0IFn$0_invoke$0arity$02:Kh
cljs$core$throw_no_method_error:Ci
cljs$core$to_array:De
cljs$core$transduce$cljs$0core$0IFn$0_invoke$0arity$04:ee
cljs$core$tree_seq:zf
cljs$core$truth_:v
cljs$core$tv_editable_root:Zf
cljs$core$tv_editable_tail:$f
cljs$core$tv_ensure_editable:ng
cljs$core$tv_push_tail:og
cljs$core$type:$a
cljs$core$type__GT_str:ab
cljs$core$unchecked_array_for:Pf
cljs$core$update:Hf
cljs$core$update_in:Gf
cljs$core$val:gg
cljs$core$vals:Eg
cljs$core$vec:dg
cljs$core$vector:hg
cljs$core$vector_QMARK_:Rd
cljs$core$vector_index_out_of_bounds:Of
cljs$core$with_meta:Gd
cljs$core$write_all$cljs$0core$0IFn$0_invoke$0arity$0variadic:Th
cljs$cst$0$flush_on_newline:Sa
cljs$cst$1$readably:Ta
cljs$cst$1000$daily_summary_SLASH_selected_year:sB
cljs$cst$1001$daily_summary_SLASH_selected_month:jq
cljs$cst$1002$daily_summary_SLASH_data:Ak
cljs$cst$1003$daily_summary_SLASH_loading_QMARK_:go
cljs$cst$1004$daily_summary_SLASH_summary:yp
cljs$cst$1005$daily_summary_SLASH_current_day_summary:Bj
cljs$cst$1006$transcripts_SLASH_loading_dates_QMARK_:ok
cljs$cst$1007$transcripts_SLASH_loading_transcript_QMARK_:Xm
cljs$cst$1008$div_DOT_conversational_repl:is
cljs$cst$105$more_marker:Sh
cljs$cst$106$alt_impl:$h
cljs$cst$107$fallback_impl:ai
cljs$cst$108$val:fi
cljs$cst$109$status:ho
cljs$cst$126$keyword_fn:mi
cljs$cst$127$keywordize_keys:qi
cljs$cst$128$parents:ti
cljs$cst$129$descendants:ui
cljs$cst$130$ancestors:vi
cljs$cst$138$uuid:bo
cljs$cst$139$type:Ks
cljs$cst$141$message:po
cljs$cst$142$data:nj
cljs$cst$177$warn:Tl
cljs$cst$178$error:mk
cljs$cst$179$name:Nl
cljs$cst$182$class:Y
cljs$cst$183$style:ko
cljs$cst$184$key:Cn
cljs$cst$186$on_dispose:Lr
cljs$cst$187$f:Vq
cljs$cst$189$auto_run:ij
cljs$cst$190$path:kp
cljs$cst$193$on_set:yq
cljs$cst$194$no_cache:aj
cljs$cst$2$meta:Ua
cljs$cst$202$shouldComponentUpdate:Bo
cljs$cst$203$componentWillUnmount:tl
cljs$cst$204$reagentRender:uj
cljs$cst$205$render:Tj
cljs$cst$206$displayName:wm
cljs$cst$207$cljsLegacyRender:Mp
cljs$cst$208$childContextTypes:Do
cljs$cst$209$contextTypes:jm
cljs$cst$210$contextType:Uk
cljs$cst$211$getDerivedStateFromProps:ro
cljs$cst$212$getDerivedStateFromError:Xr
cljs$cst$213$getInitialState:$q
cljs$cst$214$constructor:Yi
cljs$cst$215$reagent_render:dm
cljs$cst$216$on_write:Jq
cljs$cst$217$display_name:Zm
cljs$cst$218$component_did_update:Xl
cljs$cst$219$component_will_unmount:Ho
cljs$cst$222$id:pq
cljs$cst$223$className:wl
cljs$cst$229$function_components:Ck
cljs$cst$230$parse_tag:to
cljs$cst$231$callback:ds
cljs$cst$232$log:Or
cljs$cst$233$debug:lq
cljs$cst$234$group:Hp
cljs$cst$235$groupEnd:dj
cljs$cst$236$loaded_QMARK_:Iq
cljs$cst$237$global_interceptors:Gn
cljs$cst$238$sub:In
cljs$cst$239$event:Hk
cljs$cst$240$cofx:Gr
cljs$cst$241$fx:Mn
cljs$cst$247$after:up
cljs$cst$248$before:ns
cljs$cst$249$unnamed:Fn
cljs$cst$250$effects:ts
cljs$cst$251$coeffects:Rk
cljs$cst$252$queue:vk
cljs$cst$253$stack:tj
cljs$cst$254$original_event:Yo
cljs$cst$255$db:Z
cljs$cst$256$interceptors:Fl
cljs$cst$259$duration:Ap
cljs$cst$268$_LT__:As
cljs$cst$270$value:Kk
cljs$cst$271$flush_dom:cs
cljs$cst$272$yield:Om
cljs$cst$273$finish_run:Oq
cljs$cst$274$pause:lo
cljs$cst$275$add_event:vs
cljs$cst$276$run_queue:Ar
cljs$cst$278$idle:bj
cljs$cst$279$scheduled:hq
cljs$cst$280$running:fr
cljs$cst$281$exception:xs
cljs$cst$282$paused:Po
cljs$cst$283$resume:Nm
cljs$cst$284$fsm_state:tn
cljs$cst$285$trigger:Bm
cljs$cst$289$queue:tq
cljs$cst$291$do_fx:Gj
cljs$cst$293$ms:Jp
cljs$cst$294$dispatch:io
cljs$cst$295$dispatch_later:Jk
cljs$cst$296$dispatch_n:bk
cljs$cst$297$deregister_event_handler:Xn
cljs$cst$298$atom:Sk
cljs$cst$299$sequential:yk
cljs$cst$3$dup:Va
cljs$cst$300$map:$o
cljs$cst$301$set:rq
cljs$cst$302$re_frame_DOT_std_interceptors_SLASH_not_found:Tk
cljs$cst$303$unwrap:Ro
cljs$cst$304$trim_v:Nn
cljs$cst$305$db_handler:gm
cljs$cst$307$fx_handler:Gk
cljs$cst$312$inject_global_interceptors:Wk
cljs$cst$313$hierarchy:cr
cljs$cst$314$response_type:Cm
cljs$cst$315$default:Ei
cljs$cst$316$text:uq
cljs$cst$317$div_DOT_text_response_DOT_space_y_3:Mi
cljs$cst$318$p_DOT_text_gray_700_DOT_leading_relaxed:hm
cljs$cst$319$content:fk
cljs$cst$320$list:Ek
cljs$cst$321$ul_DOT_list_response_DOT_space_y_2_DOT_pl_5_DOT_list_disc:kl
cljs$cst$322$li_DOT_text_gray_700_DOT_leading_relaxed:Op
cljs$cst$323$interactions:nk
cljs$cst$324$on_click:Kp
cljs$cst$325$items:ln
cljs$cst$326$spreadsheet:hn
cljs$cst$327$div_DOT_spreadsheet_response:ym
cljs$cst$328$h3:Eo
cljs$cst$329$title:Uj
cljs$cst$330$table:Yq
cljs$cst$331$thead:Nr
cljs$cst$332$tr:pr
cljs$cst$333$th:mr
cljs$cst$334$headers:Pm
cljs$cst$335$tbody:rl
cljs$cst$336$td:lr
cljs$cst$337$diagram:Ns
cljs$cst$338$div_DOT_diagram_response:$k
cljs$cst$339$div_DOT_diagram_placeholder:Vj
cljs$cst$340$pre:zs
cljs$cst$341$nodes:Qr
cljs$cst$342$email:jr
cljs$cst$343$div_DOT_email_response:wo
cljs$cst$344$div_DOT_email_header:dn
cljs$cst$345$div:Vp
cljs$cst$346$strong:Ym
cljs$cst$347$to:sr
cljs$cst$348$subject:Nk
cljs$cst$349$div_DOT_email_body:hk
cljs$cst$350$contentEditable:Kl
cljs$cst$351$on_blur:Ok
cljs$cst$352$on_edit:Ms
cljs$cst$353$body:Dl
cljs$cst$354$response_set:Jm
cljs$cst$355$alternatives:yn
cljs$cst$356$turn_id:Hm
cljs$cst$357$current_alternative_index:fn
cljs$cst$358$set_current_alternative:qq
cljs$cst$359$div_DOT_response_set_DOT_border_DOT_border_gray_200_DOT_rounded_lg_DOT_p_4_DOT_space_y_4:Tr
cljs$cst$360$div_DOT_bg_gray_50_DOT_rounded_md_DOT_p_3:Br
cljs$cst$361$h3_DOT_text_sm_DOT_font_semibold_DOT_text_gray_700_DOT_mb_1:sm
cljs$cst$362$p_DOT_text_sm_DOT_text_gray_600:ar
cljs$cst$363$summary:Lo
cljs$cst$364$div_DOT_alternative_content_DOT_pl_4_DOT_border_l_4_DOT_border_blue_400:js
cljs$cst$365$div_DOT_navigation_controls_DOT_flex_DOT_items_center_DOT_justify_between_DOT_pt_3_DOT_border_t_DOT_border_gray_200:wq
cljs$cst$366$div_DOT_nav_buttons_DOT_flex_DOT_gap_2:wn
cljs$cst$367$button_DOT_nav_btn_DOT_px_3_DOT_py_1_DOT_bg_gray_100_DOT_hover_COLON_bg_gray_200_DOT_rounded_DOT_disabled_COLON_opacity_50_DOT_disabled_COLON_cursor_not_allowed_DOT_transition_colors:Al
cljs$cst$368$disabled:zm
cljs$cst$369$div_DOT_flex_DOT_gap_1:Es
cljs$cst$370$button_DOT_w_2_DOT_h_2_DOT_rounded_full_DOT_transition_colors:Dj
cljs$cst$371$div_DOT_unknown_response_DOT_text_gray_500_DOT_text_sm:QB
cljs$cst$372$p_DOT_mb_2:kn
cljs$cst$373$pre_DOT_bg_gray_100_DOT_p_2_DOT_rounded_DOT_text_xs:CB
cljs$cst$374$div_DOT_text_response:EB
cljs$cst$376$meeting_url:dC
cljs$cst$386$story_arc:al
cljs$cst$391$representative_content:Oi
cljs$cst$392$turn_count:Pi
cljs$cst$393$energy:Ri
cljs$cst$394$key_themes:cj
cljs$cst$395$phases:fj
cljs$cst$396$significance:gj
cljs$cst$397$segment_id:hj
cljs$cst$4$print_length:Wa
cljs$cst$413$span_DOT_text_sm_DOT_text_gray_500:Eq
cljs$cst$420$span:LC
cljs$cst$439$div_DOT_mb_8:tm
cljs$cst$448$story_arc_SLASH_set_selected_segment:Dp
cljs$cst$449$selected_segment:Gw
cljs$cst$450$story_arc_SLASH_toggle_moment_details:Zo
cljs$cst$451$expanded_moments:ks
cljs$cst$452$story_arc_SLASH_selected_segment:KA
cljs$cst$453$story_arc_SLASH_expanded_moments:Xu
cljs$cst$454$status_text:Jo
cljs$cst$461$java:so
cljs$cst$462$vec_strategy:aq
cljs$cst$463$write:mn
cljs$cst$464$content_type:TC
cljs$cst$47$validator:as
cljs$cst$480$response:pl
cljs$cst$483$description:kq
cljs$cst$484$failure:rk
cljs$cst$485$parse:RB
cljs$cst$486$original_text:nC
cljs$cst$487$parse_error:fo
cljs$cst$488$read:vn
cljs$cst$489$failed:Sj
cljs$cst$490$aborted:xk
cljs$cst$491$timeout:Uo
cljs$cst$495$uri:Fr
cljs$cst$496$method:sj
cljs$cst$497$format:iB
cljs$cst$498$params:yr
cljs$cst$499$url_params:Fj
cljs$cst$500$response_format:fB
cljs$cst$502$prefix:cq
cljs$cst$503$keywords_QMARK_:op
cljs$cst$504$raw:Um
cljs$cst$508$handler:Sr
cljs$cst$509$api:mj
cljs$cst$512$with_credentials:uk
cljs$cst$513$progress_handler:fp
cljs$cst$516$not_initialized:Ir
cljs$cst$517$connection_established:rs
cljs$cst$518$request_received:qB
cljs$cst$519$processing_request:gy
cljs$cst$520$response_ready:GA
cljs$cst$521$meeting_name:hs
cljs$cst$522$bot_creation_SLASH_loading_QMARK_:km
cljs$cst$523$bot_creation_SLASH_message:co
cljs$cst$524$user_email:pp
cljs$cst$525$div_DOT_bot_creation_tab_DOT_p_6_DOT_max_w_2xl_DOT_mx_auto:Wp
cljs$cst$526$h2_DOT_text_2xl_DOT_font_bold_DOT_mb_6:$n
cljs$cst$527$div_DOT_message_display_DOT_p_4_DOT_mb_4_DOT_rounded:dB
cljs$cst$528$form_DOT_space_y_4:Lu
cljs$cst$529$on_submit:vB
cljs$cst$530$bot_creation_SLASH_create_bot:sp
cljs$cst$531$div_DOT_form_group:Dm
cljs$cst$532$label_DOT_block_DOT_text_sm_DOT_font_medium_DOT_text_gray_700_DOT_mb_1:JA
cljs$cst$533$for:Js
cljs$cst$534$input_DOT_w_full_DOT_px_3_DOT_py_2_DOT_border_DOT_border_gray_300_DOT_rounded_md_DOT_focus_COLON_outline_none_DOT_focus_COLON_ring_2_DOT_focus_COLON_ring_blue_500:Ij
cljs$cst$535$on_change:cl
cljs$cst$536$placeholder:VB
cljs$cst$537$required:Kq
cljs$cst$538$div_DOT_info_box_DOT_p_3_DOT_bg_blue_50_DOT_rounded_md:Ls
cljs$cst$539$p_DOT_text_sm_DOT_text_gray_700:cn
cljs$cst$540$span_DOT_font_medium:Pp
cljs$cst$541$button_DOT_w_full_DOT_px_4_DOT_py_2_DOT_bg_blue_600_DOT_text_white_DOT_rounded_md_DOT_hover_COLON_bg_blue_700_DOT_focus_COLON_outline_none_DOT_focus_COLON_ring_2_DOT_focus_COLON_ring_blue_500_DOT_disabled_COLON_opacity_50_DOT_disabled_COLON_cursor_not_allowed:Bl
cljs$cst$542$bot_creation_SLASH_bots:dl
cljs$cst$543$div_DOT_bot_list_DOT_mt_8:Yn
cljs$cst$544$h3_DOT_text_lg_DOT_font_semibold_DOT_mb_4:qC
cljs$cst$545$div_DOT_space_y_2:sl
cljs$cst$546$div_DOT_bot_item_DOT_p_4_DOT_border_DOT_border_gray_200_DOT_rounded_md:eB
cljs$cst$547$div_DOT_font_medium:NB
cljs$cst$548$meeting_name:hC
cljs$cst$549$div_DOT_text_sm_DOT_text_gray_600:tr
cljs$cst$550$meeting_url:Go
cljs$cst$551$div_DOT_text_xs_DOT_text_gray_500:sk
cljs$cst$552$created_at:rA
cljs$cst$553$bot_creation_SLASH_running_bots:mq
cljs$cst$554$bot_creation_SLASH_fetching_bots_QMARK_:Rl
cljs$cst$555$bot_creation_SLASH_shutting_down:wA
cljs$cst$556$div_DOT_running_bots_DOT_mt_8:Pq
cljs$cst$557$div_DOT_flex_DOT_items_center_DOT_justify_between_DOT_mb_4:qs
cljs$cst$558$h3_DOT_text_lg_DOT_font_semibold:vq
cljs$cst$559$button_DOT_px_3_DOT_py_1_DOT_text_sm_DOT_bg_gray_100_DOT_hover_COLON_bg_gray_200_DOT_rounded_DOT_disabled_COLON_opacity_50:qm
cljs$cst$560$bot_creation_SLASH_fetch_bots:oj
cljs$cst$561$div_DOT_p_4_DOT_text_center_DOT_text_gray_500:Gl
cljs$cst$562$div_DOT_space_y_3:ul
cljs$cst$563$div_DOT_bot_item_DOT_p_4_DOT_border_DOT_border_gray_200_DOT_rounded_md_DOT_bg_white_DOT_shadow_sm:Yj
cljs$cst$564$div_DOT_flex_DOT_items_start_DOT_justify_between:dz
cljs$cst$565$div_DOT_flex_1:Dk
cljs$cst$566$div_DOT_font_medium_DOT_text_gray_900:Jl
cljs$cst$567$div_DOT_text_sm_DOT_text_gray_600_DOT_mt_1:OA
cljs$cst$568$div_DOT_text_xs_DOT_text_gray_500_DOT_mt_2:Fm
cljs$cst$569$div_DOT_text_xs_DOT_mt_1:fq
cljs$cst$570$span_DOT_inline_flex_DOT_px_2_DOT_py_1_DOT_text_xs_DOT_font_semibold_DOT_rounded_full:gp
cljs$cst$571$button_DOT_px_3_DOT_py_1_DOT_text_sm_DOT_bg_red_500_DOT_hover_COLON_bg_red_600_DOT_text_white_DOT_rounded_DOT_disabled_COLON_opacity_50_DOT_disabled_COLON_cursor_not_allowed:Wm
cljs$cst$572$bot_creation_SLASH_shutdown_bot:ZB
cljs$cst$573$stuck_meetings_SLASH_meetings:El
cljs$cst$574$stuck_meetings_SLASH_fetching_QMARK_:im
cljs$cst$575$stuck_meetings_SLASH_completing:To
cljs$cst$576$div_DOT_stuck_meetings_DOT_mt_8:Hs
cljs$cst$577$h3_DOT_text_lg_DOT_font_semibold_DOT_text_orange_700:ez
cljs$cst$578$stuck_meetings_SLASH_fetch:Ik
cljs$cst$579$div_DOT_meeting_item_DOT_p_4_DOT_border_DOT_border_orange_200_DOT_rounded_md_DOT_bg_orange_50_DOT_shadow_sm:jp
cljs$cst$580$meeting_id:FB
cljs$cst$581$div_DOT_text_xs_DOT_text_gray_500_DOT_mt_1:Im
cljs$cst$582$bot_id:Zp
cljs$cst$583$turn_count:vp
cljs$cst$584$div_DOT_text_xs_DOT_mt_2:eq
cljs$cst$585$span_DOT_inline_flex_DOT_px_2_DOT_py_1_DOT_text_xs_DOT_font_semibold_DOT_rounded_full_DOT_bg_orange_100_DOT_text_orange_800:aC
cljs$cst$586$button_DOT_px_3_DOT_py_1_DOT_text_sm_DOT_bg_orange_500_DOT_hover_COLON_bg_orange_600_DOT_text_white_DOT_rounded_DOT_disabled_COLON_opacity_50_DOT_disabled_COLON_cursor_not_allowed:oC
cljs$cst$587$stuck_meetings_SLASH_force_complete:Em
cljs$cst$588$div_DOT_bot_creation_container:fs
cljs$cst$589$cogito_DOT_meetings_SLASH_delete_meeting:Mk
cljs$cst$590$cogito_DOT_meetings_SLASH_load_meetings:qo
cljs$cst$591$cogito_DOT_meetings_SLASH_meetings_loaded:Lq
cljs$cst$592$cogito_DOT_meetings_SLASH_meetings_load_failed:Bs
cljs$cst$593$meetings:Bn
cljs$cst$594$meetings_error:Dr
cljs$cst$595$cogito_DOT_meetings_SLASH_set_selected_meeting:Vr
cljs$cst$596$selected_meeting:Mo
cljs$cst$597$cogito_DOT_meetings_SLASH_meetings:zk
cljs$cst$598$cogito_DOT_meetings_SLASH_meetings_error:Vk
cljs$cst$599$cogito_DOT_meetings_SLASH_selected_meeting:wp
cljs$cst$600$block_id:WA
cljs$cst$601$turns:ip
cljs$cst$602$current_prompt:$A
cljs$cst$603$loading_QMARK_:fl
cljs$cst$604$h2:Tq
cljs$cst$605$block_name:Zn
cljs$cst$606$p:LA
cljs$cst$607$prompt:pA
cljs$cst$608$textarea:cz
cljs$cst$609$rows:gn
cljs$cst$610$set_current_prompt:zB
cljs$cst$611$button:PC
cljs$cst$612$submit_meeting_prompt:sn
cljs$cst$613$participant_count:TB
cljs$cst$614$transcript_summary:Il
cljs$cst$615$join_meeting:wr
cljs$cst$616$workbench_SLASH_set_active_tab:un
cljs$cst$617$conversation:oq
cljs$cst$618$embedded_count:mo
cljs$cst$619$cogito_DOT_semantic_map_simple_SLASH_set_current_meeting:gq
cljs$cst$620$component_did_mount:oB
cljs$cst$621$h1:Sq
cljs$cst$622$create_new_meeting:jC
cljs$cst$623$map_SLASH_current_meeting:Rn
cljs$cst$624$cogito_DOT_semantic_map_simple_SLASH_load_embeddings:VC
cljs$cst$625$cogito_DOT_semantic_map_simple_SLASH_embeddings_loaded:om
cljs$cst$626$cogito_DOT_semantic_map_simple_SLASH_embeddings_load_failed:RC
cljs$cst$627$map_SLASH_loading_QMARK_:Dn
cljs$cst$628$map_SLASH_embeddings:Jr
cljs$cst$629$embeddings:WB
cljs$cst$630$map_SLASH_stats:Cy
cljs$cst$631$stats:uB
cljs$cst$632$map_SLASH_error:Qk
cljs$cst$633$cogito_DOT_semantic_map_simple_SLASH_set_selected_turn:ap
cljs$cst$634$map_SLASH_selected_turn:En
cljs$cst$635$cogito_DOT_semantic_map_simple_SLASH_current_meeting:yl
cljs$cst$636$cogito_DOT_semantic_map_simple_SLASH_embeddings:Hn
cljs$cst$637$cogito_DOT_semantic_map_simple_SLASH_loading_QMARK_:ls
cljs$cst$638$cogito_DOT_semantic_map_simple_SLASH_error:on
cljs$cst$639$cogito_DOT_semantic_map_simple_SLASH_selected_turn:Uq
cljs$cst$640$display:JB
cljs$cst$641$height:Qo
cljs$cst$642$background:Yk
cljs$cst$643$border_radius:hl
cljs$cst$644$width:Qq
cljs$cst$645$padding:kC
cljs$cst$646$svg:Ip
cljs$cst$647$border:An
cljs$cst$648$circle:ys
cljs$cst$649$cx:kr
cljs$cst$650$x:MA
cljs$cst$651$cy:hr
cljs$cst$652$y:IA
cljs$cst$653$r:XA
cljs$cst$654$fill:Nu
cljs$cst$655$participant_name:zr
cljs$cst$656$cursor:qA
cljs$cst$657$turn_id:OB
cljs$cst$658$border_left:Jj
cljs$cst$659$h4:Zq
cljs$cst$660$label:Jn
cljs$cst$661$year:yj
cljs$cst$662$month:ol
cljs$cst$663$daily_summary_SLASH_monthly_summaries:kB
cljs$cst$664$daily_summary_SLASH_monthly_summaries_generating_QMARK_:Zl
cljs$cst$665$div_DOT_daily_summary_tab_DOT_h_full_DOT_flex_DOT_flex_col:GB
cljs$cst$666$div_DOT_header_DOT_border_b_DOT_pb_4_DOT_mb_4:gr
cljs$cst$667$div_DOT_flex_DOT_justify_between_DOT_items_center:zj
cljs$cst$668$h2_DOT_text_xl_DOT_font_semibold_DOT_text_gray_900:Gm
cljs$cst$669$div_DOT_flex_DOT_items_center_DOT_space_x_4:BB
cljs$cst$670$select_DOT_text_sm_DOT_bg_white_DOT_border_DOT_border_gray_300_DOT_rounded_DOT_px_3_DOT_py_2_DOT_focus_COLON_outline_none_DOT_focus_COLON_ring_2_DOT_focus_COLON_ring_blue_500:Ds
cljs$cst$671$option:vr
cljs$cst$672$button_DOT_px_4_DOT_py_2_DOT_text_sm_DOT_bg_blue_500_DOT_text_white_DOT_rounded_DOT_hover_COLON_bg_blue_600_DOT_disabled_COLON_opacity_50:lA
cljs$cst$673$daily_summary_SLASH_generate_monthly_summaries:Zk
cljs$cst$674$p_DOT_text_xs_DOT_text_blue_500_DOT_font_mono:Lp
cljs$cst$675$div_DOT_flex_1_DOT_overflow_y_auto_DOT_p_4:Fp
cljs$cst$676$div_DOT_flex_DOT_justify_center_DOT_items_center_DOT_py_12:ep
cljs$cst$677$div_DOT_animate_spin_DOT_rounded_full_DOT_h_8_DOT_w_8_DOT_border_b_2_DOT_border_blue_600_DOT_mr_3:Yp
cljs$cst$678$span_DOT_text_gray_600:wB
cljs$cst$679$div_DOT_space_y_6:ll
cljs$cst$680$div_DOT_border_DOT_border_gray_200_DOT_rounded_lg_DOT_p_6_DOT_bg_white_DOT_shadow_sm:Cp
cljs$cst$681$div_DOT_mb_4:Km
cljs$cst$682$h4_DOT_text_xl_DOT_font_semibold_DOT_text_gray_800:qn
cljs$cst$683$div_DOT_text_gray_700_DOT_leading_relaxed_DOT_space_y_3:zp
cljs$cst$684$div_DOT_text_center_DOT_py_12:Yl
cljs$cst$685$p_DOT_text_gray_500_DOT_mb_4:Np
cljs$cst$686$p_DOT_text_sm_DOT_text_gray_400:XC
cljs$cst$687$monthly_summary_SLASH_yearly_summaries:Rp
cljs$cst$688$monthly_summary_SLASH_yearly_summaries_generating_QMARK_:Wr
cljs$cst$689$div_DOT_monthly_summary_tab_DOT_h_full_DOT_flex_DOT_flex_col:ml
cljs$cst$690$button_DOT_px_4_DOT_py_2_DOT_text_sm_DOT_bg_green_500_DOT_text_white_DOT_rounded_DOT_hover_COLON_bg_green_600_DOT_disabled_COLON_opacity_50_DOT_flex_DOT_items_center_DOT_space_x_2:Cl
cljs$cst$691$monthly_summary_SLASH_generate_yearly_summaries:Bp
cljs$cst$692$div_DOT_animate_spin_DOT_rounded_full_DOT_h_4_DOT_w_4_DOT_border_b_2_DOT_border_white:Pl
cljs$cst$693$p_DOT_text_xs_DOT_text_green_500_DOT_font_mono:lm
cljs$cst$694$div_DOT_animate_spin_DOT_rounded_full_DOT_h_8_DOT_w_8_DOT_border_b_2_DOT_border_green_600_DOT_mr_3:qr
cljs$cst$695$upload_files_SLASH_uploading_QMARK_:bl
cljs$cst$696$input_DOT_hidden:Vl
cljs$cst$697$accept:tk
cljs$cst$698$multiple:dk
cljs$cst$699$upload_files_SLASH_handle_files:JC
cljs$cst$700$label_DOT_cursor_pointer_DOT_block:pm
cljs$cst$701$div_DOT_text_gray_500:BA
cljs$cst$702$div_DOT_flex_DOT_items_center_DOT_justify_center:tp
cljs$cst$703$div_DOT_animate_spin_DOT_rounded_full_DOT_h_5_DOT_w_5_DOT_border_b_2_DOT_border_blue_600_DOT_mr_2:yA
cljs$cst$704$p_DOT_text_sm:bs
cljs$cst$705$p_DOT_text_xs_DOT_text_gray_400:Ou
cljs$cst$706$upload_files_SLASH_show_text_creator:Vm
cljs$cst$707$upload_files_SLASH_files:Hl
cljs$cst$708$upload_files_SLASH_selected_file:Oo
cljs$cst$709$div_DOT_flex_1_DOT_overflow_y_auto:Ql
cljs$cst$710$upload_files_SLASH_select_file:AB
cljs$cst$711$filename:hB
cljs$cst$712$upload_files_SLASH_delete_file:Qp
cljs$cst$713$h2_DOT_text_xl_DOT_font_semibold_DOT_mb_2:pB
cljs$cst$714$p_DOT_text_sm_DOT_text_gray_600_DOT_mb_4:PB
cljs$cst$715$div_DOT_p_4:cC
cljs$cst$716$div_DOT_mb_4_DOT_pb_4_DOT_border_b_DOT_border_gray_200:uo
cljs$cst$717$h3_DOT_text_lg_DOT_font_semibold_DOT_text_gray_900:mC
cljs$cst$718$p_DOT_text_sm_DOT_text_gray_500:xp
cljs$cst$719$label_DOT_block_DOT_text_sm_DOT_font_medium_DOT_text_gray_700_DOT_mb_2:aB
cljs$cst$720$input:qp
cljs$cst$721$div_DOT_flex_DOT_justify_end_DOT_space_x_3:iq
cljs$cst$722$upload_files_SLASH_hide_text_creator:WC
cljs$cst$723$upload_files_SLASH_create_text_file:KC
cljs$cst$724$upload_files_SLASH_show_text_creator_QMARK_:Ml
cljs$cst$725$div_DOT_h_full_DOT_overflow_y_auto:vm
cljs$cst$726$uploaded_at:Ej
cljs$cst$727$size:pj
cljs$cst$728$div_DOT_text_center:Ol
cljs$cst$729$p_DOT_text_lg_DOT_mb_2:mm
cljs$cst$730$transcripts_SLASH_available_dates:EA
cljs$cst$731$transcripts_SLASH_selected_date:YC
cljs$cst$732$transcripts_SLASH_transcript_data:SB
cljs$cst$733$transcripts_SLASH_load_available_dates:hp
cljs$cst$734$div_DOT_h_full_DOT_flex:$p
cljs$cst$735$div_DOT_w_1_3_DOT_border_r_DOT_p_4:an
cljs$cst$736$transcripts_SLASH_select_date:DB
cljs$cst$737$date:Mj
cljs$cst$738$div_DOT_flex_1_DOT_p_4:bB
cljs$cst$739$div_DOT_font_bold:$B
cljs$cst$740$invitations_SLASH_send:bz
cljs$cst$741$invitations_SLASH_sending:rp
cljs$cst$742$invitations_SLASH_error:FA
cljs$cst$743$http_xhrio:vj
cljs$cst$744$post:Ll
cljs$cst$745$on_success:vA
cljs$cst$746$invitations_SLASH_send_success:Vo
cljs$cst$747$on_failure:ms
cljs$cst$748$invitations_SLASH_send_failure:np
cljs$cst$749$invitations_SLASH_success_message:fm
cljs$cst$750$invitations_SLASH_sent:Hw
cljs$cst$751$invitations_SLASH_pending_count:qj
cljs$cst$752$invitations_SLASH_load_pending:Xq
cljs$cst$753$invitations_SLASH_loading:sq
cljs$cst$754$get:jo
cljs$cst$755$invitations_SLASH_load_success:am
cljs$cst$756$invitations_SLASH_load_failure:Hq
cljs$cst$757$invitations_SLASH_pending:Wo
cljs$cst$758$invitations:er
cljs$cst$759$invitations_SLASH_clear_messages:Un
cljs$cst$760$div_DOT_flex_DOT_gap_2:OC
cljs$cst$761$input_DOT_flex_1_DOT_px_3_DOT_py_2_DOT_border_DOT_rounded:ck
cljs$cst$762$on_key_press:No
cljs$cst$763$button_DOT_px_4_DOT_py_2_DOT_bg_blue_500_DOT_text_white_DOT_rounded_DOT_hover_COLON_bg_blue_600_DOT_disabled_COLON_opacity_50:cm
cljs$cst$764$div_DOT_mt_2_DOT_text_red_600_DOT_text_sm:Pk
cljs$cst$765$div_DOT_mt_2_DOT_text_green_600_DOT_text_sm:eo
cljs$cst$766$div_DOT_p_3_DOT_border_DOT_rounded:Fq
cljs$cst$767$invited_by:jB
cljs$cst$768$invited_at:nB
cljs$cst$769$div_DOT_p_6:eC
cljs$cst$770$div_DOT_max_w_2xl:cp
cljs$cst$771$button_DOT_tab_button_DOT_px_4_DOT_py_2_DOT_border_b_2:YB
cljs$cst$772$workbench_SLASH_active_tab:Bk
cljs$cst$773$div_DOT_flex:Sp
cljs$cst$774$bot_creation:Fo
cljs$cst$775$upload_files:Ln
cljs$cst$776$daily_summary:Mr
cljs$cst$777$monthly_summary:Sl
cljs$cst$778$transcripts:nA
cljs$cst$779$div_DOT_flex_DOT_items_center_DOT_space_x_2:yB
cljs$cst$78$tag:Ul
cljs$cst$780$div_DOT_animate_spin_DOT_rounded_full_DOT_h_3_DOT_w_3_DOT_border_b_2_DOT_border_blue_600:bq
cljs$cst$781$select_DOT_text_sm_DOT_bg_white_DOT_border_DOT_border_gray_300_DOT_rounded_DOT_px_2_DOT_py_1_DOT_focus_COLON_outline_none_DOT_focus_COLON_ring_2_DOT_focus_COLON_ring_blue_500:Er
cljs$cst$782$client:Ew
cljs$cst$783$client_name:$m
cljs$cst$784$switch_client:oA
cljs$cst$785$client_id:zo
cljs$cst$786$span_DOT_text_sm_DOT_text_gray_600:Zj
cljs$cst$787$user:Dq
cljs$cst$788$available_clients:xl
cljs$cst$789$switching_client_QMARK_:bn
cljs$cst$790$logging_out_QMARK_:Lj
cljs$cst$791$button_DOT_px_3_DOT_py_1_DOT_text_sm_DOT_bg_red_500_DOT_text_white_DOT_rounded_DOT_hover_COLON_bg_red_600_DOT_disabled_COLON_opacity_50:Mq
cljs$cst$792$logout:KB
cljs$cst$793$div_DOT_prompt_input:nm
cljs$cst$794$on_key_down:Gp
cljs$cst$795$submit_prompt:us
cljs$cst$796$div_DOT_turn:zn
cljs$cst$797$div_DOT_turn_prompt:On
cljs$cst$798$div_DOT_turn_response:gs
cljs$cst$799$fetch_available_clients:rn
cljs$cst$800$div_DOT_tab_nav_DOT_flex_DOT_border_b_DOT_border_gray_200_DOT_mb_4_DOT_justify_between:Kn
cljs$cst$801$active_meeting:Jv
cljs$cst$802$div_DOT_conversation_tab:Io
cljs$cst$803$div_DOT_bg_blue_50_DOT_border_b_DOT_border_blue_200_DOT_px_4_DOT_py_3_DOT_mb_4:ql
cljs$cst$804$h2_DOT_text_lg_DOT_font_semibold_DOT_text_blue_900:SC
cljs$cst$805$p_DOT_text_sm_DOT_text_blue_700:tA
cljs$cst$806$button_DOT_px_3_DOT_py_1_DOT_text_sm_DOT_bg_blue_600_DOT_text_white_DOT_rounded_DOT_hover_COLON_bg_blue_700:um
cljs$cst$807$leave_meeting:NC
cljs$cst$808$div_DOT_conversation_history:rm
cljs$cst$809$upload_files_SLASH_load_files:pn
cljs$cst$810$table_DOT_upload_files_tab_DOT_h_full_DOT_w_full:Cr
cljs$cst$811$vertical_align:qk
cljs$cst$812$div_DOT_workbench_panel:Aj
cljs$cst$813$div_DOT_login_form:Lk
cljs$cst$814$div_DOT_error_message:Yr
cljs$cst$815$form:Cs
cljs$cst$816$credentials:ss
cljs$cst$817$password:Os
cljs$cst$818$login_success:hy
cljs$cst$819$selecting_client_QMARK_:Up
cljs$cst$820$client_selection_error:jk
cljs$cst$821$div_DOT_client_selection_form:ur
cljs$cst$822$p_DOT_text_gray_600_DOT_mb_4:Gq
cljs$cst$823$div_DOT_error_message_DOT_bg_red_100_DOT_text_red_700_DOT_p_3_DOT_rounded_DOT_mb_4:no
cljs$cst$824$select_client:iy
cljs$cst$825$div_DOT_space_y_3_DOT_mb_6:MB
cljs$cst$826$label_DOT_flex_DOT_items_center_DOT_p_3_DOT_border_DOT_rounded_DOT_cursor_pointer_DOT_hover_COLON_bg_gray_50:Zr
cljs$cst$827$input_DOT_mr_3:xo
cljs$cst$828$checked:sC
cljs$cst$829$role:ak
cljs$cst$830$button_DOT_w_full_DOT_px_4_DOT_py_2_DOT_bg_blue_600_DOT_text_white_DOT_rounded_DOT_hover_COLON_bg_blue_700_DOT_disabled_COLON_opacity_50_DOT_disabled_COLON_cursor_not_allowed:mA
cljs$cst$831$authenticated_QMARK_:UC
cljs$cst$832$alternative_indices:$r
cljs$cst$833$last_method:xq
cljs$cst$834$last_error:lB
cljs$cst$835$last_error_code:Kj
cljs$cst$836$debug_message:Bq
cljs$cst$837$http_no_on_success:Cq
cljs$cst$838$http_no_on_failure:vl
cljs$cst$839$on_request:nq
cljs$cst$857$nil:lj
cljs$cst$858$string:dq
cljs$cst$859$strable:ek
cljs$cst$860$vector:Co
cljs$cst$861$reader_exception:wj
cljs$cst$862$ex_kind:gk
cljs$cst$863$file:Fw
cljs$cst$864$line:rj
cljs$cst$865$col:kk
cljs$cst$866$reader_error:dp
cljs$cst$867$illegal_argument:Pn
cljs$cst$868$eof:nl
cljs$cst$870$character:gC
cljs$cst$871$column:es
cljs$cst$874$symbol:mp
cljs$cst$875$_SLASH_:CA
cljs$cst$876$keyword:Iw
cljs$cst$877$NaN:Wl
cljs$cst$878$_Inf:Fs
cljs$cst$879$Inf:Wj
cljs$cst$902$namespaced_map:rC
cljs$cst$905$readers:Pr
cljs$cst$906$inst:Wn
cljs$cst$907$js:xj
cljs$cst$908$initialize_db:LB
cljs$cst$909$responding_to_alternative:xm
cljs$cst$910$alternative_index:cB
cljs$cst$911$alternative_id:Ko
cljs$cst$912$alternative_summary:br
cljs$cst$913$fetch_response:XB
cljs$cst$914$context:oo
cljs$cst$915$handle_llm_response:Xk
cljs$cst$916$handle_error:ik
cljs$cst$917$check_auth_status:iC
cljs$cst$918$fetch_auth_status:jn
cljs$cst$919$auth_status_received:Hj
cljs$cst$920$authenticated:vo
cljs$cst$921$pending_client_selection_QMARK_:bC
cljs$cst$922$pendingClientSelection:nn
cljs$cst$923$clients:Cj
cljs$cst$924$client_selected:Qn
cljs$cst$925$client_selection_failed:lk
cljs$cst$926$logout_success:Ur
cljs$cst$927$available_clients_received:Kr
cljs$cst$928$available_clients_failed:bp
cljs$cst$929$current_client_id:$l
cljs$cst$930$current_client_id:bm
cljs$cst$931$available_clients_error:Is
cljs$cst$932$client_switched:Mm
cljs$cst$933$client_switch_failed:kA
cljs$cst$934$client_switch_error:ir
cljs$cst$935$get_current_alternative:Lm
cljs$cst$936$bot_creation_SLASH_create_success:xn
cljs$cst$937$bot_creation_SLASH_create_failure:So
cljs$cst$938$success:dr
cljs$cst$939$bot_creation_SLASH_fetch_bots_success:kj
cljs$cst$940$bot_creation_SLASH_fetch_bots_failure:UB
cljs$cst$941$bot_creation_SLASH_shutdown_success:Qj
cljs$cst$942$bot_creation_SLASH_shutdown_failure:fC
cljs$cst$943$creating_meeting_QMARK_:en
cljs$cst$944$meeting_created:rr
cljs$cst$945$meeting_creation_failed:mD
cljs$cst$946$meeting_creation_error:Qs
cljs$cst$947$stuck_meetings_SLASH_fetch_success:em
cljs$cst$948$stuck_meetings_SLASH_fetch_failure:az
cljs$cst$949$stuck_meetings_SLASH_complete_success:Sn
cljs$cst$950$stuck_meetings_SLASH_complete_failure:Tn
cljs$cst$951$daily_summary_SLASH_set_selected_date:Xo
cljs$cst$952$selected_date:QC
cljs$cst$953$daily_summary_SLASH_set_selected_year:Tp
cljs$cst$954$daily_summary_SLASH_load_day:tB
cljs$cst$955$daily_summary_SLASH_set_selected_month:rB
cljs$cst$956$daily_summary_SLASH_set_loading:Ps
cljs$cst$957$daily_summary_SLASH_set_data:el
cljs$cst$958$daily_summary_SLASH_load_success:xB
cljs$cst$959$daily_summary_SLASH_load_failure:pk
cljs$cst$960$daily_summary_SLASH_previous_day:tC
cljs$cst$961$daily_summary_SLASH_next_day:xr
cljs$cst$962$daily_summary_SLASH_generate_summary:gB
cljs$cst$963$generating_QMARK_:IB
cljs$cst$964$daily_summary_SLASH_summary_success:Vn
cljs$cst$965$daily_summary_SLASH_summary_failure:Fk
cljs$cst$966$monthly_summaries:pC
cljs$cst$967$daily_summary_SLASH_monthly_summaries_success:Hr
cljs$cst$968$daily_summary_SLASH_monthly_summaries_failure:HB
cljs$cst$969$summaries:xA
cljs$cst$970$yearly_summaries:sA
cljs$cst$971$monthly_summary_SLASH_yearly_summaries_success:or
cljs$cst$972$monthly_summary_SLASH_yearly_summaries_failure:Xj
cljs$cst$973$uploading_QMARK_:yo
cljs$cst$974$upload_files_to_server:Rj
cljs$cst$975$files:zl
cljs$cst$976$upload_files_SLASH_file_uploaded:Gs
cljs$cst$977$upload_files_SLASH_upload_failed:mB
cljs$cst$978$upload_files_SLASH_files_loaded:Am
cljs$cst$979$upload_files_SLASH_files_load_failed:Aq
cljs$cst$98$cljs_DOT_core_SLASH_not_found:wh
cljs$cst$980$selected_file:uA
cljs$cst$981$upload_files_SLASH_file_content_loaded:gl
cljs$cst$982$upload_files_SLASH_file_content_failed:wk
cljs$cst$983$content_error:Ao
cljs$cst$984$deleting:nr
cljs$cst$985$delete:Rr
cljs$cst$986$upload_files_SLASH_file_deleted:lp
cljs$cst$987$upload_files_SLASH_delete_failed:Rq
cljs$cst$988$upload_files_SLASH_text_file_created:ao
cljs$cst$989$upload_files_SLASH_text_file_failed:ps
cljs$cst$990$show_text_creator_QMARK_:Wq
cljs$cst$991$loading_dates_QMARK_:Ep
cljs$cst$992$transcripts_SLASH_dates_loaded:Mu
cljs$cst$993$transcripts_SLASH_dates_load_failed:Xp
cljs$cst$994$available_dates:zq
cljs$cst$995$loading_transcript_QMARK_:il
cljs$cst$996$transcripts_SLASH_transcript_loaded:ws
cljs$cst$997$transcripts_SLASH_transcript_load_failed:Nq
cljs$cst$998$transcript_data:jl
cljs$cst$999$daily_summary_SLASH_selected_date:DA
cljs$reader$_STAR_default_data_reader_fn_STAR_:hA
cljs$reader$_STAR_tag_table_STAR_:iA
cljs$reader$check:fA
cljs$reader$days_in_month:cA
cljs$reader$parse_and_validate_timestamp:gA
cljs$reader$parse_int:eA
cljs$reader$read_string$cljs$0core$0IFn$0_invoke$0arity$01:jA
cljs$reader$timestamp_regex:dA
cljs$tools$reader$edn$dispatch_macros:Fz
cljs$tools$reader$edn$escape_char:Tz
cljs$tools$reader$edn$macro_terminating_QMARK_:Az
cljs$tools$reader$edn$macros:Bz
cljs$tools$reader$edn$not_constituent_QMARK_:Cz
cljs$tools$reader$edn$read:Oz
cljs$tools$reader$edn$read$cljs$0core$0IFn$0_invoke$0arity$02:bA
cljs$tools$reader$edn$read$cljs$0core$0IFn$0_invoke$0arity$04:Nz
cljs$tools$reader$edn$read_char_STAR_:Kz
cljs$tools$reader$edn$read_delimited:Mz
cljs$tools$reader$edn$read_discard:Zz
cljs$tools$reader$edn$read_dispatch:Ez
cljs$tools$reader$edn$read_keyword:Wz
cljs$tools$reader$edn$read_list:Pz
cljs$tools$reader$edn$read_map:Rz
cljs$tools$reader$edn$read_meta:Xz
cljs$tools$reader$edn$read_namespaced_map:$z
cljs$tools$reader$edn$read_number:Sz
cljs$tools$reader$edn$read_set:Yz
cljs$tools$reader$edn$read_string_STAR_:Uz
cljs$tools$reader$edn$read_symbol:Vz
cljs$tools$reader$edn$read_symbolic_value:aA
cljs$tools$reader$edn$read_tagged:Gz
cljs$tools$reader$edn$read_token$cljs$0core$0IFn$0_invoke$0arity$04:Dz
cljs$tools$reader$edn$read_unicode_char$cljs$0core$0IFn$0_invoke$0arity$04:Iz
cljs$tools$reader$edn$read_unicode_char$cljs$0core$0IFn$0_invoke$0arity$05:Jz
cljs$tools$reader$edn$read_unmatched_delimiter:Hz
cljs$tools$reader$edn$read_vector:Qz
cljs$tools$reader$edn$starting_line_col_info:Lz
cljs$tools$reader$impl$commons$float_pattern:uz
cljs$tools$reader$impl$commons$int_pattern:sz
cljs$tools$reader$impl$commons$match_number:wz
cljs$tools$reader$impl$commons$matches_QMARK_:vz
cljs$tools$reader$impl$commons$parse_symbol:xz
cljs$tools$reader$impl$commons$ratio_pattern:tz
cljs$tools$reader$impl$commons$read_comment:yz
cljs$tools$reader$impl$commons$read_past:rz
cljs$tools$reader$impl$commons$throwing_reader:zz
cljs$tools$reader$impl$errors$duplicate_keys_error:pz
cljs$tools$reader$impl$errors$eof_error$cljs$0core$0IFn$0_invoke$0arity$0variadic:iz
cljs$tools$reader$impl$errors$illegal_arg_error$cljs$0core$0IFn$0_invoke$0arity$0variadic:hz
cljs$tools$reader$impl$errors$reader_error$cljs$0core$0IFn$0_invoke$0arity$0variadic:gz
cljs$tools$reader$impl$errors$throw_bad_char:lz
cljs$tools$reader$impl$errors$throw_bad_octal_number:oz
cljs$tools$reader$impl$errors$throw_dup_keys:qz
cljs$tools$reader$impl$errors$throw_eof_reading$cljs$0core$0IFn$0_invoke$0arity$0variadic:mz
cljs$tools$reader$impl$errors$throw_ex$cljs$0core$0IFn$0_invoke$0arity$0variadic:fz
cljs$tools$reader$impl$errors$throw_invalid:kz
cljs$tools$reader$impl$errors$throw_invalid_unicode_digit:nz
cljs$tools$reader$impl$errors$throw_odd_map:jz
cljs$tools$reader$impl$inspect$inspect_STAR_:$y
cljs$tools$reader$impl$inspect$inspect_STAR__col:Zy
cljs$tools$reader$impl$utils$char_code:Oy
cljs$tools$reader$impl$utils$namespace_keys:Ny
cljs$tools$reader$impl$utils$numeric_QMARK_:My
cljs$tools$reader$impl$utils$whitespace_QMARK_:Ly
cljs$tools$reader$impl$utils$ws_rx:Ky
cljs$tools$reader$reader_types$PushbackReader:Xy
cljs$tools$reader$reader_types$StringReader:Wy
cljs$tools$reader$reader_types$get_column_number:Uy
cljs$tools$reader$reader_types$get_file_name:Vy
cljs$tools$reader$reader_types$get_line_number:Ty
cljs$tools$reader$reader_types$indexing_reader_QMARK_:Yy
cljs$tools$reader$reader_types$peek_char:Ry
cljs$tools$reader$reader_types$read_char:Py
cljs$tools$reader$reader_types$unread:Sy
clojure$data$atom_diff:nw
clojure$data$diff:qw
clojure$data$diff_associative:rw
clojure$data$diff_associative_key:pw
clojure$data$diff_sequential:sw
clojure$data$diff_set:tw
clojure$data$diff_similar:vw
clojure$data$equality_partition:uw
clojure$data$vectorize:ow
clojure$set$bubble_max_key:yt
clojure$set$difference:At
clojure$set$intersection:zt
clojure$string$join$cljs$0core$0IFn$0_invoke$0arity$02:Zs
clojure$string$replace:Ys
clojure$string$replace_all:Ws
clojure$string$replace_with:Xs
clojure$string$split$cljs$0core$0IFn$0_invoke$0arity$02:$s
clojure$string$trim:AA
cogito$bot_creation$bot_creation_form:ky
cogito$bot_creation$bot_creation_tab:oy
cogito$bot_creation$bot_list:ly
cogito$bot_creation$running_bots_list:my
cogito$bot_creation$stuck_meetings_list:ny
cogito$client_selection$client_selection_form:Fy
cogito$client_selector$client_dropdown:DC
cogito$client_selector$client_selector:GC
cogito$client_selector$client_switching_spinner:CC
cogito$client_selector$multi_client_section:EC
cogito$client_selector$single_client_section:FC
cogito$daily_summary$daily_summary_tab:xy
cogito$daily_summary$get_month_year_options:NA
cogito$db$default_db:Gy
cogito$file_list$file_list:wC
cogito$invitations$form$invitation_form:os
cogito$invitations$invitations_panel:nD
cogito$invitations$list$pending_invitations:lD
cogito$login$login_form:Ey
cogito$logout_button$logout_button:HC
cogito$meetings$format_date:qy
cogito$meetings$meeting_conversation_panel:py
cogito$meetings$meetings_list:sy
cogito$meetings$meetings_page:ty
cogito$meetings$simple_meeting_item:ry
cogito$monthly_summary$get_year_options:YA
cogito$monthly_summary$monthly_summary_tab:ZA
cogito$response_renderer$render_component:Dw
cogito$response_renderer$render_response:Jw
cogito$semantic_map_simple$get_participant_color:uy
cogito$semantic_map_simple$semantic_map_tab:wy
cogito$semantic_map_simple$simple_map_view:vy
cogito$tab_buttons$tab_button:AC
cogito$tab_buttons$tab_buttons_section:BC
cogito$text_file_creator$text_file_creator:vC
cogito$transcripts_tab$transcripts_tab:zC
cogito$upload_file_area$upload_file_area:uC
cogito$upload_files_left_pane$upload_files_left_pane:xC
cogito$upload_files_right_pane$text_creator_form:MC
cogito$upload_files_right_pane$upload_files_right_pane:yC
cogito$workbench$conversation_tab:By
cogito$workbench$panel:Dy
cogito$workbench$prompt_input:yy
cogito$workbench$tab_nav:Ay
cogito$workbench$turn_display:zy
cogito$workbench$upload_files_tab:IC
com$cognitect$transit$eq$equals:ex
com$cognitect$transit$eq$hashArrayLike:kx
com$cognitect$transit$eq$hashCode:jx
com$cognitect$transit$eq$hashCodeCounter:dx
com$cognitect$transit$eq$hashCombine:fx
com$cognitect$transit$eq$hashMapLike:ix
com$cognitect$transit$eq$stringCodeCache:gx
com$cognitect$transit$eq$stringCodeCacheSize:hx
com$cognitect$transit$util$isArray:bx
com$cognitect$transit$util$objectKeys:ax
com$cognitect$transit$util$randHex:cx
comp$jscomp$inline_2157:uD
container$jscomp$inline_2158:vD
day8$re_frame$http_fx$ajax_xhrio_handler:Hy
day8$re_frame$http_fx$dispatch_on_request:Jy
day8$re_frame$http_fx$request__GT_xhrio_options:Iy
event_v$jscomp$inline_2155:tD
fn_to_element$jscomp$inline_1125:aD
goog:aa
goog$Disposable:$u
goog$Disposable$MonitoringMode$OFF:av
goog$Timer$callOnce:Gx
goog$UID_PROPERTY_:fa
goog$async$nextTick:Zu
goog$bind:ka
goog$bindJs_:ja
goog$bindNative_:ia
goog$dom$createElement:Yu
goog$events$BrowserEvent:dv
goog$events$BrowserEvent$IE_POINTER_TYPE_MAP:ev
goog$events$BrowserFeature$PASSIVE_EVENTS:cv
goog$events$Event:bv
goog$events$EventTarget:Ex
goog$events$LISTENER_MAP_PROP_:mv
goog$events$LISTENER_WRAPPER_PROP_:zv
goog$events$Listenable$IMPLEMENTED_BY_PROP:fv
goog$events$ListenableKey$counter_:gv
goog$events$Listener:hv
goog$events$ListenerMap:jv
goog$events$ListenerMap$findListenerIndex_:kv
goog$events$getListenerMap_:tv
goog$events$getOnString_:vv
goog$events$getProxy:uv
goog$events$handleBrowserEvent_:wv
goog$events$listen:pv
goog$events$listenOnce:qv
goog$events$listen_:sv
goog$events$listenerCountEstimate_:ov
goog$events$onStringMap_:nv
goog$events$unlisten:xv
goog$events$unlistenByKey:yv
goog$events$wrapListener:rv
goog$getUid:ea
goog$global:ca
goog$inherits:la
goog$isObject:da
goog$net$DefaultXmlHttpFactory:Mx
goog$net$ErrorCode$getDebugMessage:Hx
goog$net$XhrIo:Ox
goog$net$XhrIo$HTTP_SCHEME_PATTERN:Qx
goog$net$XhrIo$METHODS_WITH_FORM_DATA:Rx
goog$net$XhrIo$ResponseType$DEFAULT:Px
goog$net$XhrIo$buildProgressEvent_:Zx
goog$net$XhrIo$shouldUseXhr2Timeout_:Ux
goog$net$XmlHttp$factory_:Lx
goog$net$XmlHttpFactory:Ix
goog$reflect$sinkValue:ma
goog$string$StringBuffer:Pa
goog$string$internal$isEmptyOrWhitespace:Ca
goog$string$internal$trim:Da
goog$string$makeSafe:Ni
goog$string$splitLimit:Na
goog$typeOf:l
goog$uidCounter_:ha
goog$uri$utils$splitRe_:Oa
goog$userAgent$GECKO:Vu
goog$userAgent$IE:Uu
goog$userAgent$WEBKIT:Wu
hierarchy__5603__auto__$jscomp$inline_1870:iD
hierarchy__5603__auto__$jscomp$inline_1997:sD
id$jscomp$inline_1124:$C
listener$jscomp$inline_1153:dD
method_cache__5601__auto__$jscomp$inline_1868:gD
method_cache__5601__auto__$jscomp$inline_1995:qD
method_table__5599__auto__$jscomp$inline_1866:eD
method_table__5599__auto__$jscomp$inline_1993:oD
module$contents$goog$array_defaultCompare:Li
module$contents$goog$array_indexOf:Ma
module$contents$goog$array_sort:Ki
module$contents$goog$array_stableSort:Qi
module$contents$goog$labs$userAgent$platform_isIphone:Tu
module$contents$goog$labs$userAgent$util_getNativeUserAgentString:Ja
module$contents$goog$labs$userAgent$util_matchUserAgent:Ka
module$contents$goog$math$Long_Long:oa
module$contents$goog$math$Long_Long$fromBits:na
module$contents$goog$math$Long_Long$fromNumber:pa
module$contents$goog$math$Long_Long$fromString:ua
module$contents$goog$math$Long_MAX_VALUE_:qa
module$contents$goog$math$Long_MIN_VALUE_:ra
module$contents$goog$math$Long_NEG_ONE_:Ba
module$contents$goog$math$Long_ONE_:Aa
module$contents$goog$math$Long_ZERO_:ta
module$contents$goog$object_PROTOTYPE_FIELDS:Ha
module$contents$goog$object_extend:Ia
module$contents$goog$object_get:Ga
module$contents$goog$object_getKeys:Fa
module$contents$goog$object_map:Ea
module$node_modules$react$index:Vs
module$node_modules$react_dom$index:Qu
navigator$jscomp$inline_1129:cD
opts$jscomp$inline_1123:ZC
parse_fn$jscomp$inline_1126:bD
prefer_table__5600__auto__$jscomp$inline_1867:fD
prefer_table__5600__auto__$jscomp$inline_1994:pD
re_frame$cofx$inject_db:mw
re_frame$core$reg_event_db:zw
re_frame$core$reg_event_fx$cljs$0core$0IFn$0_invoke$0arity$02:Aw
re_frame$core$reg_sub$cljs$0core$0IFn$0_invoke$0arity$0variadic:Bw
re_frame$core$subscribe$cljs$0core$0IFn$0_invoke$0arity$01:Cw
re_frame$db$app_db:Ev
re_frame$events$_STAR_handling_STAR_:Tv
re_frame$events$handle:Uv
re_frame$fx$dispatch_later:lw
re_frame$fx$do_fx:kw
re_frame$interceptor$__GT_interceptor:Ov
re_frame$interceptor$assoc_coeffect:Qv
re_frame$interceptor$enqueue:Sv
re_frame$interceptor$get_coeffect$cljs$0core$0IFn$0_invoke$0arity$02:Pv
re_frame$interceptor$invoke_interceptors:Rv
re_frame$interop$add_on_dispose_BANG_:Bv
re_frame$interop$deref_QMARK_:Av
re_frame$interop$empty_queue:ff
re_frame$interop$reagent_id:Dv
re_frame$interop$set_timeout_BANG_:Cv
re_frame$loggers$console:Gv
re_frame$loggers$loggers:Fv
re_frame$registrar$clear_handlers:Nv
re_frame$registrar$get_handler$cljs$0core$0IFn$0_invoke$0arity$02:Lv
re_frame$registrar$kind__GT_id__GT_handler:Kv
re_frame$registrar$register_handler:Mv
re_frame$router$dispatch:jw
re_frame$router$event_queue:iw
re_frame$router$later_fns:bw
re_frame$settings$store:Iv
re_frame$std_interceptors$db_handler__GT_interceptor:ww
re_frame$std_interceptors$fx_handler__GT_interceptor:xw
re_frame$std_interceptors$inject_global_interceptors:yw
re_frame$subs$cache_and_return:Wv
re_frame$subs$cache_lookup$cljs$0core$0IFn$0_invoke$0arity$02:Xv
re_frame$subs$deref_input_signals:$v
re_frame$subs$map_vals:Zv
re_frame$subs$query__GT_reaction:Vv
re_frame$subs$reg_sub:aw
re_frame$subs$subscribe:Yv
re_frame$utils$first_in_vector:Hv
reagent$core$after_render:Pu
reagent$core$atom$cljs$0core$0IFn$0_invoke$0arity$01:lC
reagent$dom$render_comp:Su
reagent$dom$roots:Ru
reagent$impl$batching$RenderQueue:rt
reagent$impl$batching$compare_mount_order:nt
reagent$impl$batching$enqueue:qt
reagent$impl$batching$fake_raf:lt
reagent$impl$batching$mount_count:kt
reagent$impl$batching$next_tick:mt
reagent$impl$batching$queue_render:tt
reagent$impl$batching$ratom_flush:ot
reagent$impl$batching$render_queue:st
reagent$impl$batching$run_funs:pt
reagent$impl$component$_STAR_current_component_STAR_:Wt
reagent$impl$component$built_in_static_method_names:vh
reagent$impl$component$cache_react_class:hu
reagent$impl$component$camelify_map_keys:cu
reagent$impl$component$cljsify:fu
reagent$impl$component$create_class:gu
reagent$impl$component$custom_wrapper:$t
reagent$impl$component$dash_to_method_name:bu
reagent$impl$component$functional_render:ju
reagent$impl$component$functional_render_fn:lu
reagent$impl$component$functional_render_memo_fn:ku
reagent$impl$component$functional_wrap_render:iu
reagent$impl$component$map_to_js:eu
reagent$impl$component$obligatory:au
reagent$impl$component$props_argv:Xt
reagent$impl$component$rat_opts:Vt
reagent$impl$component$reagent_class_QMARK_:Yt
reagent$impl$component$wrap_funs:du
reagent$impl$component$wrap_render:Zt
reagent$impl$input$input_component_set_value:ou
reagent$impl$input$input_handle_change:pu
reagent$impl$input$input_node_set_value:nu
reagent$impl$input$input_render_setup:qu
reagent$impl$input$input_spec:ru
reagent$impl$input$these_inputs_have_selection_api:mu
reagent$impl$protocols$as_element:wt
reagent$impl$protocols$get_id:ut
reagent$impl$protocols$make_element:xt
reagent$impl$protocols$parse_tag:vt
reagent$impl$template$HiccupTag:Bu
reagent$impl$template$cache_get:uu
reagent$impl$template$convert_custom_prop_value:zu
reagent$impl$template$convert_prop_value:wu
reagent$impl$template$custom_kv_conv:yu
reagent$impl$template$custom_prop_name_cache:xu
reagent$impl$template$default_compiler:Ku
reagent$impl$template$expand_seq:Hu
reagent$impl$template$function_element:Du
reagent$impl$template$kv_conv:vu
reagent$impl$template$make_element:Au
reagent$impl$template$maybe_function_element:Eu
reagent$impl$template$native_element:Gu
reagent$impl$template$prop_name_cache:tu
reagent$impl$template$re_tag:su
reagent$impl$template$reag_element:Cu
reagent$impl$template$t_reagent$0impl$0template8448:Ju
reagent$impl$template$tag_name_cache:Fu
reagent$impl$template$vec_to_elem:Iu
reagent$impl$util$_STAR_always_update_STAR_:ht
reagent$impl$util$capitalize:ct
reagent$impl$util$class_names:gt
reagent$impl$util$dash_to_prop_name:dt
reagent$impl$util$dont_camel_case:bt
reagent$impl$util$fun_name:et
reagent$impl$util$get_react_key:it
reagent$impl$util$is_client:at
reagent$impl$util$named_QMARK_:ft
reagent$impl$util$react_key_from_vec:jt
reagent$ratom$RAtom:Jt
reagent$ratom$RCursor:Ot
reagent$ratom$Reaction:Rt
reagent$ratom$Track:Nt
reagent$ratom$_STAR_ratom_context_STAR_:Bt
reagent$ratom$add_on_dispose_BANG_:Qt
reagent$ratom$add_w:Et
reagent$ratom$atom:Kt
reagent$ratom$cached_reaction:Lt
reagent$ratom$deref_capture:Ct
reagent$ratom$dispose_BANG_:Pt
reagent$ratom$flush_BANG_:St
reagent$ratom$handle_reaction_change:jc
reagent$ratom$make_reaction:Mt
reagent$ratom$notify_deref_watcher_BANG_:Dt
reagent$ratom$notify_w:Gt
reagent$ratom$pr_atom:Ht
reagent$ratom$rea_queue:It
reagent$ratom$remove_w:Ft
reagent$ratom$run_in_reaction:Ut
reagent$ratom$temp_reaction:Tt
req$jscomp$inline_1361:kD
shadow$js$files:Rs
shadow$js$jsRequire:Us
shadow$js$nativeProvides:Ss
shadow$js$requireStack:Ts
