JSCompiler_StaticMethods_assoc_BANG_:ch
JSCompiler_StaticMethods_cleanUpTimeoutTimer_:Cv
JSCompiler_StaticMethods_cleanUpXhr_:Hv
JSCompiler_StaticMethods_cljs$core$IMultiFn$_add_method$arity$3:ui
JSCompiler_StaticMethods_cljs$core$IMultiFn$_get_method$arity$2:ti
JSCompiler_StaticMethods_cljs$core$ITransientVector$_assoc_n_BANG_$arity$3:dg
JSCompiler_StaticMethods_createInstance:wv
JSCompiler_StaticMethods_dispatchErrors_:Gv
JSCompiler_StaticMethods_div:wa
JSCompiler_StaticMethods_equals:ya
JSCompiler_StaticMethods_error_:Bv
JSCompiler_StaticMethods_fireListeners:ov
JSCompiler_StaticMethods_forceChunk:vh
JSCompiler_StaticMethods_getOptions:sv
JSCompiler_StaticMethods_getProgId_:tv
JSCompiler_StaticMethods_getReadyState:Jv
JSCompiler_StaticMethods_isZero:xa
JSCompiler_StaticMethods_markAsRemoved:Ys
JSCompiler_StaticMethods_negate:sa
JSCompiler_StaticMethods_onReadyStateChangeHelper_:Iv
JSCompiler_StaticMethods_re_frame$router$IEventQueue$_call_post_event_callbacks$arity$2:Xt
JSCompiler_StaticMethods_re_frame$router$IEventQueue$_fsm_trigger$arity$3:Tt
JSCompiler_StaticMethods_re_frame$router$IEventQueue$_pause$arity$2:Wt
JSCompiler_StaticMethods_re_frame$router$IEventQueue$_process_1st_event_in_queue$arity$1:Ut
JSCompiler_StaticMethods_re_frame$router$IEventQueue$_run_next_tick$arity$1:Vt
JSCompiler_StaticMethods_re_frame$router$IEventQueue$_run_queue$arity$1:St
JSCompiler_StaticMethods_removeByKey:at
JSCompiler_StaticMethods_sval:ne
JSCompiler_StaticMethods_toNumber:va
JSCompiler_prototypeAlias:g
JSCompiler_temp$jscomp$310:Sv
JSCompiler_temp$jscomp$311:Tv
L 0:a
L 1:b
L 10:r
L 11:t
L 12:u
L 13:v
L 14:y
L 15:E
L 16:J
L 17:P
L 18:T
L 19:Z
L 2:c
L 20:oa
L 21:Ia
L 22:Yb
L 23:mq
L 24:nq
L 25:tw
L 26:Dv
L 27:oq
L 28:Kf
L 29:xd
L 3:d
L 30:pq
L 31:Mg
L 32:jl
L 33:Ci
L 34:kl
L 35:Ev
L 4:e
L 5:f
L 6:h
L 7:k
L 8:l
L 9:q
ajax$formats$accept_header:mv
ajax$formats$detect_content_type:jv
ajax$formats$detect_response_format:ev
ajax$formats$detect_response_format_read:lv
ajax$formats$get_accept_entries:iv
ajax$formats$get_default_format:kv
ajax$formats$get_format:hv
ajax$interceptors$ApplyRequestFormat:Zu
ajax$interceptors$DirectSubmission:bv
ajax$interceptors$ProcessUrlParameters:av
ajax$interceptors$ResponseFormat:Xu
ajax$interceptors$content_type_to_request_header:Wu
ajax$interceptors$fail:Vu
ajax$interceptors$get_response_format:dv
ajax$interceptors$map__GT_ResponseFormat:Yu
ajax$interceptors$request_interceptors:cv
ajax$interceptors$uri_with_params:$u
ajax$json$json_request_format:gv
ajax$json$json_response_format:fv
ajax$protocols$_body:wu
ajax$protocols$_get_response_header:xu
ajax$protocols$_js_ajax_request:tu
ajax$protocols$_process_request:zu
ajax$protocols$_process_response:Au
ajax$protocols$_status:uu
ajax$protocols$_status_text:vu
ajax$protocols$_was_aborted:yu
ajax$simple$default_interceptors:Ov
ajax$simple$make_js_handler:Nv
ajax$simple$normalize_method:Lv
ajax$simple$normalize_request:Pv
ajax$simple$process_request:Qv
ajax$simple$process_response:Mv
ajax$simple$raw_ajax_request:Rv
ajax$url$key_encode:Eu
ajax$url$key_value_pair_to_str:Gu
ajax$url$param_to_key_value_pairs:Ju
ajax$url$to_vec_key_transform:Iu
ajax$url$value_encode:Fu
ajax$url$vec_key_transform_fn:Hu
ajax$util$get_content_type:Cu
ajax$util$successful_response_codes_set:Du
ajax$util$throw_error:Bu
ajax$xml_http_request$xmlhttprequest:Vv
cached_hierarchy__5602__auto__$jscomp$inline_1596:yi
cljs$core$ArrayChunk:pe
cljs$core$ArrayNode:Lg
cljs$core$ArrayNodeIterator:Qg
cljs$core$ArrayNodeSeq:Xg
cljs$core$Atom:Ye
cljs$core$BitmapIndexedNode:Hg
cljs$core$BitmapIndexedNode$EMPTY:Kg
cljs$core$Box:Bg
cljs$core$ChunkBuffer:oe
cljs$core$ChunkedCons:re
cljs$core$ChunkedSeq:Xf
cljs$core$Cons:ge
cljs$core$ES6EntriesIterator:mg
cljs$core$ES6Iterator:Qc
cljs$core$ES6IteratorSeq:Sc
cljs$core$ES6SetEntriesIterator:ng
cljs$core$EmptyList:fe
cljs$core$ExceptionInfo:wi
cljs$core$Fn:db
cljs$core$HashCollisionNode:Ug
cljs$core$HashMapIter:Zg
cljs$core$HashSetIter:kh
cljs$core$IAssociative:ub
cljs$core$ICollection:jb
cljs$core$ICounted:fb
cljs$core$IDeref:Ib
cljs$core$IEmptyableCollection:hb
cljs$core$IEncodeClojure:Wh
cljs$core$IEncodeJS:Rh
cljs$core$IFn:eb
cljs$core$IIndexed:lb
cljs$core$IIndexed$_nth$dyn_7805:mb
cljs$core$IIterable:sc
cljs$core$IKVReduce:Pb
cljs$core$IList:Wb
cljs$core$ILookup:rb
cljs$core$ILookup$_lookup$dyn_7813:tb
cljs$core$IMap:yb
cljs$core$IMeta:Jb
cljs$core$INIT:Me
cljs$core$INext:qb
cljs$core$IPrintWithWriter:bc
cljs$core$IRecord:Xb
cljs$core$IReduce:Mb
cljs$core$IReduce$_reduce$dyn_7845:Ob
cljs$core$IReversible:Zb
cljs$core$ISeq:nb
cljs$core$ISeqable:Tb
cljs$core$ISequential:Vb
cljs$core$ISet:Cb
cljs$core$ISwap$_swap_BANG_$dyn_7946:rc
cljs$core$ITER_SYMBOL:Za
cljs$core$IVector:Gb
cljs$core$IndexedSeq:H
cljs$core$IndexedSeqIterator:jd
cljs$core$IntegerRange:th
cljs$core$IntegerRangeChunk:rh
cljs$core$KeySeq:eh
cljs$core$Keyword:F
cljs$core$LazySeq:me
cljs$core$List:td
cljs$core$List$EMPTY:Pc
cljs$core$MapEntry:Lf
cljs$core$MetaFn:Ad
cljs$core$MultiFn:li
cljs$core$NeverEquiv:ig
cljs$core$NodeIterator:Gg
cljs$core$NodeSeq:Vg
cljs$core$PROTOCOL_SENTINEL:n
cljs$core$PersistentArrayMap:p
cljs$core$PersistentArrayMap$EMPTY:Je
cljs$core$PersistentArrayMap$HASHMAP_THRESHOLD:ug
cljs$core$PersistentArrayMap$createAsIfByAssoc:wd
cljs$core$PersistentArrayMap$createAsIfByAssocComplexPath:zg
cljs$core$PersistentArrayMapIterator:qg
cljs$core$PersistentArrayMapSeq:pg
cljs$core$PersistentHashMap:$g
cljs$core$PersistentHashMap$EMPTY:vg
cljs$core$PersistentHashMap$fromArrays:bh
cljs$core$PersistentHashSet:lh
cljs$core$PersistentHashSet$EMPTY:nh
cljs$core$PersistentQueue:gg
cljs$core$PersistentQueue$EMPTY:hg
cljs$core$PersistentQueueIter:eg
cljs$core$PersistentQueueSeq:fg
cljs$core$PersistentVector:W
cljs$core$PersistentVector$EMPTY:sd
cljs$core$PersistentVector$EMPTY_NODE:X
cljs$core$PersistentVector$fromArray:Rf
cljs$core$RSeq:kd
cljs$core$Range:uh
cljs$core$RangeIterator:sh
cljs$core$RangedIterator:Gf
cljs$core$RecordIter:lg
cljs$core$Reduced:Yc
cljs$core$Repeat:gf
cljs$core$START:Ne
cljs$core$SeqIter:Oe
cljs$core$StringBufferWriter:vc
cljs$core$Subvec:Zf
cljs$core$Symbol:Ic
cljs$core$TransientArrayMap:tg
cljs$core$TransientHashMap:ah
cljs$core$TransientHashSet:mh
cljs$core$TransientVector:Mf
cljs$core$ValSeq:fh
cljs$core$VectorNode:vf
cljs$core$_EQ_:M
cljs$core$_PLUS_:ae
cljs$core$_STAR_print_level_STAR_:Na
cljs$core$__destructure_map:Ie
cljs$core$_add_watch:dc
cljs$core$_as_transient:gc
cljs$core$_assoc:wb
cljs$core$_assoc_BANG_:jc
cljs$core$_assoc_n:Hb
cljs$core$_chunked_first:lc
cljs$core$_chunked_rest:mc
cljs$core$_clj__GT_js:Sh
cljs$core$_conj:kb
cljs$core$_conj_BANG_:hc
cljs$core$_contains_key_QMARK_:vb
cljs$core$_count:gb
cljs$core$_deref:C
cljs$core$_disjoin:Db
cljs$core$_dissoc:zb
cljs$core$_drop:uc
cljs$core$_drop_first:kc
cljs$core$_empty:ib
cljs$core$_equiv:Rb
cljs$core$_find:xb
cljs$core$_first:ob
cljs$core$_global_hierarchy:$h
cljs$core$_hash:Sb
cljs$core$_indexOf$cljs$0core$0IFn$0_invoke$0arity$03:N
cljs$core$_iterator:tc
cljs$core$_js__GT_clj:Xh
cljs$core$_key:Ab
cljs$core$_kv_reduce:Qb
cljs$core$_lastIndexOf$cljs$0core$0IFn$0_invoke$0arity$03:Q
cljs$core$_lookup:sb
cljs$core$_meta:Kb
cljs$core$_name:nc
cljs$core$_namespace:oc
cljs$core$_nth:B
cljs$core$_peek:Eb
cljs$core$_persistent_BANG_:ic
cljs$core$_pop:Fb
cljs$core$_pr_writer:cc
cljs$core$_reduce:Nb
cljs$core$_remove_watch:fc
cljs$core$_reset_BANG_:pc
cljs$core$_rest:pb
cljs$core$_rseq:$b
cljs$core$_seq:Ub
cljs$core$_swap_BANG_:qc
cljs$core$_val:Bb
cljs$core$_with_meta:Lb
cljs$core$_write:ac
cljs$core$aclone:$a
cljs$core$apply:Bd
cljs$core$apply$cljs$0core$0IFn$0_invoke$0arity$02:De
cljs$core$apply$cljs$0core$0IFn$0_invoke$0arity$03:Ee
cljs$core$apply$cljs$0core$0IFn$0_invoke$0arity$04:Fe
cljs$core$apply$cljs$0core$0IFn$0_invoke$0arity$05:Ge
cljs$core$apply$cljs$0core$0IFn$0_invoke$0arity$0variadic:He
cljs$core$apply_to:xe
cljs$core$apply_to_simple$cljs$0core$0IFn$0_invoke$0arity$03:ze
cljs$core$apply_to_simple$cljs$0core$0IFn$0_invoke$0arity$04:Ae
cljs$core$apply_to_simple$cljs$0core$0IFn$0_invoke$0arity$05:Be
cljs$core$apply_to_simple$cljs$0core$0IFn$0_invoke$0arity$06:Ce
cljs$core$array_QMARK_:Va
cljs$core$array__GT_transient_hash_map:Ag
cljs$core$array_copy:Od
cljs$core$array_for:Df
cljs$core$array_index_of:og
cljs$core$array_map:dh
cljs$core$array_reduce$cljs$0core$0IFn$0_invoke$0arity$02:cd
cljs$core$array_reduce$cljs$0core$0IFn$0_invoke$0arity$03:dd
cljs$core$array_reduce$cljs$0core$0IFn$0_invoke$0arity$04:ed
cljs$core$assoc:V
cljs$core$assoc_in:sf
cljs$core$atom$cljs$0core$0IFn$0_invoke$0arity$01:Ze
cljs$core$bit_count:ee
cljs$core$boolean$0:Rd
cljs$core$bounded_count:ue
cljs$core$build_subvec:$f
cljs$core$butlast:ph
cljs$core$char_escapes:Ch
cljs$core$chunk:mi
cljs$core$chunk_append:te
cljs$core$chunk_buffer:qe
cljs$core$chunk_cons:se
cljs$core$chunked_seq:Qf
cljs$core$chunked_seq$cljs$0core$0IFn$0_invoke$0arity$04:Pf
cljs$core$chunked_seq$cljs$0core$0IFn$0_invoke$0arity$05:Yf
cljs$core$chunked_seq_QMARK_:Nd
cljs$core$ci_reduce$cljs$0core$0IFn$0_invoke$0arity$02:ad
cljs$core$ci_reduce$cljs$0core$0IFn$0_invoke$0arity$03:bd
cljs$core$clj__GT_js:Uh
cljs$core$clone_and_set$cljs$0core$0IFn$0_invoke$0arity$03:Cg
cljs$core$coll_QMARK_:Hd
cljs$core$complement:Re
cljs$core$concat:we
cljs$core$conj:rd
cljs$core$cons:R
cljs$core$contains_QMARK_:Ud
cljs$core$count:O
cljs$core$counted_QMARK_:fd
cljs$core$create_array_node_seq:Sg
cljs$core$create_array_node_seq$cljs$0core$0IFn$0_invoke$0arity$01:Rg
cljs$core$create_array_node_seq$cljs$0core$0IFn$0_invoke$0arity$03:Yg
cljs$core$create_inode_seq:Jg
cljs$core$create_inode_seq$cljs$0core$0IFn$0_invoke$0arity$01:Ig
cljs$core$create_inode_seq$cljs$0core$0IFn$0_invoke$0arity$03:Wg
cljs$core$create_node:Og
cljs$core$create_node$cljs$0core$0IFn$0_invoke$0arity$06:Pg
cljs$core$create_node$cljs$0core$0IFn$0_invoke$0arity$07:Ng
cljs$core$deref:$c
cljs$core$disj:Fd
cljs$core$dissoc:yd
cljs$core$do_assoc:Ef
cljs$core$doall$cljs$0core$0IFn$0_invoke$0arity$01:xh
cljs$core$dominates:ii
cljs$core$drop$cljs$0core$0IFn$0_invoke$0arity$02:df
cljs$core$drop_last$cljs$0core$0IFn$0_invoke$0arity$02:ef
cljs$core$edit_and_set$cljs$0core$0IFn$0_invoke$0arity$04:Eg
cljs$core$empty:ud
cljs$core$empty_QMARK_:Gd
cljs$core$empty_ordered_hash:Uc
cljs$core$empty_unordered_hash:Wc
cljs$core$equiv_map:kg
cljs$core$equiv_sequential:ld
cljs$core$es6_iterator:Rc
cljs$core$es6_iterator_seq:Nc
cljs$core$every_QMARK_:Pe
cljs$core$ex_info$cljs$0core$0IFn$0_invoke$0arity$02:xi
cljs$core$filter$cljs$0core$0IFn$0_invoke$0arity$02:kf
cljs$core$find_and_cache_best_method:ji
cljs$core$first:I
cljs$core$flatten:nf
cljs$core$fn_QMARK_:zd
cljs$core$fnil$cljs$0core$0IFn$0_invoke$0arity$02:Te
cljs$core$gensym$cljs$0core$0IFn$0_invoke$0arity$01:Qh
cljs$core$gensym_counter:Ph
cljs$core$get:Jc
cljs$core$get$cljs$0core$0IFn$0_invoke$0arity$02:D
cljs$core$get$cljs$0core$0IFn$0_invoke$0arity$03:Kc
cljs$core$get_global_hierarchy:ai
cljs$core$get_in$cljs$0core$0IFn$0_invoke$0arity$02:qf
cljs$core$get_in$cljs$0core$0IFn$0_invoke$0arity$03:rf
cljs$core$hash:Fc
cljs$core$hash_collision_node_find_index:Tg
cljs$core$hash_combine:Gc
cljs$core$hash_ordered_coll:Tc
cljs$core$hash_string:Ec
cljs$core$hash_unordered_coll:Vc
cljs$core$identity:Zd
cljs$core$ifn_QMARK_:Sd
cljs$core$imul:xc
cljs$core$inc:Xc
cljs$core$indexed_QMARK_:gd
cljs$core$inode_kv_reduce:Fg
cljs$core$instance_QMARK_:Hc
cljs$core$int$0:ce
cljs$core$integer_QMARK_:Td
cljs$core$into:Ue
cljs$core$into_array$cljs$0core$0IFn$0_invoke$0arity$02:ab
cljs$core$isa_QMARK_$cljs$0core$0IFn$0_invoke$0arity$03:ei
cljs$core$iter_reduce$cljs$0core$0IFn$0_invoke$0arity$02:Vd
cljs$core$iter_reduce$cljs$0core$0IFn$0_invoke$0arity$03:Wd
cljs$core$iterable_QMARK_:Mc
cljs$core$js__GT_clj$cljs$0core$0IFn$0_invoke$0arity$0variadic:Yh
cljs$core$juxt$cljs$0core$0IFn$0_invoke$0arity$02:wh
cljs$core$keep$cljs$0core$0IFn$0_invoke$0arity$02:Xe
cljs$core$key:Uf
cljs$core$key__GT_js$cljs$0core$0IFn$0_invoke$0arity$02:Th
cljs$core$key_test:wg
cljs$core$keys:rg
cljs$core$keyword:ke
cljs$core$keyword_identical_QMARK_:he
cljs$core$last:qd
cljs$core$lift_ns:Mh
cljs$core$linear_traversal_nth$cljs$0core$0IFn$0_invoke$0arity$03:vd
cljs$core$lookup_sentinel:Pd
cljs$core$m3_fmix:Ac
cljs$core$m3_hash_unencoded_chars:Bc
cljs$core$m3_mix_H1:zc
cljs$core$m3_mix_K1:yc
cljs$core$map:bf
cljs$core$map_QMARK_:Kd
cljs$core$map_entry_QMARK_:Tf
cljs$core$map_indexed$cljs$0core$0IFn$0_invoke$0arity$02:We
cljs$core$mapcat$cljs$0core$0IFn$0_invoke$0arity$0variadic:jf
cljs$core$mapv$cljs$0core$0IFn$0_invoke$0arity$02:of
cljs$core$max:be
cljs$core$max_key:qh
cljs$core$merge:gh
cljs$core$meta:Dd
cljs$core$missing_protocol:z
cljs$core$name:le
cljs$core$namespace:ie
cljs$core$native_satisfies_QMARK_:x
cljs$core$never_equiv:jg
cljs$core$new_path:zf
cljs$core$next:K
cljs$core$next_STAR_:ye
cljs$core$nil_QMARK_:Ua
cljs$core$not:Wa
cljs$core$not_empty:Ke
cljs$core$nth:id
cljs$core$nth$cljs$0core$0IFn$0_invoke$0arity$02:hd
cljs$core$nth$cljs$0core$0IFn$0_invoke$0arity$03:U
cljs$core$pam_grow_seed_array:yg
cljs$core$pam_new_size:xg
cljs$core$parents$cljs$0core$0IFn$0_invoke$0arity$01:fi
cljs$core$partial:Se
cljs$core$partition$cljs$0core$0IFn$0_invoke$0arity$03:pf
cljs$core$peek:Ed
cljs$core$pop_tail:Ff
cljs$core$pr_opts:Oa
cljs$core$pr_sequential_writer:zh
cljs$core$pr_str_STAR_:wc
cljs$core$pr_str_with_opts:Kh
cljs$core$pr_writer:Gh
cljs$core$pr_writer_impl:Fh
cljs$core$prefers_STAR_:hi
cljs$core$prim_seq$cljs$0core$0IFn$0_invoke$0arity$02:S
cljs$core$print_map:Hh
cljs$core$print_meta_QMARK_:Eh
cljs$core$print_prefix_map:Nh
cljs$core$push_tail:Af
cljs$core$pv_clone_node:xf
cljs$core$pv_fresh_node:wf
cljs$core$pv_reduce$cljs$0core$0IFn$0_invoke$0arity$04:If
cljs$core$pv_reduce$cljs$0core$0IFn$0_invoke$0arity$05:Jf
cljs$core$qualified_keyword_QMARK_:je
cljs$core$quot:de
cljs$core$quote_string:Dh
cljs$core$ranged_iterator:Hf
cljs$core$re_matches:yh
cljs$core$record_QMARK_:Ld
cljs$core$reduce:cb
cljs$core$reduce$cljs$0core$0IFn$0_invoke$0arity$02:Xd
cljs$core$reduce$cljs$0core$0IFn$0_invoke$0arity$03:bb
cljs$core$reduce_kv:Yd
cljs$core$reduced_QMARK_:Zc
cljs$core$remove$cljs$0core$0IFn$0_invoke$0arity$02:lf
cljs$core$remove_pair:Dg
cljs$core$repeat$cljs$0core$0IFn$0_invoke$0arity$02:hf
cljs$core$reset_BANG_:$e
cljs$core$reset_cache:gi
cljs$core$rest:Oc
cljs$core$second:pd
cljs$core$select_keys:hh
cljs$core$seq:G
cljs$core$seq_QMARK_:Qd
cljs$core$seq_reduce:nd
cljs$core$seq_reduce$cljs$0core$0IFn$0_invoke$0arity$02:md
cljs$core$seq_reduce$cljs$0core$0IFn$0_invoke$0arity$03:od
cljs$core$sequential_QMARK_:Jd
cljs$core$set:oh
cljs$core$set_QMARK_:Id
cljs$core$some:Qe
cljs$core$spread:ve
cljs$core$str:A
cljs$core$string_hash_cache:Cc
cljs$core$string_hash_cache_count:Dc
cljs$core$strip_ns:Lh
cljs$core$subvec:ag
cljs$core$swap_BANG_:af
cljs$core$symbol:Lc
cljs$core$t_cljs$0core6554:Le
cljs$core$tail_off:yf
cljs$core$take$cljs$0core$0IFn$0_invoke$0arity$02:cf
cljs$core$take_last:ff
cljs$core$throw_no_method_error:ki
cljs$core$transduce$cljs$0core$0IFn$0_invoke$0arity$04:$d
cljs$core$tree_seq:mf
cljs$core$truth_:w
cljs$core$tv_editable_root:Nf
cljs$core$tv_editable_tail:Of
cljs$core$tv_ensure_editable:bg
cljs$core$tv_push_tail:cg
cljs$core$type:Xa
cljs$core$type__GT_str:Ya
cljs$core$unchecked_array_for:Cf
cljs$core$update:uf
cljs$core$update_in:tf
cljs$core$val:Vf
cljs$core$vals:sg
cljs$core$vec:Sf
cljs$core$vector:Wf
cljs$core$vector_QMARK_:Md
cljs$core$vector_index_out_of_bounds:Bf
cljs$core$with_meta:Cd
cljs$core$write_all$cljs$0core$0IFn$0_invoke$0arity$0variadic:Bh
cljs$cst$0$flush_on_newline:Pa
cljs$cst$1$readably:Qa
cljs$cst$105$more_marker:Ah
cljs$cst$106$alt_impl:Ih
cljs$cst$107$fallback_impl:Jh
cljs$cst$108$val:Oh
cljs$cst$109$status:$i
cljs$cst$126$keyword_fn:Vh
cljs$cst$127$keywordize_keys:Zh
cljs$cst$128$parents:bi
cljs$cst$129$descendants:ci
cljs$cst$130$ancestors:di
cljs$cst$139$type:tq
cljs$cst$141$message:pj
cljs$cst$142$data:Cj
cljs$cst$177$warn:Pn
cljs$cst$178$error:el
cljs$cst$179$name:Hn
cljs$cst$182$class:Y
cljs$cst$183$style:ej
cljs$cst$184$key:rq
cljs$cst$186$on_dispose:Io
cljs$cst$187$f:qn
cljs$cst$189$auto_run:qj
cljs$cst$190$path:Fk
cljs$cst$193$on_set:Gm
cljs$cst$194$no_cache:Zi
cljs$cst$2$meta:Ra
cljs$cst$202$shouldComponentUpdate:Fj
cljs$cst$203$componentWillUnmount:hn
cljs$cst$204$reagentRender:Xj
cljs$cst$205$render:yk
cljs$cst$206$displayName:Jo
cljs$cst$207$cljsLegacyRender:Dl
cljs$cst$208$childContextTypes:Hj
cljs$cst$209$contextTypes:no
cljs$cst$210$contextType:sm
cljs$cst$211$getDerivedStateFromProps:sj
cljs$cst$212$getDerivedStateFromError:Yo
cljs$cst$213$getInitialState:xn
cljs$cst$214$constructor:Vi
cljs$cst$215$reagent_render:fo
cljs$cst$216$on_write:Vm
cljs$cst$217$display_name:Cp
cljs$cst$218$component_did_update:Vn
cljs$cst$219$component_will_unmount:Lj
cljs$cst$222$id:pm
cljs$cst$223$className:ln
cljs$cst$229$function_components:Gl
cljs$cst$230$parse_tag:tj
cljs$cst$231$callback:fp
cljs$cst$232$log:Po
cljs$cst$233$debug:jm
cljs$cst$234$group:tl
cljs$cst$235$groupEnd:gj
cljs$cst$236$loaded_QMARK_:Rm
cljs$cst$237$global_interceptors:zq
cljs$cst$238$sub:Dq
cljs$cst$239$event:Sl
cljs$cst$240$cofx:Ao
cljs$cst$241$fx:zi
cljs$cst$247$after:Xk
cljs$cst$248$before:Ep
cljs$cst$249$unnamed:vq
cljs$cst$250$effects:Lp
cljs$cst$251$coeffects:km
cljs$cst$252$queue:ul
cljs$cst$253$stack:Uj
cljs$cst$254$original_event:jk
cljs$cst$255$db:ak
cljs$cst$256$interceptors:yn
cljs$cst$259$duration:fl
cljs$cst$268$_LT__:Rp
cljs$cst$270$value:Wl
cljs$cst$271$flush_dom:ep
cljs$cst$272$yield:sp
cljs$cst$273$finish_run:an
cljs$cst$274$pause:hj
cljs$cst$275$add_event:Np
cljs$cst$276$run_queue:uo
cljs$cst$278$idle:aj
cljs$cst$279$scheduled:dm
cljs$cst$280$running:In
cljs$cst$281$exception:Op
cljs$cst$282$paused:Yj
cljs$cst$283$resume:qp
cljs$cst$284$fsm_state:dq
cljs$cst$285$trigger:To
cljs$cst$291$do_fx:mk
cljs$cst$293$ms:yl
cljs$cst$294$dispatch:bj
cljs$cst$295$dispatch_later:Vl
cljs$cst$296$dispatch_n:Jk
cljs$cst$297$deregister_event_handler:Oi
cljs$cst$298$atom:nm
cljs$cst$299$sequential:Al
cljs$cst$3$dup:Sa
cljs$cst$300$map:nk
cljs$cst$301$set:vm
cljs$cst$302$re_frame_DOT_std_interceptors_SLASH_not_found:qm
cljs$cst$303$unwrap:bk
cljs$cst$304$trim_v:Ai
cljs$cst$305$db_handler:jo
cljs$cst$307$fx_handler:Ol
cljs$cst$312$inject_global_interceptors:um
cljs$cst$313$hierarchy:An
cljs$cst$314$response_type:ri
cljs$cst$315$default:si
cljs$cst$316$text:Am
cljs$cst$317$div_DOT_text_response:wo
cljs$cst$318$content:Tk
cljs$cst$319$list:Jl
cljs$cst$320$ul_DOT_list_response:im
cljs$cst$321$li:am
cljs$cst$322$on_click:zl
cljs$cst$323$interactions:gl
cljs$cst$324$items:Xp
cljs$cst$325$spreadsheet:Vp
cljs$cst$326$div_DOT_spreadsheet_response:Lo
cljs$cst$327$h3:Ij
cljs$cst$328$title:Ak
cljs$cst$329$table:tn
cljs$cst$330$thead:No
cljs$cst$331$tr:go
cljs$cst$332$th:eo
cljs$cst$333$headers:tp
cljs$cst$334$tbody:bn
cljs$cst$335$td:Zn
cljs$cst$336$diagram:xq
cljs$cst$337$div_DOT_diagram_response:zm
cljs$cst$338$div_DOT_diagram_placeholder:Ck
cljs$cst$339$pre:Qp
cljs$cst$340$nodes:Ro
cljs$cst$341$email:Wn
cljs$cst$342$div_DOT_email_response:wj
cljs$cst$343$div_DOT_email_header:Jp
cljs$cst$344$div:Nl
cljs$cst$345$strong:Bp
cljs$cst$346$to:io
cljs$cst$347$subject:cm
cljs$cst$348$div_DOT_email_body:Vk
cljs$cst$349$contentEditable:Fn
cljs$cst$350$on_blur:fm
cljs$cst$351$on_edit:wq
cljs$cst$352$body:un
cljs$cst$353$response_set:lp
cljs$cst$354$alternatives:hq
cljs$cst$355$turn_id:ip
cljs$cst$356$current_alternative_index:Tp
cljs$cst$357$set_current_alternative:rm
cljs$cst$358$div_DOT_response_set:dp
cljs$cst$359$div_DOT_alternative_content:$m
cljs$cst$360$div_DOT_navigation_controls:Rn
cljs$cst$361$div_DOT_nav_buttons:Vj
cljs$cst$362$button_DOT_nav_btn:yq
cljs$cst$363$disabled:Mo
cljs$cst$364$div_DOT_nav_counter:fj
cljs$cst$365$div_DOT_alternative_summary:Ql
cljs$cst$366$summary:Qj
cljs$cst$367$div_DOT_unknown_response:rj
cljs$cst$368$meeting_id:Yn
cljs$cst$369$meeting_url:xp
cljs$cst$379$story_arc:Qk
cljs$cst$384$representative_content:Km
cljs$cst$385$turn_count:Gi
cljs$cst$386$energy:qq
cljs$cst$387$key_themes:Fi
cljs$cst$388$phases:nj
cljs$cst$389$significance:gq
cljs$cst$390$segment_id:sn
cljs$cst$4$print_length:Ta
cljs$cst$406$span_DOT_text_sm_DOT_text_gray_500:ko
cljs$cst$441$story_arc_SLASH_set_selected_segment:kq
cljs$cst$442$selected_segment:Xl
cljs$cst$443$story_arc_SLASH_toggle_moment_details:Hp
cljs$cst$444$expanded_moments:cl
cljs$cst$445$story_arc_SLASH_selected_segment:dn
cljs$cst$446$story_arc_SLASH_expanded_moments:Ul
cljs$cst$447$status_text:np
cljs$cst$454$java:Ko
cljs$cst$455$vec_strategy:Ji
cljs$cst$456$write:on
cljs$cst$457$content_type:Aq
cljs$cst$47$validator:bp
cljs$cst$473$response:ml
cljs$cst$476$description:Si
cljs$cst$477$failure:gk
cljs$cst$478$parse:Wo
cljs$cst$479$original_text:Kp
cljs$cst$480$parse_error:vo
cljs$cst$481$read:En
cljs$cst$482$failed:Oj
cljs$cst$483$aborted:ok
cljs$cst$484$timeout:zp
cljs$cst$488$uri:zk
cljs$cst$489$method:Ii
cljs$cst$490$format:Nn
cljs$cst$491$params:pk
cljs$cst$492$url_params:cj
cljs$cst$493$response_format:Cn
cljs$cst$495$prefix:Li
cljs$cst$496$keywords_QMARK_:aq
cljs$cst$497$raw:Sm
cljs$cst$501$handler:Kk
cljs$cst$502$api:Bi
cljs$cst$505$with_credentials:lk
cljs$cst$506$progress_handler:Up
cljs$cst$509$not_initialized:Bk
cljs$cst$510$connection_established:nl
cljs$cst$511$request_received:ho
cljs$cst$512$processing_request:$l
cljs$cst$513$response_ready:Ym
cljs$cst$514$meeting_name:$k
cljs$cst$515$bot_creation_SLASH_loading_QMARK_:wm
cljs$cst$516$bot_creation_SLASH_message:ro
cljs$cst$517$user_email:bq
cljs$cst$518$div_DOT_bot_creation_tab_DOT_p_6_DOT_max_w_2xl_DOT_mx_auto:Di
cljs$cst$519$h2_DOT_text_2xl_DOT_font_bold_DOT_mb_6:qo
cljs$cst$520$div_DOT_message_display_DOT_p_4_DOT_mb_4_DOT_rounded:wn
cljs$cst$521$form_DOT_space_y_4:Rl
cljs$cst$522$on_submit:mo
cljs$cst$523$bot_creation_SLASH_create_bot:cq
cljs$cst$524$div_DOT_form_group:Im
cljs$cst$525$label_DOT_block_DOT_text_sm_DOT_font_medium_DOT_text_gray_700_DOT_mb_1:cn
cljs$cst$526$for:Kl
cljs$cst$527$input_DOT_w_full_DOT_px_3_DOT_py_2_DOT_border_DOT_border_gray_300_DOT_rounded_md_DOT_focus_COLON_outline_none_DOT_focus_COLON_ring_2_DOT_focus_COLON_ring_blue_500:lj
cljs$cst$528$on_change:Uk
cljs$cst$529$placeholder:$o
cljs$cst$530$required:vj
cljs$cst$531$div_DOT_info_box_DOT_p_3_DOT_bg_blue_50_DOT_rounded_md:Ml
cljs$cst$532$p_DOT_text_sm_DOT_text_gray_700:jn
cljs$cst$533$span_DOT_font_medium:Cq
cljs$cst$534$button_DOT_w_full_DOT_px_4_DOT_py_2_DOT_bg_blue_600_DOT_text_white_DOT_rounded_md_DOT_hover_COLON_bg_blue_700_DOT_focus_COLON_outline_none_DOT_focus_COLON_ring_2_DOT_focus_COLON_ring_blue_500_DOT_disabled_COLON_opacity_50_DOT_disabled_COLON_cursor_not_allowed:Bl
cljs$cst$535$bot_creation_SLASH_bots:Wk
cljs$cst$536$div_DOT_bot_list_DOT_mt_8:lo
cljs$cst$537$h3_DOT_text_lg_DOT_font_semibold_DOT_mb_4:Pp
cljs$cst$538$div_DOT_space_y_2:ol
cljs$cst$539$div_DOT_bot_item_DOT_p_4_DOT_border_DOT_border_gray_200_DOT_rounded_md:zn
cljs$cst$540$div_DOT_font_medium:So
cljs$cst$541$meeting_name:Gp
cljs$cst$542$div_DOT_text_sm_DOT_text_gray_600:hk
cljs$cst$543$meeting_url:mp
cljs$cst$544$div_DOT_text_xs_DOT_text_gray_500:ik
cljs$cst$545$created_at:Hm
cljs$cst$546$bot_creation_SLASH_running_bots:Ti
cljs$cst$547$bot_creation_SLASH_fetching_bots_QMARK_:Tl
cljs$cst$548$bot_creation_SLASH_shutting_down:Pm
cljs$cst$549$div_DOT_running_bots_DOT_mt_8:Dj
cljs$cst$550$div_DOT_flex_DOT_items_center_DOT_justify_between_DOT_mb_4:ll
cljs$cst$551$h3_DOT_text_lg_DOT_font_semibold:Yi
cljs$cst$552$button_DOT_px_3_DOT_py_1_DOT_text_sm_DOT_bg_gray_100_DOT_hover_COLON_bg_gray_200_DOT_rounded_DOT_disabled_COLON_opacity_50:Dm
cljs$cst$553$bot_creation_SLASH_fetch_bots:Ei
cljs$cst$554$div_DOT_p_4_DOT_text_center_DOT_text_gray_500:El
cljs$cst$555$div_DOT_space_y_3:pl
cljs$cst$556$div_DOT_bot_item_DOT_p_4_DOT_border_DOT_border_gray_200_DOT_rounded_md_DOT_bg_white_DOT_shadow_sm:Rj
cljs$cst$557$div_DOT_flex_DOT_items_start_DOT_justify_between:lm
cljs$cst$558$div_DOT_flex_1:tk
cljs$cst$559$div_DOT_font_medium_DOT_text_gray_900:Ll
cljs$cst$560$div_DOT_text_sm_DOT_text_gray_600_DOT_mt_1:fn
cljs$cst$561$div_DOT_text_xs_DOT_text_gray_500_DOT_mt_2:Mm
cljs$cst$562$div_DOT_text_xs_DOT_mt_1:Pi
cljs$cst$563$span_DOT_inline_flex_DOT_px_2_DOT_py_1_DOT_text_xs_DOT_font_semibold_DOT_rounded_full:Wp
cljs$cst$564$button_DOT_px_3_DOT_py_1_DOT_text_sm_DOT_bg_red_500_DOT_hover_COLON_bg_red_600_DOT_text_white_DOT_rounded_DOT_disabled_COLON_opacity_50_DOT_disabled_COLON_cursor_not_allowed:Um
cljs$cst$565$bot_creation_SLASH_shutdown_bot:pp
cljs$cst$566$stuck_meetings_SLASH_meetings:Cl
cljs$cst$567$stuck_meetings_SLASH_fetching_QMARK_:tm
cljs$cst$568$stuck_meetings_SLASH_completing:yp
cljs$cst$569$div_DOT_stuck_meetings_DOT_mt_8:Hl
cljs$cst$570$h3_DOT_text_lg_DOT_font_semibold_DOT_text_orange_700:mm
cljs$cst$571$stuck_meetings_SLASH_fetch:vk
cljs$cst$572$div_DOT_meeting_item_DOT_p_4_DOT_border_DOT_border_orange_200_DOT_rounded_md_DOT_bg_orange_50_DOT_shadow_sm:Zp
cljs$cst$573$meeting_id:yo
cljs$cst$574$div_DOT_text_xs_DOT_text_gray_500_DOT_mt_1:Om
cljs$cst$575$bot_id:Hi
cljs$cst$576$turn_count:eq
cljs$cst$577$div_DOT_text_xs_DOT_mt_2:Ni
cljs$cst$578$span_DOT_inline_flex_DOT_px_2_DOT_py_1_DOT_text_xs_DOT_font_semibold_DOT_rounded_full_DOT_bg_orange_100_DOT_text_orange_800:up
cljs$cst$579$button_DOT_px_3_DOT_py_1_DOT_text_sm_DOT_bg_orange_500_DOT_hover_COLON_bg_orange_600_DOT_text_white_DOT_rounded_DOT_disabled_COLON_opacity_50_DOT_disabled_COLON_cursor_not_allowed:Mp
cljs$cst$580$stuck_meetings_SLASH_force_complete:Lm
cljs$cst$581$div_DOT_bot_creation_container:Yk
cljs$cst$582$cogito_DOT_meetings_SLASH_delete_meeting:Dk
cljs$cst$583$cogito_DOT_meetings_SLASH_load_meetings:Go
cljs$cst$584$cogito_DOT_meetings_SLASH_meetings_loaded:xj
cljs$cst$585$cogito_DOT_meetings_SLASH_meetings_load_failed:wl
cljs$cst$586$meetings:Ln
cljs$cst$587$meetings_error:uk
cljs$cst$588$cogito_DOT_meetings_SLASH_set_selected_meeting:Mk
cljs$cst$589$selected_meeting:op
cljs$cst$590$cogito_DOT_meetings_SLASH_meetings:qk
cljs$cst$591$cogito_DOT_meetings_SLASH_meetings_error:Hk
cljs$cst$592$cogito_DOT_meetings_SLASH_selected_meeting:fq
cljs$cst$593$block_id:Fq
cljs$cst$594$turns:Qm
cljs$cst$595$current_prompt:As
cljs$cst$596$loading_QMARK_:Kj
cljs$cst$597$h2:On
cljs$cst$598$block_name:Yl
cljs$cst$599$p:Eq
cljs$cst$600$prompt:$p
cljs$cst$601$textarea:Fp
cljs$cst$602$rows:Nk
cljs$cst$603$set_current_prompt:ww
cljs$cst$604$button:Qw
cljs$cst$605$submit_meeting_prompt:Zk
cljs$cst$606$participant_count:Ew
cljs$cst$607$join_meeting:po
cljs$cst$608$workbench_SLASH_set_active_tab:Rk
cljs$cst$609$conversation:nn
cljs$cst$610$embedded_count:bm
cljs$cst$611$cogito_DOT_semantic_map_simple_SLASH_set_current_meeting:kn
cljs$cst$612$component_did_mount:Ms
cljs$cst$613$h1:Kn
cljs$cst$614$create_new_meeting:Mw
cljs$cst$615$map_SLASH_current_meeting:Fl
cljs$cst$616$cogito_DOT_semantic_map_simple_SLASH_load_embeddings:ax
cljs$cst$617$cogito_DOT_semantic_map_simple_SLASH_embeddings_loaded:ek
cljs$cst$618$cogito_DOT_semantic_map_simple_SLASH_embeddings_load_failed:Rw
cljs$cst$619$map_SLASH_loading_QMARK_:dl
cljs$cst$620$map_SLASH_embeddings:xo
cljs$cst$621$embeddings:Fw
cljs$cst$622$map_SLASH_stats:wp
cljs$cst$623$stats:yt
cljs$cst$624$map_SLASH_error:Ej
cljs$cst$625$cogito_DOT_semantic_map_simple_SLASH_set_selected_turn:Jm
cljs$cst$626$map_SLASH_selected_turn:hl
cljs$cst$627$cogito_DOT_semantic_map_simple_SLASH_current_meeting:Tj
cljs$cst$628$cogito_DOT_semantic_map_simple_SLASH_embeddings:il
cljs$cst$629$cogito_DOT_semantic_map_simple_SLASH_loading_QMARK_:Oo
cljs$cst$630$cogito_DOT_semantic_map_simple_SLASH_error:Ok
cljs$cst$631$cogito_DOT_semantic_map_simple_SLASH_selected_turn:Mn
cljs$cst$632$display:xw
cljs$cst$633$height:Em
cljs$cst$634$background:Jj
cljs$cst$635$border_radius:Mj
cljs$cst$636$width:Jn
cljs$cst$637$padding:Nw
cljs$cst$638$svg:Xm
cljs$cst$639$border:bl
cljs$cst$640$circle:Xo
cljs$cst$641$cx:ao
cljs$cst$642$x:uq
cljs$cst$643$cy:Xn
cljs$cst$644$y:sq
cljs$cst$645$r:Bq
cljs$cst$646$fill:hp
cljs$cst$647$participant_name:so
cljs$cst$648$cursor:Yp
cljs$cst$649$turn_id:Bw
cljs$cst$650$border_left:Xi
cljs$cst$651$h4:Qn
cljs$cst$652$div_DOT_prompt_input:dk
cljs$cst$653$on_key_down:Wm
cljs$cst$654$submit_prompt:Vo
cljs$cst$655$div_DOT_turn:al
cljs$cst$656$div_DOT_turn_prompt:vl
cljs$cst$657$div_DOT_turn_response:Fo
cljs$cst$658$workbench_SLASH_active_tab:zj
cljs$cst$659$user:Bn
cljs$cst$660$logging_out_QMARK_:ij
cljs$cst$661$available_clients:Sj
cljs$cst$662$switching_client_QMARK_:Ek
cljs$cst$663$fetch_available_clients:Pk
cljs$cst$664$div_DOT_tab_nav_DOT_flex_DOT_border_b_DOT_border_gray_200_DOT_mb_4_DOT_justify_between:sl
cljs$cst$665$div_DOT_flex:Zm
cljs$cst$666$button_DOT_tab_button_DOT_px_4_DOT_py_2_DOT_border_b_2:Hw
cljs$cst$667$bot_creation:ym
cljs$cst$668$meeting_files:lq
cljs$cst$669$div_DOT_flex_DOT_items_center_DOT_space_x_4:vw
cljs$cst$670$div_DOT_flex_DOT_items_center_DOT_space_x_2:Uv
cljs$cst$671$span_DOT_text_sm_DOT_text_gray_600:kj
cljs$cst$672$div_DOT_animate_spin_DOT_rounded_full_DOT_h_3_DOT_w_3_DOT_border_b_2_DOT_border_blue_600:gn
cljs$cst$673$select_DOT_text_sm_DOT_bg_white_DOT_border_DOT_border_gray_300_DOT_rounded_DOT_px_2_DOT_py_1_DOT_focus_COLON_outline_none_DOT_focus_COLON_ring_2_DOT_focus_COLON_ring_blue_500:to
cljs$cst$674$client:kp
cljs$cst$675$client_name:xk
cljs$cst$676$switch_client:Sp
cljs$cst$677$client_id:xm
cljs$cst$678$option:oo
cljs$cst$679$button_DOT_px_3_DOT_py_1_DOT_text_sm_DOT_bg_red_500_DOT_text_white_DOT_rounded_DOT_hover_COLON_bg_red_600_DOT_disabled_COLON_opacity_50:Gn
cljs$cst$680$logout:yw
cljs$cst$681$active_meeting:jp
cljs$cst$682$div_DOT_conversation_tab:Bm
cljs$cst$683$div_DOT_bg_blue_50_DOT_border_b_DOT_border_blue_200_DOT_px_4_DOT_py_3_DOT_mb_4:Nj
cljs$cst$684$div_DOT_flex_DOT_justify_between_DOT_items_center:Qi
cljs$cst$685$h2_DOT_text_lg_DOT_font_semibold_DOT_text_blue_900:Sw
cljs$cst$686$p_DOT_text_sm_DOT_text_blue_700:iq
cljs$cst$687$button_DOT_px_3_DOT_py_1_DOT_text_sm_DOT_bg_blue_600_DOT_text_white_DOT_rounded_DOT_hover_COLON_bg_blue_700:kk
cljs$cst$688$leave_meeting:Pw
cljs$cst$689$div_DOT_conversation_history:fk
cljs$cst$690$div_DOT_meeting_files_tab_DOT_p_4:ql
cljs$cst$691$h2_DOT_text_xl_DOT_font_semibold_DOT_mb_4:Ds
cljs$cst$692$p_DOT_text_gray_600:Iw
cljs$cst$693$div_DOT_workbench_panel:Ri
cljs$cst$694$div_DOT_login_form:Bj
cljs$cst$695$div_DOT_error_message:Co
cljs$cst$696$form:Zo
cljs$cst$697$credentials:Uo
cljs$cst$698$password:cp
cljs$cst$699$login_success:rp
cljs$cst$700$label:rl
cljs$cst$701$input:Tm
cljs$cst$702$selecting_client_QMARK_:en
cljs$cst$703$client_selection_error:uj
cljs$cst$704$div_DOT_client_selection_form:co
cljs$cst$705$p_DOT_text_gray_600_DOT_mb_4:Dn
cljs$cst$706$div_DOT_error_message_DOT_bg_red_100_DOT_text_red_700_DOT_p_3_DOT_rounded_DOT_mb_4:em
cljs$cst$707$select_client:vp
cljs$cst$708$div_DOT_space_y_3_DOT_mb_6:Aw
cljs$cst$709$label_DOT_flex_DOT_items_center_DOT_p_3_DOT_border_DOT_rounded_DOT_cursor_pointer_DOT_hover_COLON_bg_gray_50:Do
cljs$cst$710$input_DOT_mr_3:om
cljs$cst$711$checked:Ow
cljs$cst$712$role:mj
cljs$cst$713$button_DOT_w_full_DOT_px_4_DOT_py_2_DOT_bg_blue_600_DOT_text_white_DOT_rounded_DOT_hover_COLON_bg_blue_700_DOT_disabled_COLON_opacity_50_DOT_disabled_COLON_cursor_not_allowed:Ip
cljs$cst$714$conversation_id:Aj
cljs$cst$715$alternative_indices:Eo
cljs$cst$716$authenticated_QMARK_:$w
cljs$cst$717$last_method:pn
cljs$cst$718$last_error:Cs
cljs$cst$719$last_error_code:dj
cljs$cst$720$debug_message:rn
cljs$cst$721$on_success:jq
cljs$cst$722$http_no_on_success:vn
cljs$cst$723$on_failure:Qo
cljs$cst$724$http_no_on_failure:Pj
cljs$cst$725$on_request:mn
cljs$cst$726$http_xhrio:Mi
cljs$cst$727$initialize_db:zw
cljs$cst$728$responding_to_alternative:rk
cljs$cst$729$alternative_index:Bs
cljs$cst$730$alternative_id:Cm
cljs$cst$731$alternative_summary:Sn
cljs$cst$732$fetch_response:Gw
cljs$cst$733$context:gm
cljs$cst$734$conversation_id:Un
cljs$cst$735$handle_llm_response:Gj
cljs$cst$736$handle_error:oj
cljs$cst$737$check_auth_status:Lw
cljs$cst$738$fetch_auth_status:Ik
cljs$cst$739$auth_status_received:Wi
cljs$cst$740$authenticated:hm
cljs$cst$741$pending_client_selection_QMARK_:Jw
cljs$cst$742$pendingClientSelection:Lk
cljs$cst$743$clients:Ui
cljs$cst$744$post:Wj
cljs$cst$745$client_selected:xl
cljs$cst$746$client_selection_failed:yj
cljs$cst$747$logout_success:Bo
cljs$cst$748$get:Zl
cljs$cst$749$available_clients_received:zo
cljs$cst$750$available_clients_failed:Nm
cljs$cst$751$current_client_id:Dw
cljs$cst$752$current_client_id:Zj
cljs$cst$753$available_clients_error:ap
cljs$cst$754$client_switched:wk
cljs$cst$755$client_switch_failed:Dp
cljs$cst$756$client_switch_error:$n
cljs$cst$757$get_current_alternative:sk
cljs$cst$758$bot_creation_SLASH_create_success:Sk
cljs$cst$759$bot_creation_SLASH_create_failure:Fm
cljs$cst$760$success:Tn
cljs$cst$761$bot_creation_SLASH_fetch_bots_success:Ki
cljs$cst$762$bot_creation_SLASH_fetch_bots_failure:Cw
cljs$cst$763$bot_creation_SLASH_shutdown_success:jj
cljs$cst$764$bot_creation_SLASH_shutdown_failure:Kw
cljs$cst$765$creating_meeting_QMARK_:Gk
cljs$cst$766$meeting_created:bo
cljs$cst$767$meeting_creation_failed:bx
cljs$cst$768$meeting_creation_error:gp
cljs$cst$769$stuck_meetings_SLASH_fetch_success:ck
cljs$cst$770$stuck_meetings_SLASH_fetch_failure:Ap
cljs$cst$771$stuck_meetings_SLASH_complete_success:Il
cljs$cst$772$stuck_meetings_SLASH_complete_failure:Pl
cljs$cst$773$div_DOT_conversational_repl:Ho
cljs$cst$98$cljs_DOT_core_SLASH_not_found:jh
clojure$data$atom_diff:cu
clojure$data$diff:fu
clojure$data$diff_associative:gu
clojure$data$diff_associative_key:eu
clojure$data$diff_sequential:hu
clojure$data$diff_set:iu
clojure$data$diff_similar:ku
clojure$data$equality_partition:ju
clojure$data$vectorize:du
clojure$set$bubble_max_key:nr
clojure$set$difference:pr
clojure$set$intersection:or
clojure$string$join$cljs$0core$0IFn$0_invoke$0arity$02:Oq
clojure$string$replace:Nq
clojure$string$replace_all:Lq
clojure$string$replace_with:Mq
clojure$string$split$cljs$0core$0IFn$0_invoke$0arity$03:Pq
cogito$bot_creation$bot_creation_form:Wv
cogito$bot_creation$bot_creation_tab:$v
cogito$bot_creation$bot_list:Xv
cogito$bot_creation$running_bots_list:Yv
cogito$bot_creation$stuck_meetings_list:Zv
cogito$client_selection$client_selection_form:pw
cogito$db$default_db:qw
cogito$login$login_form:ow
cogito$meetings$format_date:aw
cogito$meetings$meeting_conversation_panel:cx
cogito$meetings$meeting_detail:dw
cogito$meetings$meetings_list:cw
cogito$meetings$meetings_page:ew
cogito$meetings$simple_meeting_item:bw
cogito$response_renderer$render_component:vi
cogito$response_renderer$render_response:su
cogito$semantic_map_simple$get_participant_color:fw
cogito$semantic_map_simple$semantic_map_tab:hw
cogito$semantic_map_simple$simple_map_view:gw
cogito$workbench$conversation_tab:lw
cogito$workbench$meeting_files_tab:mw
cogito$workbench$panel:nw
cogito$workbench$prompt_input:iw
cogito$workbench$tab_nav:kw
cogito$workbench$turn_display:jw
com$cognitect$transit$eq$equals:Ou
com$cognitect$transit$eq$hashArrayLike:Uu
com$cognitect$transit$eq$hashCode:Tu
com$cognitect$transit$eq$hashCodeCounter:Nu
com$cognitect$transit$eq$hashCombine:Pu
com$cognitect$transit$eq$hashMapLike:Su
com$cognitect$transit$eq$stringCodeCache:Qu
com$cognitect$transit$eq$stringCodeCacheSize:Ru
com$cognitect$transit$util$isArray:Lu
com$cognitect$transit$util$objectKeys:Ku
com$cognitect$transit$util$randHex:Mu
comp$jscomp$inline_1769:ex
container$jscomp$inline_1770:fx
day8$re_frame$http_fx$ajax_xhrio_handler:rw
day8$re_frame$http_fx$dispatch_on_request:uw
day8$re_frame$http_fx$request__GT_xhrio_options:sw
event_v$jscomp$inline_1767:dx
fn_to_element$jscomp$inline_1023:Vw
goog:aa
goog$Disposable:Ps
goog$Disposable$MonitoringMode$OFF:Qs
goog$Timer$callOnce:pv
goog$UID_PROPERTY_:ea
goog$async$nextTick:Os
goog$bind:ja
goog$bindJs_:ia
goog$bindNative_:ha
goog$dom$createElement:Ns
goog$events$BrowserEvent:Ts
goog$events$BrowserEvent$IE_POINTER_TYPE_MAP:Us
goog$events$BrowserFeature$PASSIVE_EVENTS:Ss
goog$events$Event:Rs
goog$events$EventTarget:nv
goog$events$LISTENER_MAP_PROP_:bt
goog$events$LISTENER_WRAPPER_PROP_:ot
goog$events$Listenable$IMPLEMENTED_BY_PROP:Vs
goog$events$ListenableKey$counter_:Ws
goog$events$Listener:Xs
goog$events$ListenerMap:Zs
goog$events$ListenerMap$findListenerIndex_:$s
goog$events$getListenerMap_:it
goog$events$getOnString_:kt
goog$events$getProxy:jt
goog$events$handleBrowserEvent_:lt
goog$events$listen:et
goog$events$listenOnce:ft
goog$events$listen_:ht
goog$events$listenerCountEstimate_:dt
goog$events$onStringMap_:ct
goog$events$unlisten:mt
goog$events$unlistenByKey:nt
goog$events$wrapListener:gt
goog$getUid:da
goog$global:ba
goog$inherits:ka
goog$isObject:ca
goog$net$DefaultXmlHttpFactory:vv
goog$net$ErrorCode$getDebugMessage:qv
goog$net$XhrIo:xv
goog$net$XhrIo$HTTP_SCHEME_PATTERN:zv
goog$net$XhrIo$METHODS_WITH_FORM_DATA:Av
goog$net$XhrIo$ResponseType$DEFAULT:yv
goog$net$XhrIo$buildProgressEvent_:Kv
goog$net$XhrIo$shouldUseXhr2Timeout_:Fv
goog$net$XmlHttp$factory_:uv
goog$net$XmlHttpFactory:rv
goog$reflect$sinkValue:la
goog$string$StringBuffer:Ma
goog$string$splitLimit:Ka
goog$typeOf:m
goog$uidCounter_:fa
goog$uri$utils$splitRe_:La
goog$userAgent$GECKO:Ks
goog$userAgent$IE:Js
goog$userAgent$WEBKIT:Ls
hierarchy__5603__auto__$jscomp$inline_1597:ni
id$jscomp$inline_1022:Uw
listener$jscomp$inline_1051:Yw
method_cache__5601__auto__$jscomp$inline_1595:qi
method_table__5599__auto__$jscomp$inline_1593:oi
module$contents$goog$array_indexOf:Ja
module$contents$goog$labs$userAgent$platform_isIphone:Is
module$contents$goog$labs$userAgent$util_getNativeUserAgentString:Ga
module$contents$goog$labs$userAgent$util_matchUserAgent:Ha
module$contents$goog$math$Long_Long:na
module$contents$goog$math$Long_Long$fromBits:ma
module$contents$goog$math$Long_Long$fromNumber:pa
module$contents$goog$math$Long_Long$fromString:ua
module$contents$goog$math$Long_MAX_VALUE_:qa
module$contents$goog$math$Long_MIN_VALUE_:ra
module$contents$goog$math$Long_NEG_ONE_:Aa
module$contents$goog$math$Long_ONE_:za
module$contents$goog$math$Long_ZERO_:ta
module$contents$goog$object_PROTOTYPE_FIELDS:Ea
module$contents$goog$object_extend:Fa
module$contents$goog$object_get:Da
module$contents$goog$object_getKeys:Ca
module$contents$goog$object_map:Ba
module$node_modules$react$index:Kq
module$node_modules$react_dom$index:Fs
navigator$jscomp$inline_1027:Xw
opts$jscomp$inline_1021:Tw
parse_fn$jscomp$inline_1024:Ww
prefer_table__5600__auto__$jscomp$inline_1594:pi
re_frame$cofx$inject_db:bu
re_frame$core$reg_event_db:ou
re_frame$core$reg_event_fx$cljs$0core$0IFn$0_invoke$0arity$02:pu
re_frame$core$reg_sub$cljs$0core$0IFn$0_invoke$0arity$0variadic:qu
re_frame$core$subscribe$cljs$0core$0IFn$0_invoke$0arity$01:ru
re_frame$db$app_db:tt
re_frame$events$_STAR_handling_STAR_:It
re_frame$events$handle:Jt
re_frame$fx$dispatch_later:au
re_frame$fx$do_fx:$t
re_frame$interceptor$__GT_interceptor:Dt
re_frame$interceptor$assoc_coeffect:Ft
re_frame$interceptor$enqueue:Ht
re_frame$interceptor$get_coeffect$cljs$0core$0IFn$0_invoke$0arity$02:Et
re_frame$interceptor$invoke_interceptors:Gt
re_frame$interop$add_on_dispose_BANG_:qt
re_frame$interop$deref_QMARK_:pt
re_frame$interop$empty_queue:Ve
re_frame$interop$reagent_id:st
re_frame$interop$set_timeout_BANG_:rt
re_frame$loggers$console:vt
re_frame$loggers$loggers:ut
re_frame$registrar$clear_handlers:Ct
re_frame$registrar$get_handler$cljs$0core$0IFn$0_invoke$0arity$02:At
re_frame$registrar$kind__GT_id__GT_handler:zt
re_frame$registrar$register_handler:Bt
re_frame$router$dispatch:Zt
re_frame$router$event_queue:Yt
re_frame$router$later_fns:Rt
re_frame$settings$store:xt
re_frame$std_interceptors$db_handler__GT_interceptor:lu
re_frame$std_interceptors$fx_handler__GT_interceptor:mu
re_frame$std_interceptors$inject_global_interceptors:nu
re_frame$subs$cache_and_return:Lt
re_frame$subs$cache_lookup$cljs$0core$0IFn$0_invoke$0arity$02:Mt
re_frame$subs$deref_input_signals:Pt
re_frame$subs$map_vals:Ot
re_frame$subs$query__GT_reaction:Kt
re_frame$subs$reg_sub:Qt
re_frame$subs$subscribe:Nt
re_frame$utils$first_in_vector:wt
reagent$core$after_render:Es
reagent$dom$render_comp:Hs
reagent$dom$roots:Gs
reagent$impl$batching$RenderQueue:gr
reagent$impl$batching$compare_mount_order:cr
reagent$impl$batching$enqueue:fr
reagent$impl$batching$fake_raf:ar
reagent$impl$batching$mount_count:$q
reagent$impl$batching$next_tick:br
reagent$impl$batching$queue_render:ir
reagent$impl$batching$ratom_flush:dr
reagent$impl$batching$render_queue:hr
reagent$impl$batching$run_funs:er
reagent$impl$component$_STAR_current_component_STAR_:Lr
reagent$impl$component$built_in_static_method_names:ih
reagent$impl$component$cache_react_class:Xr
reagent$impl$component$camelify_map_keys:Sr
reagent$impl$component$cljsify:Vr
reagent$impl$component$create_class:Wr
reagent$impl$component$custom_wrapper:Pr
reagent$impl$component$dash_to_method_name:Rr
reagent$impl$component$functional_render:Zr
reagent$impl$component$functional_render_fn:as
reagent$impl$component$functional_render_memo_fn:$r
reagent$impl$component$functional_wrap_render:Yr
reagent$impl$component$map_to_js:Ur
reagent$impl$component$obligatory:Qr
reagent$impl$component$props_argv:Mr
reagent$impl$component$rat_opts:Kr
reagent$impl$component$reagent_class_QMARK_:Nr
reagent$impl$component$wrap_funs:Tr
reagent$impl$component$wrap_render:Or
reagent$impl$input$input_component_set_value:ds
reagent$impl$input$input_handle_change:es
reagent$impl$input$input_node_set_value:cs
reagent$impl$input$input_render_setup:fs
reagent$impl$input$input_spec:gs
reagent$impl$input$these_inputs_have_selection_api:bs
reagent$impl$protocols$as_element:lr
reagent$impl$protocols$get_id:jr
reagent$impl$protocols$make_element:mr
reagent$impl$protocols$parse_tag:kr
reagent$impl$template$HiccupTag:qs
reagent$impl$template$cache_get:js
reagent$impl$template$convert_custom_prop_value:os
reagent$impl$template$convert_prop_value:ls
reagent$impl$template$custom_kv_conv:ns
reagent$impl$template$custom_prop_name_cache:ms
reagent$impl$template$default_compiler:zs
reagent$impl$template$expand_seq:ws
reagent$impl$template$function_element:ss
reagent$impl$template$kv_conv:ks
reagent$impl$template$make_element:ps
reagent$impl$template$maybe_function_element:ts
reagent$impl$template$native_element:vs
reagent$impl$template$prop_name_cache:is
reagent$impl$template$re_tag:hs
reagent$impl$template$reag_element:rs
reagent$impl$template$t_reagent$0impl$0template8516:ys
reagent$impl$template$tag_name_cache:us
reagent$impl$template$vec_to_elem:xs
reagent$impl$util$_STAR_always_update_STAR_:Xq
reagent$impl$util$capitalize:Sq
reagent$impl$util$class_names:Wq
reagent$impl$util$dash_to_prop_name:Tq
reagent$impl$util$dont_camel_case:Rq
reagent$impl$util$fun_name:Uq
reagent$impl$util$get_react_key:Yq
reagent$impl$util$is_client:Qq
reagent$impl$util$named_QMARK_:Vq
reagent$impl$util$react_key_from_vec:Zq
reagent$ratom$RAtom:yr
reagent$ratom$RCursor:Dr
reagent$ratom$Reaction:Gr
reagent$ratom$Track:Cr
reagent$ratom$_STAR_ratom_context_STAR_:qr
reagent$ratom$add_on_dispose_BANG_:Fr
reagent$ratom$add_w:tr
reagent$ratom$atom:zr
reagent$ratom$cached_reaction:Ar
reagent$ratom$deref_capture:rr
reagent$ratom$dispose_BANG_:Er
reagent$ratom$flush_BANG_:Hr
reagent$ratom$handle_reaction_change:ec
reagent$ratom$make_reaction:Br
reagent$ratom$notify_deref_watcher_BANG_:sr
reagent$ratom$notify_w:vr
reagent$ratom$pr_atom:wr
reagent$ratom$rea_queue:xr
reagent$ratom$remove_w:ur
reagent$ratom$run_in_reaction:Jr
reagent$ratom$temp_reaction:Ir
req$jscomp$inline_1247:Zw
shadow$js$files:Gq
shadow$js$jsRequire:Jq
shadow$js$nativeProvides:Hq
shadow$js$requireStack:Iq
